Component: ARM Compiler 5.06 update 1 (build 61) Tool: armlink [4d35a8]

==============================================================================

Section Cross References

    startup_stm32f407xx.o(STACK) refers (Special) to heapauxi.o(.text) for __use_two_region_memory
    startup_stm32f407xx.o(HEAP) refers (Special) to heapauxi.o(.text) for __use_two_region_memory
    startup_stm32f407xx.o(RESET) refers (Special) to heapauxi.o(.text) for __use_two_region_memory
    startup_stm32f407xx.o(RESET) refers to startup_stm32f407xx.o(STACK) for __initial_sp
    startup_stm32f407xx.o(RESET) refers to startup_stm32f407xx.o(.text) for Reset_Handler
    startup_stm32f407xx.o(RESET) refers to stm32f4xx_it.o(i.NMI_Handler) for NMI_Handler
    startup_stm32f407xx.o(RESET) refers to stm32f4xx_it.o(i.HardFault_Handler) for HardFault_Handler
    startup_stm32f407xx.o(RESET) refers to stm32f4xx_it.o(i.MemManage_Handler) for MemManage_Handler
    startup_stm32f407xx.o(RESET) refers to stm32f4xx_it.o(i.BusFault_Handler) for BusFault_Handler
    startup_stm32f407xx.o(RESET) refers to stm32f4xx_it.o(i.UsageFault_Handler) for UsageFault_Handler
    startup_stm32f407xx.o(RESET) refers to stm32f4xx_it.o(i.SVC_Handler) for SVC_Handler
    startup_stm32f407xx.o(RESET) refers to stm32f4xx_it.o(i.DebugMon_Handler) for DebugMon_Handler
    startup_stm32f407xx.o(RESET) refers to stm32f4xx_it.o(i.PendSV_Handler) for PendSV_Handler
    startup_stm32f407xx.o(RESET) refers to stm32f4xx_it.o(i.SysTick_Handler) for SysTick_Handler
    startup_stm32f407xx.o(RESET) refers to usmart_port.o(i.TIM4_IRQHandler) for TIM4_IRQHandler
    startup_stm32f407xx.o(RESET) refers to usart.o(i.USART2_IRQHandler) for USART2_IRQHandler
    startup_stm32f407xx.o(.text) refers (Special) to heapauxi.o(.text) for __use_two_region_memory
    startup_stm32f407xx.o(.text) refers to system_stm32f4xx.o(i.SystemInit) for SystemInit
    startup_stm32f407xx.o(.text) refers to __main.o(!!!main) for __main
    startup_stm32f407xx.o(.text) refers to startup_stm32f407xx.o(HEAP) for Heap_Mem
    startup_stm32f407xx.o(.text) refers to startup_stm32f407xx.o(STACK) for Stack_Mem
    main.o(i.main) refers to stm32f4xx_hal.o(i.HAL_Init) for HAL_Init
    main.o(i.main) refers to sys.o(i.sys_stm32_clock_init) for sys_stm32_clock_init
    main.o(i.main) refers to delay.o(i.delay_init) for delay_init
    main.o(i.main) refers to usart.o(i.usart_init) for usart_init
    main.o(i.main) refers to led.o(i.led_init) for led_init
    main.o(i.main) refers to key.o(i.key_init) for key_init
    main.o(i.main) refers to oled.o(i.oled_init) for oled_init
    main.o(i.main) refers to oled.o(i.oled_show_string) for oled_show_string
    main.o(i.main) refers to oled.o(i.oled_refresh) for oled_refresh
    main.o(i.main) refers to demo.o(i.hardware_test_run) for hardware_test_run
    stm32f4xx_it.o(i.SysTick_Handler) refers to stm32f4xx_hal.o(i.HAL_IncTick) for HAL_IncTick
    system_stm32f4xx.o(i.SystemCoreClockUpdate) refers to system_stm32f4xx.o(.data) for SystemCoreClock
    system_stm32f4xx.o(i.SystemCoreClockUpdate) refers to system_stm32f4xx.o(.constdata) for AHBPrescTable
    demo.o(i.display_test_results) refers to oled.o(i.oled_clear) for oled_clear
    demo.o(i.display_test_results) refers to oled.o(i.oled_draw_rect) for oled_draw_rect
    demo.o(i.display_test_results) refers to oled.o(i.oled_draw_line) for oled_draw_line
    demo.o(i.display_test_results) refers to oled.o(i.oled_fill_rect) for oled_fill_rect
    demo.o(i.display_test_results) refers to oled.o(i.oled_refresh) for oled_refresh
    demo.o(i.display_test_results) refers to demo.o(.data) for g_test_status
    demo.o(i.hardware_test_run) refers to _printf_percent.o(.ARM.Collect$$_printf_percent$$00000000) for _printf_percent
    demo.o(i.hardware_test_run) refers to _printf_s.o(.ARM.Collect$$_printf_percent$$00000014) for _printf_s
    demo.o(i.hardware_test_run) refers to _printf_str.o(.text) for _printf_str
    demo.o(i.hardware_test_run) refers to noretval__2printf.o(.text) for __2printf
    demo.o(i.hardware_test_run) refers to demo.o(i.test_oled) for test_oled
    demo.o(i.hardware_test_run) refers to demo.o(i.test_eeprom) for test_eeprom
    demo.o(i.hardware_test_run) refers to demo.o(i.test_sdcard) for test_sdcard
    demo.o(i.hardware_test_run) refers to demo.o(i.test_key) for test_key
    demo.o(i.hardware_test_run) refers to demo.o(i.display_test_results) for display_test_results
    demo.o(i.hardware_test_run) refers to stm32f4xx_hal_gpio.o(i.HAL_GPIO_TogglePin) for HAL_GPIO_TogglePin
    demo.o(i.hardware_test_run) refers to delay.o(i.delay_ms) for delay_ms
    demo.o(i.hardware_test_run) refers to demo.o(.data) for g_test_status
    demo.o(i.test_eeprom) refers to _printf_pad.o(.text) for _printf_pre_padding
    demo.o(i.test_eeprom) refers to _printf_percent.o(.ARM.Collect$$_printf_percent$$00000000) for _printf_percent
[...]
    i.iic_nack                               0x080043ac   Section        0  myiic.o(i.iic_nack)
    i.iic_read_byte                          0x080043ec   Section        0  myiic.o(i.iic_read_byte)
    i.iic_send_byte                          0x0800444c   Section        0  myiic.o(i.iic_send_byte)
    i.iic_start                              0x080044bc   Section        0  myiic.o(i.iic_start)
    i.iic_stop                               0x0800450c   Section        0  myiic.o(i.iic_stop)
    i.iic_wait_ack                           0x0800454c   Section        0  myiic.o(i.iic_wait_ack)
    i.key_init                               0x080045b4   Section        0  key.o(i.key_init)
    i.key_scan                               0x08004670   Section        0  key.o(i.key_scan)
    i.led_init                               0x08004710   Section        0  led.o(i.led_init)
    i.main                                   0x080047a8   Section        0  main.o(i.main)
    i.oled_clear                             0x080047f4   Section        0  oled.o(i.oled_clear)
    i.oled_draw_circle                       0x080047fe   Section        0  oled.o(i.oled_draw_circle)
    i.oled_draw_hline                        0x080048b6   Section        0  oled.o(i.oled_draw_hline)
    i.oled_draw_line                         0x080048de   Section        0  oled.o(i.oled_draw_line)
    i.oled_draw_pixel                        0x0800497c   Section        0  oled.o(i.oled_draw_pixel)
    i.oled_draw_rect                         0x080049d0   Section        0  oled.o(i.oled_draw_rect)
    i.oled_draw_vline                        0x08004a24   Section        0  oled.o(i.oled_draw_vline)
    i.oled_fill                              0x08004a4c   Section        0  oled.o(i.oled_fill)
    i.oled_fill_rect                         0x08004a6c   Section        0  oled.o(i.oled_fill_rect)
    i.oled_i2c_init                          0x08004a9c   Section        0  oled.o(i.oled_i2c_init)
    oled_i2c_init                            0x08004a9d   Thumb Code    42  oled.o(i.oled_i2c_init)
    i.oled_init                              0x08004ad4   Section        0  oled.o(i.oled_init)
    i.oled_refresh                           0x08004b88   Section        0  oled.o(i.oled_refresh)
    i.oled_show_char                         0x08004bc8   Section        0  oled.o(i.oled_show_char)
    i.oled_show_string                       0x08004bca   Section        0  oled.o(i.oled_show_string)
    i.oled_write_cmd                         0x08004c00   Section        0  oled.o(i.oled_write_cmd)
    oled_write_cmd                           0x08004c01   Thumb Code    32  oled.o(i.oled_write_cmd)
    i.oled_write_data                        0x08004c24   Section        0  oled.o(i.oled_write_data)
    oled_write_data                          0x08004c25   Thumb Code    60  oled.o(i.oled_write_data)
    i.read_addr                              0x08004c64   Section        0  usmart.o(i.read_addr)
    i.sd_init                                0x08004c6c   Section        0  sdio_sdcard.o(i.sd_init)
    i.spi1_read_write_byte                   0x08004cbc   Section        0  spi.o(i.spi1_read_write_byte)
    i.spi1_set_speed                         0x08004cdc   Section        0  spi.o(i.spi1_set_speed)
    i.sys_stm32_clock_init                   0x08004d24   Section        0  sys.o(i.sys_stm32_clock_init)
    i.test_eeprom                            0x08004df0   Section        0  demo.o(i.test_eeprom)
    test_eeprom                              0x08004df1   Thumb Code   158  demo.o(i.test_eeprom)
    i.test_key                               0x08004fa0   Section        0  demo.o(i.test_key)
    test_key                                 0x08004fa1   Thumb Code   136  demo.o(i.test_key)
    i.test_oled                              0x080050f8   Section        0  demo.o(i.test_oled)
    test_oled                                0x080050f9   Thumb Code   210  demo.o(i.test_oled)
    i.test_sdcard                            0x08005210   Section        0  demo.o(i.test_sdcard)
    test_sdcard                              0x08005211   Thumb Code   128  demo.o(i.test_sdcard)
    i.usart_init                             0x080053a4   Section        0  usart.o(i.usart_init)
    i.usmart_cmd_rec                         0x080053dc   Section        0  usmart.o(i.usmart_cmd_rec)
    i.usmart_exe                             0x0800548c   Section        0  usmart.o(i.usmart_exe)
    i.usmart_get_aparm                       0x08005760   Section        0  usmart_str.o(i.usmart_get_aparm)
    i.usmart_get_cmdname                     0x08005834   Section        0  usmart_str.o(i.usmart_get_cmdname)
    i.usmart_get_fname                       0x0800586c   Section        0  usmart_str.o(i.usmart_get_fname)
    i.usmart_get_fparam                      0x08005a2c   Section        0  usmart_str.o(i.usmart_get_fparam)
    i.usmart_get_input_string                0x08005b38   Section        0  usmart_port.o(i.usmart_get_input_string)
    i.usmart_get_parmpos                     0x08005b60   Section        0  usmart_str.o(i.usmart_get_parmpos)
    i.usmart_init                            0x08005b80   Section        0  usmart.o(i.usmart_init)
    i.usmart_pow                             0x08005ba8   Section        0  usmart_str.o(i.usmart_pow)
    i.usmart_scan                            0x08005bc0   Section        0  usmart.o(i.usmart_scan)
    i.usmart_search_nextc                    0x08005c68   Section        0  usmart_str.o(i.usmart_search_nextc)
    i.usmart_str2num                         0x08005c7e   Section        0  usmart_str.o(i.usmart_str2num)
    i.usmart_strcmp                          0x08005d84   Section        0  usmart_str.o(i.usmart_strcmp)
    i.usmart_strcopy                         0x08005da6   Section        0  usmart_str.o(i.usmart_strcopy)
    i.usmart_strlen                          0x08005dbc   Section        0  usmart_str.o(i.usmart_strlen)
    i.usmart_sys_cmd_exe                     0x08005dd4   Section        0  usmart.o(i.usmart_sys_cmd_exe)
    i.usmart_timx_get_time                   0x080064c8   Section        0  usmart_port.o(i.usmart_timx_get_time)
    i.usmart_timx_init                       0x0800650c   Section        0  usmart_port.o(i.usmart_timx_init)
    i.usmart_timx_reset_time                 0x08006570   Section        0  usmart_port.o(i.usmart_timx_reset_time)
    i.write_addr                             0x080065a4   Section        0  usmart.o(i.write_addr)
    x$fpl$fpinit                             0x080065a8   Section       10  fpinit.o(x$fpl$fpinit)
    $v0                                      0x080065a8   Number         0  fpinit.o(x$fpl$fpinit)
    .constdata                               0x080065b2   Section       24  system_stm32f4xx.o(.constdata)
    .constdata                               0x080065ca   Section       64  atk_mo1053.o(.constdata)
    .constdata                               0x0800660a   Section       40  _printf_hex_int.o(.constdata)
    uc_hextab                                0x0800660a   Data          20  _printf_hex_int.o(.constdata)
    lc_hextab                                0x0800661e   Data          20  _printf_hex_int.o(.constdata)
    .constdata                               0x08006632   Section       17  __printf_flags_ss_wp.o(.constdata)
    maptable                                 0x08006632   Data          17  __printf_flags_ss_wp.o(.constdata)
    .conststring                             0x08006644   Section       40  usmart.o(.conststring)
    .conststring                             0x0800666c   Section      405  usmart_config.o(.conststring)
    .data                                    0x20000000   Section        4  system_stm32f4xx.o(.data)
    .data                                    0x20000004   Section        4  demo.o(.data)
    g_test_status                            0x20000004   Data           4  demo.o(.data)
    .data                                    0x20000008   Section        4  delay.o(.data)
    g_fac_us                                 0x20000008   Data           4  delay.o(.data)
    .data                                    0x2000000c   Section        7  usart.o(.data)
    .data                                    0x20000014   Section        9  stm32f4xx_hal.o(.data)
    .data                                    0x2000001d   Section        1  key.o(.data)
    key_up                                   0x2000001d   Data           1  key.o(.data)
    .data                                    0x20000020   Section       28  usmart.o(.data)
    .data                                    0x2000003c   Section      324  usmart_config.o(.data)
    .bss                                     0x20000180   Section      268  usart.o(.bss)
    .bss                                     0x2000028c   Section      676  sdio_sdcard.o(.bss)
    .bss                                     0x20000530   Section       88  spi.o(.bss)
    .bss                                     0x20000588   Section     1108  oled.o(.bss)
    hi2c1                                    0x20000588   Data          84  oled.o(.bss)
    oled_buffer                              0x200005dc   Data        1024  oled.o(.bss)
    .bss                                     0x200009dc   Section       72  usmart_port.o(.bss)
    .bss                                     0x20000a24   Section       96  libspace.o(.bss)
    HEAP                                     0x20000a88   Section        0  startup_stm32f407xx.o(HEAP)
    STACK                                    0x20000a88   Section     1024  startup_stm32f407xx.o(STACK)
    Heap_Mem                                 0x20000a88   Data           0  startup_stm32f407xx.o(HEAP)
    Stack_Mem                                0x20000a88   Data        1024  startup_stm32f407xx.o(STACK)
    __initial_sp                             0x20000e88   Data           0  startup_stm32f407xx.o(STACK)
    .ARM.__AT_0x68000000                     0x68000000   Section    986112  malloc.o(.ARM.__AT_0x68000000)
    mem2base                                 0x68000000   Data       986112  malloc.o(.ARM.__AT_0x68000000)
    .ARM.__AT_0x680F0C00                     0x680f0c00   Section    61632  malloc.o(.ARM.__AT_0x680F0C00)
    mem2mapbase                              0x680f0c00   Data       61632  malloc.o(.ARM.__AT_0x680F0C00)

    Global Symbols

    Symbol Name                              Value     Ov Type        Size  Object(Section)

    BuildAttributes$$THM_ISAv4$E$P$D$K$B$S$7EM$VFPi3$EXTD16$VFPS$VFMA$PE$A:L22UL41UL21$X:L11$S22US41US21$IEEE1$IW$USESV6$~STKCKD$USESV7$~SHL$OSPACE$ROPI$EBA8$UX$STANDARDLIB$REQ8$PRES8$EABIv2 0x00000000   Number         0  anon$$obj.o ABSOLUTE
    __ARM_use_no_argv                        0x00000000   Number         0  main.o ABSOLUTE
    _printf_flags                            0x00000000   Number         0  printf_stubs.o ABSOLUTE
    _printf_return_value                     0x00000000   Number         0  printf_stubs.o ABSOLUTE
    _printf_sizespec                         0x00000000   Number         0  printf_stubs.o ABSOLUTE
    _printf_widthprec                        0x00000000   Number         0  printf_stubs.o ABSOLUTE
    __ARM_exceptions_init                     - Undefined Weak Reference
    __alloca_initialize                       - Undefined Weak Reference
    __arm_preinit_                            - Undefined Weak Reference
    __cpp_initialize__aeabi_                  - Undefined Weak Reference
    __cxa_finalize                            - Undefined Weak Reference
    __rt_locale                               - Undefined Weak Reference
    __sigvec_lookup                           - Undefined Weak Reference
    _atexit_init                              - Undefined Weak Reference
    _call_atexit_fns                          - Undefined Weak Reference
    _clock_init                               - Undefined Weak Reference
    _fp_trap_init                             - Undefined Weak Reference
    _fp_trap_shutdown                         - Undefined Weak Reference
    _get_lc_collate                           - Undefined Weak Reference
    _get_lc_ctype                             - Undefined Weak Reference
    _get_lc_monetary                          - Undefined Weak Reference
    _get_lc_numeric                           - Undefined Weak Reference
    _get_lc_time                              - Undefined Weak Reference
    _getenv_init                              - Undefined Weak Reference
    _handle_redirection                       - Undefined Weak Reference
    _init_alloc                               - Undefined Weak Reference
    _init_user_alloc                          - Undefined Weak Reference
    _initio                                   - Undefined Weak Reference
    _mutex_acquire                            - Undefined Weak Reference
    _mutex_release                            - Undefined Weak Reference
    _printf_mbtowc                            - Undefined Weak Reference
    _printf_truncate_signed                   - Undefined Weak Reference
    _printf_truncate_unsigned                 - Undefined Weak Reference
    _rand_init                                - Undefined Weak Reference
    _signal_finish                            - Undefined Weak Reference
    _signal_init                              - Undefined Weak Reference
    _terminate_alloc                          - Undefined Weak Reference
    _terminate_user_alloc                     - Undefined Weak Reference
    _terminateio                              - Undefined Weak Reference
    __Vectors_Size                           0x00000188   Number         0  startup_stm32f407xx.o ABSOLUTE
    __Vectors                                0x08000000   Data           4  startup_stm32f407xx.o(RESET)
    __Vectors_End                            0x08000188   Data           0  startup_stm32f407xx.o(RESET)
    __main                                   0x08000189   Thumb Code     8  __main.o(!!!main)
    __scatterload                            0x08000191   Thumb Code     0  __scatter.o(!!!scatter)
    __scatterload_rt2                        0x08000191   Thumb Code    44  __scatter.o(!!!scatter)
    __scatterload_rt2_thumb_only             0x08000191   Thumb Code     0  __scatter.o(!!!scatter)
    __scatterload_null                       0x0800019f   Thumb Code     0  __scatter.o(!!!scatter)
    __decompress                             0x080001c5   Thumb Code    90  __dczerorl2.o(!!dczerorl2)
    __decompress1                            0x080001c5   Thumb Code     0  __dczerorl2.o(!!dczerorl2)
    __scatterload_zeroinit                   0x08000221   Thumb Code    28  __scatter_zi.o(!!handler_zi)
    _printf_d                                0x0800023d   Thumb Code     0  _printf_d.o(.ARM.Collect$$_printf_percent$$00000009)
    _printf_percent                          0x0800023d   Thumb Code     0  _printf_percent.o(.ARM.Collect$$_printf_percent$$00000000)
    _printf_u                                0x08000243   Thumb Code     0  _printf_u.o(.ARM.Collect$$_printf_percent$$0000000A)
    _printf_x                                0x08000249   Thumb Code     0  _printf_x.o(.ARM.Collect$$_printf_percent$$0000000C)
    _printf_c                                0x0800024f   Thumb Code     0  _printf_c.o(.ARM.Collect$$_printf_percent$$00000013)
    _printf_s                                0x08000255   Thumb Code     0  _printf_s.o(.ARM.Collect$$_printf_percent$$00000014)
    _printf_percent_end                      0x0800025b   Thumb Code     0  _printf_percent_end.o(.ARM.Collect$$_printf_percent$$00000017)
    __rt_lib_init                            0x0800025f   Thumb Code     0  libinit.o(.ARM.Collect$$libinit$$00000000)
    __rt_lib_init_fp_1                       0x08000261   Thumb Code     0  libinit2.o(.ARM.Collect$$libinit$$00000001)
    __rt_lib_init_alloca_1                   0x08000265   Thumb Code     0  libinit2.o(.ARM.Collect$$libinit$$0000002E)
    __rt_lib_init_argv_1                     0x08000265   Thumb Code     0  libinit2.o(.ARM.Collect$$libinit$$0000002C)
    __rt_lib_init_atexit_1                   0x08000265   Thumb Code     0  libinit2.o(.ARM.Collect$$libinit$$0000001B)
    __rt_lib_init_clock_1                    0x08000265   Thumb Code     0  libinit2.o(.ARM.Collect$$libinit$$00000021)
    __rt_lib_init_cpp_1                      0x08000265   Thumb Code     0  libinit2.o(.ARM.Collect$$libinit$$00000032)
    __rt_lib_init_exceptions_1               0x08000265   Thumb Code     0  libinit2.o(.ARM.Collect$$libinit$$00000030)
    __rt_lib_init_fp_trap_1                  0x08000265   Thumb Code     0  libinit2.o(.ARM.Collect$$libinit$$0000001F)
    __rt_lib_init_getenv_1                   0x08000265   Thumb Code     0  libinit2.o(.ARM.Collect$$libinit$$00000023)
    __rt_lib_init_heap_1                     0x08000265   Thumb Code     0  libinit2.o(.ARM.Collect$$libinit$$0000000A)
    __rt_lib_init_lc_collate_1               0x08000265   Thumb Code     0  libinit2.o(.ARM.Collect$$libinit$$00000011)
    __rt_lib_init_lc_ctype_1                 0x08000265   Thumb Code     0  libinit2.o(.ARM.Collect$$libinit$$00000013)
    __rt_lib_init_lc_monetary_1              0x08000265   Thumb Code     0  libinit2.o(.ARM.Collect$$libinit$$00000015)
    __rt_lib_init_lc_numeric_1               0x08000265   Thumb Code     0  libinit2.o(.ARM.Collect$$libinit$$00000017)
    __rt_lib_init_lc_time_1                  0x08000265   Thumb Code     0  libinit2.o(.ARM.Collect$$libinit$$00000019)
    __rt_lib_init_preinit_1                  0x08000265   Thumb Code     0  libinit2.o(.ARM.Collect$$libinit$$00000004)
    __rt_lib_init_rand_1                     0x08000265   Thumb Code     0  libinit2.o(.ARM.Collect$$libinit$$0000000E)
    __rt_lib_init_return                     0x08000265   Thumb Code     0  libinit2.o(.ARM.Collect$$libinit$$00000033)
    __rt_lib_init_signal_1                   0x08000265   Thumb Code     0  libinit2.o(.ARM.Collect$$libinit$$0000001D)
    __rt_lib_init_stdio_1                    0x08000265   Thumb Code     0  libinit2.o(.ARM.Collect$$libinit$$00000025)
    __rt_lib_init_user_alloc_1               0x08000265   Thumb Code     0  libinit2.o(.ARM.Collect$$libinit$$0000000C)
    __rt_lib_shutdown                        0x08000267   Thumb Code     0  libshutdown.o(.ARM.Collect$$libshutdown$$00000000)
    __rt_lib_shutdown_cpp_1                  0x08000269   Thumb Code     0  libshutdown2.o(.ARM.Collect$$libshutdown$$00000002)
    __rt_lib_shutdown_fp_trap_1              0x08000269   Thumb Code     0  libshutdown2.o(.ARM.Collect$$libshutdown$$00000007)
    __rt_lib_shutdown_heap_1                 0x08000269   Thumb Code     0  libshutdown2.o(.ARM.Collect$$libshutdown$$0000000F)
    __rt_lib_shutdown_return                 0x08000269   Thumb Code     0  libshutdown2.o(.ARM.Collect$$libshutdown$$00000010)
    __rt_lib_shutdown_signal_1               0x08000269   Thumb Code     0  libshutdown2.o(.ARM.Collect$$libshutdown$$0000000A)
    __rt_lib_shutdown_stdio_1                0x08000269   Thumb Code     0  libshutdown2.o(.ARM.Collect$$libshutdown$$00000004)
    __rt_lib_shutdown_user_alloc_1           0x08000269   Thumb Code     0  libshutdown2.o(.ARM.Collect$$libshutdown$$0000000C)
    __rt_entry                               0x0800026b   Thumb Code     0  __rtentry.o(.ARM.Collect$$rtentry$$00000000)
    __rt_entry_presh_1                       0x0800026b   Thumb Code     0  __rtentry2.o(.ARM.Collect$$rtentry$$00000002)
    __rt_entry_sh                            0x0800026b   Thumb Code     0  __rtentry4.o(.ARM.Collect$$rtentry$$00000004)
    __rt_entry_li                            0x08000271   Thumb Code     0  __rtentry2.o(.ARM.Collect$$rtentry$$0000000A)
    __rt_entry_postsh_1                      0x08000271   Thumb Code     0  __rtentry2.o(.ARM.Collect$$rtentry$$00000009)
    __rt_entry_main                          0x08000275   Thumb Code     0  __rtentry2.o(.ARM.Collect$$rtentry$$0000000D)
    __rt_entry_postli_1                      0x08000275   Thumb Code     0  __rtentry2.o(.ARM.Collect$$rtentry$$0000000C)
    __rt_exit                                0x0800027d   Thumb Code     0  rtexit.o(.ARM.Collect$$rtexit$$00000000)
    __rt_exit_ls                             0x0800027f   Thumb Code     0  rtexit2.o(.ARM.Collect$$rtexit$$00000003)
    __rt_exit_prels_1                        0x0800027f   Thumb Code     0  rtexit2.o(.ARM.Collect$$rtexit$$00000002)
    __rt_exit_exit                           0x08000283   Thumb Code     0  rtexit2.o(.ARM.Collect$$rtexit$$00000004)
    Reset_Handler                            0x08000289   Thumb Code    18  startup_stm32f407xx.o(.text)
    ADC_IRQHandler                           0x080002ad   Thumb Code     0  startup_stm32f407xx.o(.text)
    CAN1_RX0_IRQHandler                      0x080002ad   Thumb Code     0  startup_stm32f407xx.o(.text)
    CAN1_RX1_IRQHandler                      0x080002ad   Thumb Code     0  startup_stm32f407xx.o(.text)
    CAN1_SCE_IRQHandler                      0x080002ad   Thumb Code     0  startup_stm32f407xx.o(.text)
    CAN1_TX_IRQHandler                       0x080002ad   Thumb Code     0  startup_stm32f407xx.o(.text)
    CAN2_RX0_IRQHandler                      0x080002ad   Thumb Code     0  startup_stm32f407xx.o(.text)
    CAN2_RX1_IRQHandler                      0x080002ad   Thumb Code     0  startup_stm32f407xx.o(.text)
    CAN2_SCE_IRQHandler                      0x080002ad   Thumb Code     0  startup_stm32f407xx.o(.text)
    CAN2_TX_IRQHandler                       0x080002ad   Thumb Code     0  startup_stm32f407xx.o(.text)
    DCMI_IRQHandler                          0x080002ad   Thumb Code     0  startup_stm32f407xx.o(.text)
    DMA1_Stream0_IRQHandler                  0x080002ad   Thumb Code     0  startup_stm32f407xx.o(.text)
    DMA1_Stream1_IRQHandler                  0x080002ad   Thumb Code     0  startup_stm32f407xx.o(.text)
    DMA1_Stream2_IRQHandler                  0x080002ad   Thumb Code     0  startup_stm32f407xx.o(.text)
    DMA1_Stream3_IRQHandler                  0x080002ad   Thumb Code     0  startup_stm32f407xx.o(.text)
    DMA1_Stream4_IRQHandler                  0x080002ad   Thumb Code     0  startup_stm32f407xx.o(.text)
    DMA1_Stream5_IRQHandler                  0x080002ad   Thumb Code     0  startup_stm32f407xx.o(.text)
    DMA1_Stream6_IRQHandler                  0x080002ad   Thumb Code     0  startup_stm32f407xx.o(.text)
    DMA1_Stream7_IRQHandler                  0x080002ad   Thumb Code     0  startup_stm32f407xx.o(.text)
    DMA2_Stream0_IRQHandler                  0x080002ad   Thumb Code     0  startup_stm32f407xx.o(.text)
    DMA2_Stream1_IRQHandler                  0x080002ad   Thumb Code     0  startup_stm32f407xx.o(.text)
    DMA2_Stream2_IRQHandler                  0x080002ad   Thumb Code     0  startup_stm32f407xx.o(.text)
    DMA2_Stream3_IRQHandler                  0x080002ad   Thumb Code     0  startup_stm32f407xx.o(.text)
    DMA2_Stream4_IRQHandler                  0x080002ad   Thumb Code     0  startup_stm32f407xx.o(.text)
    DMA2_Stream5_IRQHandler                  0x080002ad   Thumb Code     0  startup_stm32f407xx.o(.text)
    DMA2_Stream6_IRQHandler                  0x080002ad   Thumb Code     0  startup_stm32f407xx.o(.text)
    DMA2_Stream7_IRQHandler                  0x080002ad   Thumb Code     0  startup_stm32f407xx.o(.text)
    ETH_IRQHandler                           0x080002ad   Thumb Code     0  startup_stm32f407xx.o(.text)
    ETH_WKUP_IRQHandler                      0x080002ad   Thumb Code     0  startup_stm32f407xx.o(.text)
    EXTI0_IRQHandler                         0x080002ad   Thumb Code     0  startup_stm32f407xx.o(.text)
    EXTI15_10_IRQHandler                     0x080002ad   Thumb Code     0  startup_stm32f407xx.o(.text)
    EXTI1_IRQHandler                         0x080002ad   Thumb Code     0  startup_stm32f407xx.o(.text)
    EXTI2_IRQHandler                         0x080002ad   Thumb Code     0  startup_stm32f407xx.o(.text)
    EXTI3_IRQHandler                         0x080002ad   Thumb Code     0  startup_stm32f407xx.o(.text)
    EXTI4_IRQHandler                         0x080002ad   Thumb Code     0  startup_stm32f407xx.o(.text)
    EXTI9_5_IRQHandler                       0x080002ad   Thumb Code     0  startup_stm32f407xx.o(.text)
    FLASH_IRQHandler                         0x080002ad   Thumb Code     0  startup_stm32f407xx.o(.text)
    FMC_IRQHandler                           0x080002ad   Thumb Code     0  startup_stm32f407xx.o(.text)
    FPU_IRQHandler                           0x080002ad   Thumb Code     0  startup_stm32f407xx.o(.text)
    HASH_RNG_IRQHandler                      0x080002ad   Thumb Code     0  startup_stm32f407xx.o(.text)
    I2C1_ER_IRQHandler                       0x080002ad   Thumb Code     0  startup_stm32f407xx.o(.text)
    I2C1_EV_IRQHandler                       0x080002ad   Thumb Code     0  startup_stm32f407xx.o(.text)
    I2C2_ER_IRQHandler                       0x080002ad   Thumb Code     0  startup_stm32f407xx.o(.text)
    I2C2_EV_IRQHandler                       0x080002ad   Thumb Code     0  startup_stm32f407xx.o(.text)
    I2C3_ER_IRQHandler                       0x080002ad   Thumb Code     0  startup_stm32f407xx.o(.text)
    I2C3_EV_IRQHandler                       0x080002ad   Thumb Code     0  startup_stm32f407xx.o(.text)
    OTG_FS_IRQHandler                        0x080002ad   Thumb Code     0  startup_stm32f407xx.o(.text)
    OTG_FS_WKUP_IRQHandler                   0x080002ad   Thumb Code     0  startup_stm32f407xx.o(.text)
    OTG_HS_EP1_IN_IRQHandler                 0x080002ad   Thumb Code     0  startup_stm32f407xx.o(.text)
    OTG_HS_EP1_OUT_IRQHandler                0x080002ad   Thumb Code     0  startup_stm32f407xx.o(.text)
    OTG_HS_IRQHandler                        0x080002ad   Thumb Code     0  startup_stm32f407xx.o(.text)
    OTG_HS_WKUP_IRQHandler                   0x080002ad   Thumb Code     0  startup_stm32f407xx.o(.text)
    PVD_IRQHandler                           0x080002ad   Thumb Code     0  startup_stm32f407xx.o(.text)
    RCC_IRQHandler                           0x080002ad   Thumb Code     0  startup_stm32f407xx.o(.text)
    RTC_Alarm_IRQHandler                     0x080002ad   Thumb Code     0  startup_stm32f407xx.o(.text)
    RTC_WKUP_IRQHandler                      0x080002ad   Thumb Code     0  startup_stm32f407xx.o(.text)
    SDIO_IRQHandler                          0x080002ad   Thumb Code     0  startup_stm32f407xx.o(.text)
    SPI1_IRQHandler                          0x080002ad   Thumb Code     0  startup_stm32f407xx.o(.text)
    SPI2_IRQHandler                          0x080002ad   Thumb Code     0  startup_stm32f407xx.o(.text)
    SPI3_IRQHandler                          0x080002ad   Thumb Code     0  startup_stm32f407xx.o(.text)
    TAMP_STAMP_IRQHandler                    0x080002ad   Thumb Code     0  startup_stm32f407xx.o(.text)
    TIM1_BRK_TIM9_IRQHandler                 0x080002ad   Thumb Code     0  startup_stm32f407xx.o(.text)
    TIM1_CC_IRQHandler                       0x080002ad   Thumb Code     0  startup_stm32f407xx.o(.text)
    TIM1_TRG_COM_TIM11_IRQHandler            0x080002ad   Thumb Code     0  startup_stm32f407xx.o(.text)
    TIM1_UP_TIM10_IRQHandler                 0x080002ad   Thumb Code     0  startup_stm32f407xx.o(.text)
    TIM2_IRQHandler                          0x080002ad   Thumb Code     0  startup_stm32f407xx.o(.text)
    TIM3_IRQHandler                          0x080002ad   Thumb Code     0  startup_stm32f407xx.o(.text)
    TIM5_IRQHandler                          0x080002ad   Thumb Code     0  startup_stm32f407xx.o(.text)
    TIM6_DAC_IRQHandler                      0x080002ad   Thumb Code     0  startup_stm32f407xx.o(.text)
    TIM7_IRQHandler                          0x080002ad   Thumb Code     0  startup_stm32f407xx.o(.text)
    TIM8_BRK_TIM12_IRQHandler                0x080002ad   Thumb Code     0  startup_stm32f407xx.o(.text)
    TIM8_CC_IRQHandler                       0x080002ad   Thumb Code     0  startup_stm32f407xx.o(.text)
    TIM8_TRG_COM_TIM14_IRQHandler            0x080002ad   Thumb Code     0  startup_stm32f407xx.o(.text)
    TIM8_UP_TIM13_IRQHandler                 0x080002ad   Thumb Code     0  startup_stm32f407xx.o(.text)
    UART4_IRQHandler                         0x080002ad   Thumb Code     0  startup_stm32f407xx.o(.text)
    UART5_IRQHandler                         0x080002ad   Thumb Code     0  startup_stm32f407xx.o(.text)
    USART1_IRQHandler                        0x080002ad   Thumb Code     0  startup_stm32f407xx.o(.text)
    USART3_IRQHandler                        0x080002ad   Thumb Code     0  startup_stm32f407xx.o(.text)
    USART6_IRQHandler                        0x080002ad   Thumb Code     0  startup_stm32f407xx.o(.text)
    WWDG_IRQHandler                          0x080002ad   Thumb Code     0  startup_stm32f407xx.o(.text)
    __user_initial_stackheap                 0x080002b1   Thumb Code     0  startup_stm32f407xx.o(.text)
    __use_no_semihosting                     0x080002d5   Thumb Code     2  use_no_semi_2.o(.text)
    __aeabi_uldivmod                         0x080002d7   Thumb Code     0  lludivv7m.o(.text)
    _ll_udiv                                 0x080002d7   Thumb Code   238  lludivv7m.o(.text)
    __2printf                                0x080003c5   Thumb Code    20  noretval__2printf.o(.text)
    _printf_pre_padding                      0x080003dd   Thumb Code    44  _printf_pad.o(.text)
    _printf_post_padding                     0x08000409   Thumb Code    34  _printf_pad.o(.text)
    _printf_str                              0x0800042b   Thumb Code    82  _printf_str.o(.text)
    _printf_int_dec                          0x0800047d   Thumb Code   104  _printf_dec.o(.text)
    _printf_int_hex                          0x080004f5   Thumb Code    84  _printf_hex_int.o(.text)
    _printf_longlong_hex                     0x080004f5   Thumb Code     0  _printf_hex_int.o(.text)
    __printf                                 0x0800054d   Thumb Code   388  __printf_flags_ss_wp.o(.text)
    __aeabi_memset                           0x080006d5   Thumb Code    16  aeabi_memset.o(.text)
    __use_two_region_memory                  0x080006e5   Thumb Code     2  heapauxi.o(.text)
    __rt_heap_escrow$2region                 0x080006e7   Thumb Code     2  heapauxi.o(.text)
    __rt_heap_expand$2region                 0x080006e9   Thumb Code     2  heapauxi.o(.text)
    __semihosting$guard                      0x080006eb   Thumb Code     0  use_no_semi.o(.text)
    __use_no_semihosting_swi                 0x080006eb   Thumb Code     2  use_no_semi.o(.text)
    _printf_int_common                       0x080006ed   Thumb Code   178  _printf_intcommon.o(.text)
    _printf_cs_common                        0x0800079f   Thumb Code    20  _printf_char.o(.text)
    _printf_char                             0x080007b3   Thumb Code    16  _printf_char.o(.text)
    _printf_string                           0x080007c3   Thumb Code     8  _printf_char.o(.text)
    _printf_char_file                        0x080007cd   Thumb Code    32  _printf_char_file.o(.text)
    __aeabi_memclr                           0x080007f1   Thumb Code     0  rt_memclr.o(.text)
    __rt_memclr                              0x080007f1   Thumb Code    68  rt_memclr.o(.text)
    _memset                                  0x080007f5   Thumb Code     0  rt_memclr.o(.text)
    _printf_char_common                      0x0800083f   Thumb Code    32  _printf_char_common.o(.text)
    ferror                                   0x08000865   Thumb Code     8  ferror.o(.text)
    __aeabi_memclr4                          0x0800086d   Thumb Code     0  rt_memclr_w.o(.text)
    __aeabi_memclr8                          0x0800086d   Thumb Code     0  rt_memclr_w.o(.text)
    __rt_memclr_w                            0x0800086d   Thumb Code    78  rt_memclr_w.o(.text)
    _memset_w                                0x08000871   Thumb Code     0  rt_memclr_w.o(.text)
    __user_setup_stackheap                   0x080008bb   Thumb Code    74  sys_stackheap_outer.o(.text)
    exit                                     0x08000905   Thumb Code    18  exit.o(.text)
    __user_libspace                          0x08000919   Thumb Code     8  libspace.o(.text)
    __user_perproc_libspace                  0x08000919   Thumb Code     0  libspace.o(.text)
    __user_perthread_libspace                0x08000919   Thumb Code     0  libspace.o(.text)
    BusFault_Handler                         0x08000921   Thumb Code     4  stm32f4xx_it.o(i.BusFault_Handler)
    DebugMon_Handler                         0x08000925   Thumb Code     2  stm32f4xx_it.o(i.DebugMon_Handler)
    HAL_DMA_Abort                            0x08000927   Thumb Code   170  stm32f4xx_hal_dma.o(i.HAL_DMA_Abort)
    HAL_DMA_Abort_IT                         0x080009d1   Thumb Code    40  stm32f4xx_hal_dma.o(i.HAL_DMA_Abort_IT)
    HAL_Delay                                0x080009f9   Thumb Code    12  delay.o(i.HAL_Delay)
    HAL_GPIO_Init                            0x08000a05   Thumb Code   470  stm32f4xx_hal_gpio.o(i.HAL_GPIO_Init)
    HAL_GPIO_ReadPin                         0x08000c09   Thumb Code    16  stm32f4xx_hal_gpio.o(i.HAL_GPIO_ReadPin)
    HAL_GPIO_TogglePin                       0x08000c19   Thumb Code    20  stm32f4xx_hal_gpio.o(i.HAL_GPIO_TogglePin)
    HAL_GPIO_WritePin                        0x08000c2d   Thumb Code    12  stm32f4xx_hal_gpio.o(i.HAL_GPIO_WritePin)
    HAL_GetREVID                             0x08000c39   Thumb Code     8  stm32f4xx_hal.o(i.HAL_GetREVID)
    HAL_GetTick                              0x08000c45   Thumb Code     6  stm32f4xx_hal.o(i.HAL_GetTick)
    HAL_I2C_Init                             0x08000c51   Thumb Code   446  stm32f4xx_hal_i2c.o(i.HAL_I2C_Init)
    HAL_I2C_Master_Transmit                  0x08000e21   Thumb Code   360  stm32f4xx_hal_i2c.o(i.HAL_I2C_Master_Transmit)
    HAL_I2C_MspInit                          0x08000f91   Thumb Code   114  oled.o(i.HAL_I2C_MspInit)
    HAL_IncTick                              0x08001011   Thumb Code    16  stm32f4xx_hal.o(i.HAL_IncTick)
    HAL_Init                                 0x08001029   Thumb Code    44  stm32f4xx_hal.o(i.HAL_Init)
    HAL_InitTick                             0x08001059   Thumb Code    64  stm32f4xx_hal.o(i.HAL_InitTick)
    HAL_MspInit                              0x080010a5   Thumb Code     2  stm32f4xx_hal.o(i.HAL_MspInit)
    HAL_NVIC_EnableIRQ                       0x080010a7   Thumb Code    32  stm32f4xx_hal_cortex.o(i.HAL_NVIC_EnableIRQ)
    HAL_NVIC_SetPriority                     0x080010c7   Thumb Code   124  stm32f4xx_hal_cortex.o(i.HAL_NVIC_SetPriority)
    HAL_NVIC_SetPriorityGrouping             0x08001145   Thumb Code    32  stm32f4xx_hal_cortex.o(i.HAL_NVIC_SetPriorityGrouping)
    HAL_RCC_ClockConfig                      0x0800116d   Thumb Code   368  stm32f4xx_hal_rcc.o(i.HAL_RCC_ClockConfig)
    HAL_RCC_GetHCLKFreq                      0x080012f1   Thumb Code     6  stm32f4xx_hal_rcc.o(i.HAL_RCC_GetHCLKFreq)
    HAL_RCC_GetPCLK1Freq                     0x080012fd   Thumb Code    22  stm32f4xx_hal_rcc.o(i.HAL_RCC_GetPCLK1Freq)
    HAL_RCC_GetPCLK2Freq                     0x0800131d   Thumb Code    22  stm32f4xx_hal_rcc.o(i.HAL_RCC_GetPCLK2Freq)
    HAL_RCC_GetSysClockFreq                  0x0800133d   Thumb Code   162  stm32f4xx_hal_rcc.o(i.HAL_RCC_GetSysClockFreq)
    HAL_RCC_OscConfig                        0x080013ed   Thumb Code  1172  stm32f4xx_hal_rcc.o(i.HAL_RCC_OscConfig)
    HAL_SD_ConfigWideBusOperation            0x08001889   Thumb Code   196  stm32f4xx_hal_sd.o(i.HAL_SD_ConfigWideBusOperation)
    HAL_SD_GetCardCSD                        0x08001951   Thumb Code   450  stm32f4xx_hal_sd.o(i.HAL_SD_GetCardCSD)
    HAL_SD_GetCardInfo                       0x08001b19   Thumb Code    38  stm32f4xx_hal_sd.o(i.HAL_SD_GetCardInfo)
    HAL_SD_Init                              0x08001b3f   Thumb Code    60  stm32f4xx_hal_sd.o(i.HAL_SD_Init)
    HAL_SD_InitCard                          0x08001b7d   Thumb Code   162  stm32f4xx_hal_sd.o(i.HAL_SD_InitCard)
    HAL_SD_MspInit                           0x08001c29   Thumb Code   362  sdio_sdcard.o(i.HAL_SD_MspInit)
    HAL_SPI_TransmitReceive                  0x08001da5   Thumb Code   722  stm32f4xx_hal_spi.o(i.HAL_SPI_TransmitReceive)
    HAL_SYSTICK_CLKSourceConfig              0x08002077   Thumb Code    40  stm32f4xx_hal_cortex.o(i.HAL_SYSTICK_CLKSourceConfig)
    HAL_SYSTICK_Config                       0x0800209f   Thumb Code    52  stm32f4xx_hal_cortex.o(i.HAL_SYSTICK_Config)
    HAL_TIM_Base_Init                        0x080020d3   Thumb Code   102  stm32f4xx_hal_tim.o(i.HAL_TIM_Base_Init)
    HAL_TIM_Base_MspInit                     0x08002139   Thumb Code     2  stm32f4xx_hal_tim.o(i.HAL_TIM_Base_MspInit)
    HAL_TIM_Base_Start_IT                    0x0800213d   Thumb Code   138  stm32f4xx_hal_tim.o(i.HAL_TIM_Base_Start_IT)
    HAL_UARTEx_RxEventCallback               0x080021e5   Thumb Code     2  stm32f4xx_hal_uart.o(i.HAL_UARTEx_RxEventCallback)
    HAL_UART_ErrorCallback                   0x080021e7   Thumb Code     2  stm32f4xx_hal_uart.o(i.HAL_UART_ErrorCallback)
    HAL_UART_IRQHandler                      0x080021e9   Thumb Code   586  stm32f4xx_hal_uart.o(i.HAL_UART_IRQHandler)
    HAL_UART_Init                            0x08002439   Thumb Code   114  stm32f4xx_hal_uart.o(i.HAL_UART_Init)
    HAL_UART_MspInit                         0x080024ad   Thumb Code   188  usart.o(i.HAL_UART_MspInit)
    HAL_UART_Receive_IT                      0x08002575   Thumb Code    66  stm32f4xx_hal_uart.o(i.HAL_UART_Receive_IT)
    HAL_UART_RxCpltCallback                  0x080025b9   Thumb Code   134  usart.o(i.HAL_UART_RxCpltCallback)
    HAL_UART_TxCpltCallback                  0x08002655   Thumb Code     2  stm32f4xx_hal_uart.o(i.HAL_UART_TxCpltCallback)
    HardFault_Handler                        0x08002657   Thumb Code     4  stm32f4xx_it.o(i.HardFault_Handler)
    MemManage_Handler                        0x0800295b   Thumb Code     4  stm32f4xx_it.o(i.MemManage_Handler)
    NMI_Handler                              0x0800295f   Thumb Code     2  stm32f4xx_it.o(i.NMI_Handler)
    PendSV_Handler                           0x08002961   Thumb Code     2  stm32f4xx_it.o(i.PendSV_Handler)
    SDIO_ConfigData                          0x08002963   Thumb Code    44  stm32f4xx_ll_sdmmc.o(i.SDIO_ConfigData)
    SDIO_GetCommandResponse                  0x0800298f   Thumb Code     8  stm32f4xx_ll_sdmmc.o(i.SDIO_GetCommandResponse)
    SDIO_GetPowerState                       0x08002997   Thumb Code    10  stm32f4xx_ll_sdmmc.o(i.SDIO_GetPowerState)
    SDIO_GetResponse                         0x080029a1   Thumb Code    12  stm32f4xx_ll_sdmmc.o(i.SDIO_GetResponse)
    SDIO_Init                                0x080029ad   Thumb Code    52  stm32f4xx_ll_sdmmc.o(i.SDIO_Init)
    SDIO_PowerState_ON                       0x080029e1   Thumb Code    18  stm32f4xx_ll_sdmmc.o(i.SDIO_PowerState_ON)
    SDIO_ReadFIFO                            0x080029f3   Thumb Code     8  stm32f4xx_ll_sdmmc.o(i.SDIO_ReadFIFO)
    SDIO_SendCommand                         0x080029fb   Thumb Code    40  stm32f4xx_ll_sdmmc.o(i.SDIO_SendCommand)
    SDMMC_CmdAppCommand                      0x08002a23   Thumb Code    56  stm32f4xx_ll_sdmmc.o(i.SDMMC_CmdAppCommand)
    SDMMC_CmdAppOperCommand                  0x08002a5d   Thumb Code    54  stm32f4xx_ll_sdmmc.o(i.SDMMC_CmdAppOperCommand)
    SDMMC_CmdBlockLength                     0x08002a99   Thumb Code    56  stm32f4xx_ll_sdmmc.o(i.SDMMC_CmdBlockLength)
    SDMMC_CmdBusWidth                        0x08002ad1   Thumb Code    56  stm32f4xx_ll_sdmmc.o(i.SDMMC_CmdBusWidth)
    SDMMC_CmdGoIdleState                     0x08002b09   Thumb Code    44  stm32f4xx_ll_sdmmc.o(i.SDMMC_CmdGoIdleState)
    SDMMC_CmdOperCond                        0x08002b35   Thumb Code    52  stm32f4xx_ll_sdmmc.o(i.SDMMC_CmdOperCond)
    SDMMC_CmdSelDesel                        0x08002b69   Thumb Code    58  stm32f4xx_ll_sdmmc.o(i.SDMMC_CmdSelDesel)
    SDMMC_CmdSendCID                         0x08002ba3   Thumb Code    50  stm32f4xx_ll_sdmmc.o(i.SDMMC_CmdSendCID)
    SDMMC_CmdSendCSD                         0x08002bd5   Thumb Code    50  stm32f4xx_ll_sdmmc.o(i.SDMMC_CmdSendCSD)
    SDMMC_CmdSendSCR                         0x08002c07   Thumb Code    56  stm32f4xx_ll_sdmmc.o(i.SDMMC_CmdSendSCR)
    SDMMC_CmdSetRelAdd                       0x08002c3f   Thumb Code    56  stm32f4xx_ll_sdmmc.o(i.SDMMC_CmdSetRelAdd)
    SVC_Handler                              0x08003569   Thumb Code     2  stm32f4xx_it.o(i.SVC_Handler)
    SysTick_Handler                          0x0800356b   Thumb Code     8  stm32f4xx_it.o(i.SysTick_Handler)
    SystemInit                               0x08003575   Thumb Code    14  system_stm32f4xx.o(i.SystemInit)
    TIM4_IRQHandler                          0x08003589   Thumb Code    58  usmart_port.o(i.TIM4_IRQHandler)
    TIM_Base_SetConfig                       0x080035cd   Thumb Code   170  stm32f4xx_hal_tim.o(i.TIM_Base_SetConfig)
    UART_Start_Receive_IT                    0x080039f9   Thumb Code    70  stm32f4xx_hal_uart.o(i.UART_Start_Receive_IT)
    USART2_IRQHandler                        0x08003aa1   Thumb Code    10  usart.o(i.USART2_IRQHandler)
    UsageFault_Handler                       0x08003ab1   Thumb Code     4  stm32f4xx_it.o(i.UsageFault_Handler)
    _is_digit                                0x08003aed   Thumb Code    14  __printf_wp.o(i._is_digit)
    _sys_exit                                0x08003afb   Thumb Code     4  usart.o(i._sys_exit)
    at24cxx_check                            0x08003aff   Thumb Code    48  24cxx.o(i.at24cxx_check)
    at24cxx_read                             0x08003b2f   Thumb Code    36  24cxx.o(i.at24cxx_read)
    at24cxx_read_one_byte                    0x08003b53   Thumb Code    82  24cxx.o(i.at24cxx_read_one_byte)
    at24cxx_write                            0x08003ba5   Thumb Code    36  24cxx.o(i.at24cxx_write)
    at24cxx_write_one_byte                   0x08003bc9   Thumb Code    74  24cxx.o(i.at24cxx_write_one_byte)
    atk_mo1053_get_bitrate                   0x08003c15   Thumb Code   160  atk_mo1053.o(i.atk_mo1053_get_bitrate)
    atk_mo1053_get_byterate                  0x08003cb9   Thumb Code    12  atk_mo1053.o(i.atk_mo1053_get_byterate)
    atk_mo1053_read_reg                      0x08003cdd   Thumb Code   114  atk_mo1053.o(i.atk_mo1053_read_reg)
    atk_mo1053_set_effect                    0x08003d59   Thumb Code    50  atk_mo1053.o(i.atk_mo1053_set_effect)
    atk_mo1053_set_speaker                   0x08003d8b   Thumb Code    26  atk_mo1053.o(i.atk_mo1053_set_speaker)
    atk_mo1053_set_tone                      0x08003da5   Thumb Code    82  atk_mo1053.o(i.atk_mo1053_set_tone)
    atk_mo1053_set_volume                    0x08003df7   Thumb Code    38  atk_mo1053.o(i.atk_mo1053_set_volume)
    atk_mo1053_spi_read_write_byte           0x08003e1d   Thumb Code    12  atk_mo1053.o(i.atk_mo1053_spi_read_write_byte)
    atk_mo1053_spi_speed_high                0x08003e29   Thumb Code    10  atk_mo1053.o(i.atk_mo1053_spi_speed_high)
    atk_mo1053_spi_speed_low                 0x08003e33   Thumb Code    10  atk_mo1053.o(i.atk_mo1053_spi_speed_low)
    atk_mo1053_write_cmd                     0x08003e3d   Thumb Code    98  atk_mo1053.o(i.atk_mo1053_write_cmd)
    delay_init                               0x08003ed5   Thumb Code    16  delay.o(i.delay_init)
    delay_ms                                 0x08003ee9   Thumb Code    50  delay.o(i.delay_ms)
    delay_us                                 0x08003f1d   Thumb Code    68  delay.o(i.delay_us)
    fputc                                    0x08004065   Thumb Code    24  usart.o(i.fputc)
    get_sd_card_info                         0x08004081   Thumb Code    18  sdio_sdcard.o(i.get_sd_card_info)
    hardware_test_run                        0x08004099   Thumb Code   306  demo.o(i.hardware_test_run)
    iic_ack                                  0x0800434d   Thumb Code    80  myiic.o(i.iic_ack)
    iic_nack                                 0x080043ad   Thumb Code    60  myiic.o(i.iic_nack)
    iic_read_byte                            0x080043ed   Thumb Code    92  myiic.o(i.iic_read_byte)
    iic_send_byte                            0x0800444d   Thumb Code   106  myiic.o(i.iic_send_byte)
    iic_start                                0x080044bd   Thumb Code    76  myiic.o(i.iic_start)
    iic_stop                                 0x0800450d   Thumb Code    60  myiic.o(i.iic_stop)
    iic_wait_ack                             0x0800454d   Thumb Code   100  myiic.o(i.iic_wait_ack)
    key_init                                 0x080045b5   Thumb Code   178  key.o(i.key_init)
    key_scan                                 0x08004671   Thumb Code   152  key.o(i.key_scan)
    led_init                                 0x08004711   Thumb Code   142  led.o(i.led_init)
    main                                     0x080047a9   Thumb Code    68  main.o(i.main)
    oled_clear                               0x080047f5   Thumb Code    10  oled.o(i.oled_clear)
    oled_draw_circle                         0x080047ff   Thumb Code   184  oled.o(i.oled_draw_circle)
    oled_draw_hline                          0x080048b7   Thumb Code    40  oled.o(i.oled_draw_hline)
    oled_draw_line                           0x080048df   Thumb Code   158  oled.o(i.oled_draw_line)
    oled_draw_pixel                          0x0800497d   Thumb Code    78  oled.o(i.oled_draw_pixel)
    oled_draw_rect                           0x080049d1   Thumb Code    84  oled.o(i.oled_draw_rect)
    oled_draw_vline                          0x08004a25   Thumb Code    40  oled.o(i.oled_draw_vline)
    oled_fill                                0x08004a4d   Thumb Code    26  oled.o(i.oled_fill)
    oled_fill_rect                           0x08004a6d   Thumb Code    46  oled.o(i.oled_fill_rect)
    oled_init                                0x08004ad5   Thumb Code   178  oled.o(i.oled_init)
    oled_refresh                             0x08004b89   Thumb Code    58  oled.o(i.oled_refresh)
    oled_show_char                           0x08004bc9   Thumb Code     2  oled.o(i.oled_show_char)
    oled_show_string                         0x08004bcb   Thumb Code    54  oled.o(i.oled_show_string)
    read_addr                                0x08004c65   Thumb Code     6  usmart.o(i.read_addr)
    sd_init                                  0x08004c6d   Thumb Code    66  sdio_sdcard.o(i.sd_init)
    spi1_read_write_byte                     0x08004cbd   Thumb Code    28  spi.o(i.spi1_read_write_byte)
    spi1_set_speed                           0x08004cdd   Thumb Code    68  spi.o(i.spi1_set_speed)
    sys_stm32_clock_init                     0x08004d25   Thumb Code   192  sys.o(i.sys_stm32_clock_init)
    usart_init                               0x080053a5   Thumb Code    44  usart.o(i.usart_init)
    usmart_cmd_rec                           0x080053dd   Thumb Code   170  usmart.o(i.usmart_cmd_rec)
    usmart_exe                               0x0800548d   Thumb Code   632  usmart.o(i.usmart_exe)
    usmart_get_aparm                         0x08005761   Thumb Code   212  usmart_str.o(i.usmart_get_aparm)
    usmart_get_cmdname                       0x08005835   Thumb Code    54  usmart_str.o(i.usmart_get_cmdname)
    usmart_get_fname                         0x0800586d   Thumb Code   440  usmart_str.o(i.usmart_get_fname)
    usmart_get_fparam                        0x08005a2d   Thumb Code   262  usmart_str.o(i.usmart_get_fparam)
    usmart_get_input_string                  0x08005b39   Thumb Code    30  usmart_port.o(i.usmart_get_input_string)
    usmart_get_parmpos                       0x08005b61   Thumb Code    26  usmart_str.o(i.usmart_get_parmpos)
    usmart_init                              0x08005b81   Thumb Code    36  usmart.o(i.usmart_init)
    usmart_pow                               0x08005ba9   Thumb Code    22  usmart_str.o(i.usmart_pow)
    usmart_scan                              0x08005bc1   Thumb Code   106  usmart.o(i.usmart_scan)
    usmart_search_nextc                      0x08005c69   Thumb Code    22  usmart_str.o(i.usmart_search_nextc)
    usmart_str2num                           0x08005c7f   Thumb Code   262  usmart_str.o(i.usmart_str2num)
    usmart_strcmp                            0x08005d85   Thumb Code    34  usmart_str.o(i.usmart_strcmp)
    usmart_strcopy                           0x08005da7   Thumb Code    22  usmart_str.o(i.usmart_strcopy)
    usmart_strlen                            0x08005dbd   Thumb Code    24  usmart_str.o(i.usmart_strlen)
    usmart_sys_cmd_exe                       0x08005dd5   Thumb Code  1570  usmart.o(i.usmart_sys_cmd_exe)
    usmart_timx_get_time                     0x080064c9   Thumb Code    58  usmart_port.o(i.usmart_timx_get_time)
    usmart_timx_init                         0x0800650d   Thumb Code    88  usmart_port.o(i.usmart_timx_init)
    usmart_timx_reset_time                   0x08006571   Thumb Code    44  usmart_port.o(i.usmart_timx_reset_time)
    write_addr                               0x080065a5   Thumb Code     4  usmart.o(i.write_addr)
    _fp_init                                 0x080065a9   Thumb Code    10  fpinit.o(x$fpl$fpinit)
    __fplib_config_fpu_vfp                   0x080065b1   Thumb Code     0  fpinit.o(x$fpl$fpinit)
    __fplib_config_pureend_doubles           0x080065b1   Thumb Code     0  fpinit.o(x$fpl$fpinit)
    AHBPrescTable                            0x080065b2   Data          16  system_stm32f4xx.o(.constdata)
    APBPrescTable                            0x080065c2   Data           8  system_stm32f4xx.o(.constdata)
    g_bitrate                                0x080065ca   Data          64  atk_mo1053.o(.constdata)
    Region$$Table$$Base                      0x08006804   Number         0  anon$$obj.o(Region$$Table)
    Region$$Table$$Limit                     0x08006824   Number         0  anon$$obj.o(Region$$Table)
    SystemCoreClock                          0x20000000   Data           4  system_stm32f4xx.o(.data)
    __stdout                                 0x2000000c   Data           4  usart.o(.data)
    g_usart_rx_sta                           0x20000010   Data           2  usart.o(.data)
    g_rx_buffer                              0x20000012   Data           1  usart.o(.data)
    uwTick                                   0x20000014   Data           4  stm32f4xx_hal.o(.data)
    uwTickPrio                               0x20000018   Data           4  stm32f4xx_hal.o(.data)
    uwTickFreq                               0x2000001c   Data           1  stm32f4xx_hal.o(.data)
    sys_cmd_tab                              0x20000020   Data          28  usmart.o(.data)
    usmart_nametab                           0x2000003c   Data          80  usmart_config.o(.data)
    usmart_dev                               0x2000008c   Data         244  usmart_config.o(.data)
    g_usart_rx_buf                           0x20000180   Data         200  usart.o(.bss)
    g_uart1_handle                           0x20000248   Data          68  usart.o(.bss)
    g_sdcard_handler                         0x2000028c   Data         132  sdio_sdcard.o(.bss)
    g_sd_card_info_handle                    0x20000310   Data          32  sdio_sdcard.o(.bss)
    g_sd_data_buffer                         0x20000330   Data         512  sdio_sdcard.o(.bss)
    g_spi1_handler                           0x20000530   Data          88  spi.o(.bss)
    g_timx_usmart_handle                     0x200009dc   Data          72  usmart_port.o(.bss)
    __libspace_start                         0x20000a24   Data          96  libspace.o(.bss)
    __temporary_stack_top$libspace           0x20000a84   Data           0  libspace.o(.bss)



==============================================================================

Memory Map of the image

  Image Entry point : 0x08000189

  Load Region LR_IROM1 (Base: 0x08000000, Size: 0x000069a4, Max: 0x00100000, ABSOLUTE, COMPRESSED[0x0000689c])

    Execution Region ER_IROM1 (Exec base: 0x08000000, Load base: 0x08000000, Size: 0x00006824, Max: 0x00100000, ABSOLUTE)

    Exec Addr    Load Addr    Size         Type   Attr      Idx    E Section Name        Object

    0x08000000   0x08000000   0x00000188   Data   RO            3    RESET               startup_stm32f407xx.o
    0x08000188   0x08000188   0x00000008   Code   RO         6771  * !!!main             c_w.l(__main.o)
    0x08000190   0x08000190   0x00000034   Code   RO         6955    !!!scatter          c_w.l(__scatter.o)
    0x080001c4   0x080001c4   0x0000005a   Code   RO         6953    !!dczerorl2         c_w.l(__dczerorl2.o)
    0x0800021e   0x0800021e   0x00000002   PAD
    0x08000220   0x08000220   0x0000001c   Code   RO         6957    !!handler_zi        c_w.l(__scatter_zi.o)
    0x0800023c   0x0800023c   0x00000000   Code   RO         6757    .ARM.Collect$$_printf_percent$$00000000  c_w.l(_printf_percent.o)
    0x0800023c   0x0800023c   0x00000006   Code   RO         6755    .ARM.Collect$$_printf_percent$$00000009  c_w.l(_printf_d.o)
    0x08000242   0x08000242   0x00000006   Code   RO         6756    .ARM.Collect$$_printf_percent$$0000000A  c_w.l(_printf_u.o)
    0x08000248   0x08000248   0x00000006   Code   RO         6754    .ARM.Collect$$_printf_percent$$0000000C  c_w.l(_printf_x.o)
    0x0800024e   0x0800024e   0x00000006   Code   RO         6752    .ARM.Collect$$_printf_percent$$00000013  c_w.l(_printf_c.o)
    0x08000254   0x08000254   0x00000006   Code   RO         6753    .ARM.Collect$$_printf_percent$$00000014  c_w.l(_printf_s.o)
    0x0800025a   0x0800025a   0x00000004   Code   RO         6788    .ARM.Collect$$_printf_percent$$00000017  c_w.l(_printf_percent_end.o)
    0x0800025e   0x0800025e   0x00000002   Code   RO         6832    .ARM.Collect$$libinit$$00000000  c_w.l(libinit.o)
    0x08000260   0x08000260   0x00000004   Code   RO         6844    .ARM.Collect$$libinit$$00000001  c_w.l(libinit2.o)
    0x08000264   0x08000264   0x00000000   Code   RO         6847    .ARM.Collect$$libinit$$00000004  c_w.l(libinit2.o)
    0x08000264   0x08000264   0x00000000   Code   RO         6850    .ARM.Collect$$libinit$$0000000A  c_w.l(libinit2.o)
    0x08000264   0x08000264   0x00000000   Code   RO         6852    .ARM.Collect$$libinit$$0000000C  c_w.l(libinit2.o)
    0x08000264   0x08000264   0x00000000   Code   RO         6854    .ARM.Collect$$libinit$$0000000E  c_w.l(libinit2.o)
    0x08000264   0x08000264   0x00000000   Code   RO         6857    .ARM.Collect$$libinit$$00000011  c_w.l(libinit2.o)
    0x08000264   0x08000264   0x00000000   Code   RO         6859    .ARM.Collect$$libinit$$00000013  c_w.l(libinit2.o)
    0x08000264   0x08000264   0x00000000   Code   RO         6861    .ARM.Collect$$libinit$$00000015  c_w.l(libinit2.o)
    0x08000264   0x08000264   0x00000000   Code   RO         6863    .ARM.Collect$$libinit$$00000017  c_w.l(libinit2.o)
    0x08000264   0x08000264   0x00000000   Code   RO         6865    .ARM.Collect$$libinit$$00000019  c_w.l(libinit2.o)
    0x08000264   0x08000264   0x00000000   Code   RO         6867    .ARM.Collect$$libinit$$0000001B  c_w.l(libinit2.o)
    0x08000264   0x08000264   0x00000000   Code   RO         6869    .ARM.Collect$$libinit$$0000001D  c_w.l(libinit2.o)
    0x08000264   0x08000264   0x00000000   Code   RO         6871    .ARM.Collect$$libinit$$0000001F  c_w.l(libinit2.o)
    0x08000264   0x08000264   0x00000000   Code   RO         6873    .ARM.Collect$$libinit$$00000021  c_w.l(libinit2.o)
    0x08000264   0x08000264   0x00000000   Code   RO         6875    .ARM.Collect$$libinit$$00000023  c_w.l(libinit2.o)
    0x08000264   0x08000264   0x00000000   Code   RO         6877    .ARM.Collect$$libinit$$00000025  c_w.l(libinit2.o)
    0x08000264   0x08000264   0x00000000   Code   RO         6881    .ARM.Collect$$libinit$$0000002C  c_w.l(libinit2.o)
    0x08000264   0x08000264   0x00000000   Code   RO         6883    .ARM.Collect$$libinit$$0000002E  c_w.l(libinit2.o)
    0x08000264   0x08000264   0x00000000   Code   RO         6885    .ARM.Collect$$libinit$$00000030  c_w.l(libinit2.o)
    0x08000264   0x08000264   0x00000000   Code   RO         6887    .ARM.Collect$$libinit$$00000032  c_w.l(libinit2.o)
    0x08000264   0x08000264   0x00000002   Code   RO         6888    .ARM.Collect$$libinit$$00000033  c_w.l(libinit2.o)
    0x08000266   0x08000266   0x00000002   Code   RO         6912    .ARM.Collect$$libshutdown$$00000000  c_w.l(libshutdown.o)
    0x08000268   0x08000268   0x00000000   Code   RO         6936    .ARM.Collect$$libshutdown$$00000002  c_w.l(libshutdown2.o)
    0x08000268   0x08000268   0x00000000   Code   RO         6938    .ARM.Collect$$libshutdown$$00000004  c_w.l(libshutdown2.o)
    0x08000268   0x08000268   0x00000000   Code   RO         6941    .ARM.Collect$$libshutdown$$00000007  c_w.l(libshutdown2.o)
    0x08000268   0x08000268   0x00000000   Code   RO         6944    .ARM.Collect$$libshutdown$$0000000A  c_w.l(libshutdown2.o)
    0x08000268   0x08000268   0x00000000   Code   RO         6946    .ARM.Collect$$libshutdown$$0000000C  c_w.l(libshutdown2.o)
    0x08000268   0x08000268   0x00000000   Code   RO         6949    .ARM.Collect$$libshutdown$$0000000F  c_w.l(libshutdown2.o)
    0x08000268   0x08000268   0x00000002   Code   RO         6950    .ARM.Collect$$libshutdown$$00000010  c_w.l(libshutdown2.o)
    0x0800026a   0x0800026a   0x00000000   Code   RO         6775    .ARM.Collect$$rtentry$$00000000  c_w.l(__rtentry.o)
    0x0800026a   0x0800026a   0x00000000   Code   RO         6793    .ARM.Collect$$rtentry$$00000002  c_w.l(__rtentry2.o)
    0x0800026a   0x0800026a   0x00000006   Code   RO         6805    .ARM.Collect$$rtentry$$00000004  c_w.l(__rtentry4.o)
    0x08000270   0x08000270   0x00000000   Code   RO         6795    .ARM.Collect$$rtentry$$00000009  c_w.l(__rtentry2.o)
    0x08000270   0x08000270   0x00000004   Code   RO         6796    .ARM.Collect$$rtentry$$0000000A  c_w.l(__rtentry2.o)
    0x08000274   0x08000274   0x00000000   Code   RO         6798    .ARM.Collect$$rtentry$$0000000C  c_w.l(__rtentry2.o)
    0x08000274   0x08000274   0x00000008   Code   RO         6799    .ARM.Collect$$rtentry$$0000000D  c_w.l(__rtentry2.o)
    0x0800027c   0x0800027c   0x00000002   Code   RO         6836    .ARM.Collect$$rtexit$$00000000  c_w.l(rtexit.o)
    0x0800027e   0x0800027e   0x00000000   Code   RO         6890    .ARM.Collect$$rtexit$$00000002  c_w.l(rtexit2.o)
    0x0800027e   0x0800027e   0x00000004   Code   RO         6891    .ARM.Collect$$rtexit$$00000003  c_w.l(rtexit2.o)
    0x08000282   0x08000282   0x00000006   Code   RO         6892    .ARM.Collect$$rtexit$$00000004  c_w.l(rtexit2.o)
    0x08000288   0x08000288   0x0000004c   Code   RO            4    .text               startup_stm32f407xx.o
    0x080002d4   0x080002d4   0x00000002   Code   RO         6691    .text               c_w.l(use_no_semi_2.o)
    0x080002d6   0x080002d6   0x000000ee   Code   RO         6693    .text               c_w.l(lludivv7m.o)
    0x080003c4   0x080003c4   0x00000018   Code   RO         6699    .text               c_w.l(noretval__2printf.o)
    0x080003dc   0x080003dc   0x0000004e   Code   RO         6703    .text               c_w.l(_printf_pad.o)
    0x0800042a   0x0800042a   0x00000052   Code   RO         6705    .text               c_w.l(_printf_str.o)
    0x0800047c   0x0800047c   0x00000078   Code   RO         6707    .text               c_w.l(_printf_dec.o)
    0x080004f4   0x080004f4   0x00000058   Code   RO         6714    .text               c_w.l(_printf_hex_int.o)
    0x0800054c   0x0800054c   0x00000188   Code   RO         6749    .text               c_w.l(__printf_flags_ss_wp.o)
    0x080006d4   0x080006d4   0x00000010   Code   RO         6765    .text               c_w.l(aeabi_memset.o)
    0x080006e4   0x080006e4   0x00000006   Code   RO         6769    .text               c_w.l(heapauxi.o)
    0x080006ea   0x080006ea   0x00000002   Code   RO         6773    .text               c_w.l(use_no_semi.o)
    0x080006ec   0x080006ec   0x000000b2   Code   RO         6782    .text               c_w.l(_printf_intcommon.o)
    0x0800079e   0x0800079e   0x0000002c   Code   RO         6784    .text               c_w.l(_printf_char.o)
    0x080007ca   0x080007ca   0x00000002   PAD
    0x080007cc   0x080007cc   0x00000024   Code   RO         6786    .text               c_w.l(_printf_char_file.o)
    0x080007f0   0x080007f0   0x00000044   Code   RO         6790    .text               c_w.l(rt_memclr.o)
    0x08000834   0x08000834   0x00000030   Code   RO         6809    .text               c_w.l(_printf_char_common.o)
    0x08000864   0x08000864   0x00000008   Code   RO         6811    .text               c_w.l(ferror.o)
    0x0800086c   0x0800086c   0x0000004e   Code   RO         6815    .text               c_w.l(rt_memclr_w.o)
    0x080008ba   0x080008ba   0x0000004a   Code   RO         6817    .text               c_w.l(sys_stackheap_outer.o)
    0x08000904   0x08000904   0x00000012   Code   RO         6821    .text               c_w.l(exit.o)
    0x08000916   0x08000916   0x00000002   PAD
    0x08000918   0x08000918   0x00000008   Code   RO         6833    .text               c_w.l(libspace.o)
    0x08000920   0x08000920   0x00000004   Code   RO          262    i.BusFault_Handler  stm32f4xx_it.o
    0x08000924   0x08000924   0x00000002   Code   RO          263    i.DebugMon_Handler  stm32f4xx_it.o
    0x08000926   0x08000926   0x000000aa   Code   RO         3258    i.HAL_DMA_Abort     stm32f4xx_hal_dma.o
    0x080009d0   0x080009d0   0x00000028   Code   RO         3259    i.HAL_DMA_Abort_IT  stm32f4xx_hal_dma.o
    0x080009f8   0x080009f8   0x0000000c   Code   RO          435    i.HAL_Delay         delay.o
    0x08000a04   0x08000a04   0x00000204   Code   RO          958    i.HAL_GPIO_Init     stm32f4xx_hal_gpio.o
    0x08000c08   0x08000c08   0x00000010   Code   RO          960    i.HAL_GPIO_ReadPin  stm32f4xx_hal_gpio.o
    0x08000c18   0x08000c18   0x00000014   Code   RO          961    i.HAL_GPIO_TogglePin  stm32f4xx_hal_gpio.o
    0x08000c2c   0x08000c2c   0x0000000c   Code   RO          962    i.HAL_GPIO_WritePin  stm32f4xx_hal_gpio.o
    0x08000c38   0x08000c38   0x0000000c   Code   RO          641    i.HAL_GetREVID      stm32f4xx_hal.o
    0x08000c44   0x08000c44   0x0000000c   Code   RO          642    i.HAL_GetTick       stm32f4xx_hal.o
    0x08000c50   0x08000c50   0x000001d0   Code   RO         4251    i.HAL_I2C_Init      stm32f4xx_hal_i2c.o
    0x08000e20   0x08000e20   0x00000170   Code   RO         4264    i.HAL_I2C_Master_Transmit  stm32f4xx_hal_i2c.o
    0x08000f90   0x08000f90   0x00000080   Code   RO         5235    i.HAL_I2C_MspInit   oled.o
    0x08001010   0x08001010   0x00000018   Code   RO          648    i.HAL_IncTick       stm32f4xx_hal.o
    0x08001028   0x08001028   0x00000030   Code   RO          649    i.HAL_Init          stm32f4xx_hal.o
    0x08001058   0x08001058   0x0000004c   Code   RO          650    i.HAL_InitTick      stm32f4xx_hal.o
    0x080010a4   0x080010a4   0x00000002   Code   RO          652    i.HAL_MspInit       stm32f4xx_hal.o
    0x080010a6   0x080010a6   0x00000020   Code   RO          820    i.HAL_NVIC_EnableIRQ  stm32f4xx_hal_cortex.o
    0x080010c6   0x080010c6   0x0000007c   Code   RO          826    i.HAL_NVIC_SetPriority  stm32f4xx_hal_cortex.o
    0x08001142   0x08001142   0x00000002   PAD
    0x08001144   0x08001144   0x00000028   Code   RO          827    i.HAL_NVIC_SetPriorityGrouping  stm32f4xx_hal_cortex.o
    0x0800116c   0x0800116c   0x00000184   Code   RO         1022    i.HAL_RCC_ClockConfig  stm32f4xx_hal_rcc.o
    0x080012f0   0x080012f0   0x0000000c   Code   RO         1027    i.HAL_RCC_GetHCLKFreq  stm32f4xx_hal_rcc.o
    0x080012fc   0x080012fc   0x00000020   Code   RO         1029    i.HAL_RCC_GetPCLK1Freq  stm32f4xx_hal_rcc.o
    0x0800131c   0x0800131c   0x00000020   Code   RO         1030    i.HAL_RCC_GetPCLK2Freq  stm32f4xx_hal_rcc.o
    0x0800133c   0x0800133c   0x000000b0   Code   RO         1031    i.HAL_RCC_GetSysClockFreq  stm32f4xx_hal_rcc.o
    0x080013ec   0x080013ec   0x0000049c   Code   RO         1034    i.HAL_RCC_OscConfig  stm32f4xx_hal_rcc.o
    0x08001888   0x08001888   0x000000c8   Code   RO         3364    i.HAL_SD_ConfigWideBusOperation  stm32f4xx_hal_sd.o
    0x08001950   0x08001950   0x000001c8   Code   RO         3369    i.HAL_SD_GetCardCSD  stm32f4xx_hal_sd.o
    0x08001b18   0x08001b18   0x00000026   Code   RO         3370    i.HAL_SD_GetCardInfo  stm32f4xx_hal_sd.o
    0x08001b3e   0x08001b3e   0x0000003c   Code   RO         3376    i.HAL_SD_Init       stm32f4xx_hal_sd.o
    0x08001b7a   0x08001b7a   0x00000002   PAD
    0x08001b7c   0x08001b7c   0x000000ac   Code   RO         3377    i.HAL_SD_InitCard   stm32f4xx_hal_sd.o
    0x08001c28   0x08001c28   0x0000017c   Code   RO         4966    i.HAL_SD_MspInit    sdio_sdcard.o
    0x08001da4   0x08001da4   0x000002d2   Code   RO         3636    i.HAL_SPI_TransmitReceive  stm32f4xx_hal_spi.o
    0x08002076   0x08002076   0x00000028   Code   RO          829    i.HAL_SYSTICK_CLKSourceConfig  stm32f4xx_hal_cortex.o
    0x0800209e   0x0800209e   0x00000034   Code   RO          831    i.HAL_SYSTICK_Config  stm32f4xx_hal_cortex.o
    0x080020d2   0x080020d2   0x00000066   Code   RO         2027    i.HAL_TIM_Base_Init  stm32f4xx_hal_tim.o
    0x08002138   0x08002138   0x00000002   Code   RO         2029    i.HAL_TIM_Base_MspInit  stm32f4xx_hal_tim.o
    0x0800213a   0x0800213a   0x00000002   PAD
    0x0800213c   0x0800213c   0x000000a8   Code   RO         2032    i.HAL_TIM_Base_Start_IT  stm32f4xx_hal_tim.o
    0x080021e4   0x080021e4   0x00000002   Code   RO         1628    i.HAL_UARTEx_RxEventCallback  stm32f4xx_hal_uart.o
    0x080021e6   0x080021e6   0x00000002   Code   RO         1642    i.HAL_UART_ErrorCallback  stm32f4xx_hal_uart.o
    0x080021e8   0x080021e8   0x00000250   Code   RO         1645    i.HAL_UART_IRQHandler  stm32f4xx_hal_uart.o
    0x08002438   0x08002438   0x00000072   Code   RO         1646    i.HAL_UART_Init     stm32f4xx_hal_uart.o
    0x080024aa   0x080024aa   0x00000002   PAD
    0x080024ac   0x080024ac   0x000000c8   Code   RO          552    i.HAL_UART_MspInit  usart.o
    0x08002574   0x08002574   0x00000042   Code   RO         1651    i.HAL_UART_Receive_IT  stm32f4xx_hal_uart.o
    0x080025b6   0x080025b6   0x00000002   PAD
    0x080025b8   0x080025b8   0x0000009c   Code   RO          553    i.HAL_UART_RxCpltCallback  usart.o
    0x08002654   0x08002654   0x00000002   Code   RO         1657    i.HAL_UART_TxCpltCallback  stm32f4xx_hal_uart.o
    0x08002656   0x08002656   0x00000004   Code   RO          264    i.HardFault_Handler  stm32f4xx_it.o
    0x0800265a   0x0800265a   0x0000003e   Code   RO         4294    i.I2C_IsAcknowledgeFailed  stm32f4xx_hal_i2c.o
    0x08002698   0x08002698   0x000000c0   Code   RO         4298    i.I2C_MasterRequestWrite  stm32f4xx_hal_i2c.o
    0x08002758   0x08002758   0x0000005c   Code   RO         4314    i.I2C_WaitOnBTFFlagUntilTimeout  stm32f4xx_hal_i2c.o
    0x080027b4   0x080027b4   0x00000086   Code   RO         4315    i.I2C_WaitOnFlagUntilTimeout  stm32f4xx_hal_i2c.o
    0x0800283a   0x0800283a   0x000000c4   Code   RO         4316    i.I2C_WaitOnMasterAddressFlagUntilTimeout  stm32f4xx_hal_i2c.o
    0x080028fe   0x080028fe   0x0000005c   Code   RO         4320    i.I2C_WaitOnTXEFlagUntilTimeout  stm32f4xx_hal_i2c.o
    0x0800295a   0x0800295a   0x00000004   Code   RO          265    i.MemManage_Handler  stm32f4xx_it.o
    0x0800295e   0x0800295e   0x00000002   Code   RO          266    i.NMI_Handler       stm32f4xx_it.o
    0x08002960   0x08002960   0x00000002   Code   RO          267    i.PendSV_Handler    stm32f4xx_it.o
    0x08002962   0x08002962   0x0000002c   Code   RO         3958    i.SDIO_ConfigData   stm32f4xx_ll_sdmmc.o
    0x0800298e   0x0800298e   0x00000008   Code   RO         3959    i.SDIO_GetCommandResponse  stm32f4xx_ll_sdmmc.o
    0x08002996   0x08002996   0x0000000a   Code   RO         3962    i.SDIO_GetPowerState  stm32f4xx_ll_sdmmc.o
    0x080029a0   0x080029a0   0x0000000c   Code   RO         3963    i.SDIO_GetResponse  stm32f4xx_ll_sdmmc.o
    0x080029ac   0x080029ac   0x00000034   Code   RO         3964    i.SDIO_Init         stm32f4xx_ll_sdmmc.o
    0x080029e0   0x080029e0   0x00000012   Code   RO         3966    i.SDIO_PowerState_ON  stm32f4xx_ll_sdmmc.o
    0x080029f2   0x080029f2   0x00000008   Code   RO         3967    i.SDIO_ReadFIFO     stm32f4xx_ll_sdmmc.o
    0x080029fa   0x080029fa   0x00000028   Code   RO         3968    i.SDIO_SendCommand  stm32f4xx_ll_sdmmc.o
    0x08002a22   0x08002a22   0x00000038   Code   RO         3971    i.SDMMC_CmdAppCommand  stm32f4xx_ll_sdmmc.o
    0x08002a5a   0x08002a5a   0x00000002   PAD
    0x08002a5c   0x08002a5c   0x0000003c   Code   RO         3972    i.SDMMC_CmdAppOperCommand  stm32f4xx_ll_sdmmc.o
    0x08002a98   0x08002a98   0x00000038   Code   RO         3973    i.SDMMC_CmdBlockLength  stm32f4xx_ll_sdmmc.o
    0x08002ad0   0x08002ad0   0x00000038   Code   RO         3974    i.SDMMC_CmdBusWidth  stm32f4xx_ll_sdmmc.o
    0x08002b08   0x08002b08   0x0000002c   Code   RO         3978    i.SDMMC_CmdGoIdleState  stm32f4xx_ll_sdmmc.o
    0x08002b34   0x08002b34   0x00000034   Code   RO         3980    i.SDMMC_CmdOperCond  stm32f4xx_ll_sdmmc.o
    0x08002b68   0x08002b68   0x0000003a   Code   RO         3985    i.SDMMC_CmdSelDesel  stm32f4xx_ll_sdmmc.o
    0x08002ba2   0x08002ba2   0x00000032   Code   RO         3986    i.SDMMC_CmdSendCID  stm32f4xx_ll_sdmmc.o
    0x08002bd4   0x08002bd4   0x00000032   Code   RO         3987    i.SDMMC_CmdSendCSD  stm32f4xx_ll_sdmmc.o
    0x08002c06   0x08002c06   0x00000038   Code   RO         3989    i.SDMMC_CmdSendSCR  stm32f4xx_ll_sdmmc.o
    0x08002c3e   0x08002c3e   0x00000038   Code   RO         3991    i.SDMMC_CmdSetRelAdd  stm32f4xx_ll_sdmmc.o
    0x08002c76   0x08002c76   0x00000002   PAD
    0x08002c78   0x08002c78   0x00000040   Code   RO         3997    i.SDMMC_GetCmdError  stm32f4xx_ll_sdmmc.o
    0x08002cb8   0x08002cb8   0x000001ac   Code   RO         3998    i.SDMMC_GetCmdResp1  stm32f4xx_ll_sdmmc.o
    0x08002e64   0x08002e64   0x00000064   Code   RO         3999    i.SDMMC_GetCmdResp2  stm32f4xx_ll_sdmmc.o
    0x08002ec8   0x08002ec8   0x00000058   Code   RO         4000    i.SDMMC_GetCmdResp3  stm32f4xx_ll_sdmmc.o
    0x08002f20   0x08002f20   0x000000b8   Code   RO         4001    i.SDMMC_GetCmdResp6  stm32f4xx_ll_sdmmc.o
    0x08002fd8   0x08002fd8   0x0000006c   Code   RO         4002    i.SDMMC_GetCmdResp7  stm32f4xx_ll_sdmmc.o
    0x08003044   0x08003044   0x00000142   Code   RO         3393    i.SD_FindSCR        stm32f4xx_hal_sd.o
    0x08003186   0x08003186   0x00000102   Code   RO         3394    i.SD_InitCard       stm32f4xx_hal_sd.o
    0x08003288   0x08003288   0x000000cc   Code   RO         3396    i.SD_PowerON        stm32f4xx_hal_sd.o
    0x08003354   0x08003354   0x00000068   Code   RO         3400    i.SD_WideBus_Disable  stm32f4xx_hal_sd.o
    0x080033bc   0x080033bc   0x00000068   Code   RO         3401    i.SD_WideBus_Enable  stm32f4xx_hal_sd.o
    0x08003424   0x08003424   0x0000006c   Code   RO         3667    i.SPI_EndRxTxTransaction  stm32f4xx_hal_spi.o
    0x08003490   0x08003490   0x000000d8   Code   RO         3674    i.SPI_WaitFlagStateUntilTimeout  stm32f4xx_hal_spi.o
    0x08003568   0x08003568   0x00000002   Code   RO          268    i.SVC_Handler       stm32f4xx_it.o
    0x0800356a   0x0800356a   0x00000008   Code   RO          269    i.SysTick_Handler   stm32f4xx_it.o
    0x08003572   0x08003572   0x00000002   PAD
    0x08003574   0x08003574   0x00000014   Code   RO          338    i.SystemInit        system_stm32f4xx.o
    0x08003588   0x08003588   0x00000044   Code   RO         6557    i.TIM4_IRQHandler   usmart_port.o
    0x080035cc   0x080035cc   0x000000d8   Code   RO         2120    i.TIM_Base_SetConfig  stm32f4xx_hal_tim.o
    0x080036a4   0x080036a4   0x00000014   Code   RO         1659    i.UART_DMAAbortOnError  stm32f4xx_hal_uart.o
    0x080036b8   0x080036b8   0x00000036   Code   RO         1669    i.UART_EndRxTransfer  stm32f4xx_hal_uart.o
    0x080036ee   0x080036ee   0x00000020   Code   RO         1670    i.UART_EndTransmit_IT  stm32f4xx_hal_uart.o
    0x0800370e   0x0800370e   0x000000be   Code   RO         1672    i.UART_Receive_IT   stm32f4xx_hal_uart.o
    0x080037cc   0x080037cc   0x0000022c   Code   RO         1673    i.UART_SetConfig    stm32f4xx_hal_uart.o
    0x080039f8   0x080039f8   0x00000046   Code   RO         1675    i.UART_Start_Receive_IT  stm32f4xx_hal_uart.o
    0x08003a3e   0x08003a3e   0x00000060   Code   RO         1676    i.UART_Transmit_IT  stm32f4xx_hal_uart.o
    0x08003a9e   0x08003a9e   0x00000002   PAD
    0x08003aa0   0x08003aa0   0x00000010   Code   RO          554    i.USART2_IRQHandler  usart.o
    0x08003ab0   0x08003ab0   0x00000004   Code   RO          270    i.UsageFault_Handler  stm32f4xx_it.o
    0x08003ab4   0x08003ab4   0x00000010   Code   RO          833    i.__NVIC_GetPriorityGrouping  stm32f4xx_hal_cortex.o
    0x08003ac4   0x08003ac4   0x00000028   Code   RO          834    i.__NVIC_SetPriority  stm32f4xx_hal_cortex.o
    0x08003aec   0x08003aec   0x0000000e   Code   RO         6742    i._is_digit         c_w.l(__printf_wp.o)
    0x08003afa   0x08003afa   0x00000004   Code   RO          556    i._sys_exit         usart.o
    0x08003afe   0x08003afe   0x00000030   Code   RO         5396    i.at24cxx_check     24cxx.o
    0x08003b2e   0x08003b2e   0x00000024   Code   RO         5398    i.at24cxx_read      24cxx.o
    0x08003b52   0x08003b52   0x00000052   Code   RO         5399    i.at24cxx_read_one_byte  24cxx.o
    0x08003ba4   0x08003ba4   0x00000024   Code   RO         5400    i.at24cxx_write     24cxx.o
    0x08003bc8   0x08003bc8   0x0000004a   Code   RO         5401    i.at24cxx_write_one_byte  24cxx.o
    0x08003c12   0x08003c12   0x00000002   PAD
    0x08003c14   0x08003c14   0x000000a4   Code   RO         4785    i.atk_mo1053_get_bitrate  atk_mo1053.o
    0x08003cb8   0x08003cb8   0x0000000c   Code   RO         4786    i.atk_mo1053_get_byterate  atk_mo1053.o
    0x08003cc4   0x08003cc4   0x00000018   Code   RO         4791    i.atk_mo1053_read_ram  atk_mo1053.o
    0x08003cdc   0x08003cdc   0x0000007c   Code   RO         4792    i.atk_mo1053_read_reg  atk_mo1053.o
    0x08003d58   0x08003d58   0x00000032   Code   RO         4798    i.atk_mo1053_set_effect  atk_mo1053.o
    0x08003d8a   0x08003d8a   0x0000001a   Code   RO         4799    i.atk_mo1053_set_speaker  atk_mo1053.o
    0x08003da4   0x08003da4   0x00000052   Code   RO         4801    i.atk_mo1053_set_tone  atk_mo1053.o
    0x08003df6   0x08003df6   0x00000026   Code   RO         4802    i.atk_mo1053_set_volume  atk_mo1053.o
    0x08003e1c   0x08003e1c   0x0000000c   Code   RO         4805    i.atk_mo1053_spi_read_write_byte  atk_mo1053.o
    0x08003e28   0x08003e28   0x0000000a   Code   RO         4806    i.atk_mo1053_spi_speed_high  atk_mo1053.o
    0x08003e32   0x08003e32   0x0000000a   Code   RO         4807    i.atk_mo1053_spi_speed_low  atk_mo1053.o
    0x08003e3c   0x08003e3c   0x0000006c   Code   RO         4808    i.atk_mo1053_write_cmd  atk_mo1053.o
    0x08003ea8   0x08003ea8   0x0000002c   Code   RO         4809    i.atk_mo1053_write_ram  atk_mo1053.o
    0x08003ed4   0x08003ed4   0x00000014   Code   RO          436    i.delay_init        delay.o
    0x08003ee8   0x08003ee8   0x00000032   Code   RO          437    i.delay_ms          delay.o
    0x08003f1a   0x08003f1a   0x00000002   PAD
    0x08003f1c   0x08003f1c   0x00000048   Code   RO          438    i.delay_us          delay.o
    0x08003f64   0x08003f64   0x00000100   Code   RO          374    i.display_test_results  demo.o
    0x08004064   0x08004064   0x0000001c   Code   RO          558    i.fputc             usart.o
    0x08004080   0x08004080   0x00000018   Code   RO         4967    i.get_sd_card_info  sdio_sdcard.o
    0x08004098   0x08004098   0x000002b4   Code   RO          375    i.hardware_test_run  demo.o
    0x0800434c   0x0800434c   0x00000054   Code   RO         5453    i.iic_ack           myiic.o
    0x080043a0   0x080043a0   0x0000000a   Code   RO         5454    i.iic_delay         myiic.o
    0x080043aa   0x080043aa   0x00000002   PAD
    0x080043ac   0x080043ac   0x00000040   Code   RO         5456    i.iic_nack          myiic.o
    0x080043ec   0x080043ec   0x00000060   Code   RO         5457    i.iic_read_byte     myiic.o
    0x0800444c   0x0800444c   0x00000070   Code   RO         5458    i.iic_send_byte     myiic.o
    0x080044bc   0x080044bc   0x00000050   Code   RO         5459    i.iic_start         myiic.o
    0x0800450c   0x0800450c   0x00000040   Code   RO         5460    i.iic_stop          myiic.o
    0x0800454c   0x0800454c   0x00000068   Code   RO         5461    i.iic_wait_ack      myiic.o
    0x080045b4   0x080045b4   0x000000bc   Code   RO         4754    i.key_init          key.o
    0x08004670   0x08004670   0x000000a0   Code   RO         4755    i.key_scan          key.o
    0x08004710   0x08004710   0x00000098   Code   RO         4730    i.led_init          led.o
    0x080047a8   0x080047a8   0x0000004c   Code   RO           13    i.main              main.o
    0x080047f4   0x080047f4   0x0000000a   Code   RO         5237    i.oled_clear        oled.o
    0x080047fe   0x080047fe   0x000000b8   Code   RO         5240    i.oled_draw_circle  oled.o
    0x080048b6   0x080048b6   0x00000028   Code   RO         5241    i.oled_draw_hline   oled.o
    0x080048de   0x080048de   0x0000009e   Code   RO         5242    i.oled_draw_line    oled.o
    0x0800497c   0x0800497c   0x00000054   Code   RO         5243    i.oled_draw_pixel   oled.o
    0x080049d0   0x080049d0   0x00000054   Code   RO         5244    i.oled_draw_rect    oled.o
    0x08004a24   0x08004a24   0x00000028   Code   RO         5246    i.oled_draw_vline   oled.o
    0x08004a4c   0x08004a4c   0x00000020   Code   RO         5247    i.oled_fill         oled.o
    0x08004a6c   0x08004a6c   0x0000002e   Code   RO         5248    i.oled_fill_rect    oled.o
    0x08004a9a   0x08004a9a   0x00000002   PAD
    0x08004a9c   0x08004a9c   0x00000038   Code   RO         5250    i.oled_i2c_init     oled.o
    0x08004ad4   0x08004ad4   0x000000b2   Code   RO         5251    i.oled_init         oled.o
    0x08004b86   0x08004b86   0x00000002   PAD
    0x08004b88   0x08004b88   0x00000040   Code   RO         5252    i.oled_refresh      oled.o
    0x08004bc8   0x08004bc8   0x00000002   Code   RO         5253    i.oled_show_char    oled.o
    0x08004bca   0x08004bca   0x00000036   Code   RO         5255    i.oled_show_string  oled.o
    0x08004c00   0x08004c00   0x00000024   Code   RO         5257    i.oled_write_cmd    oled.o
    0x08004c24   0x08004c24   0x00000040   Code   RO         5258    i.oled_write_data   oled.o
    0x08004c64   0x08004c64   0x00000006   Code   RO         6454    i.read_addr         usmart.o
    0x08004c6a   0x08004c6a   0x00000002   PAD
    0x08004c6c   0x08004c6c   0x00000050   Code   RO         4969    i.sd_init           sdio_sdcard.o
    0x08004cbc   0x08004cbc   0x00000020   Code   RO         5138    i.spi1_read_write_byte  spi.o
    0x08004cdc   0x08004cdc   0x00000048   Code   RO         5139    i.spi1_set_speed    spi.o
    0x08004d24   0x08004d24   0x000000cc   Code   RO          485    i.sys_stm32_clock_init  sys.o
    0x08004df0   0x08004df0   0x000001b0   Code   RO          376    i.test_eeprom       demo.o
    0x08004fa0   0x08004fa0   0x00000158   Code   RO          377    i.test_key          demo.o
    0x080050f8   0x080050f8   0x00000118   Code   RO          378    i.test_oled         demo.o
    0x08005210   0x08005210   0x00000194   Code   RO          379    i.test_sdcard       demo.o
    0x080053a4   0x080053a4   0x00000038   Code   RO          559    i.usart_init        usart.o
    0x080053dc   0x080053dc   0x000000b0   Code   RO         6455    i.usmart_cmd_rec    usmart.o
    0x0800548c   0x0800548c   0x000002d4   Code   RO         6456    i.usmart_exe        usmart.o
    0x08005760   0x08005760   0x000000d4   Code   RO         6608    i.usmart_get_aparm  usmart_str.o
    0x08005834   0x08005834   0x00000036   Code   RO         6609    i.usmart_get_cmdname  usmart_str.o
    0x0800586a   0x0800586a   0x00000002   PAD
    0x0800586c   0x0800586c   0x000001c0   Code   RO         6610    i.usmart_get_fname  usmart_str.o
    0x08005a2c   0x08005a2c   0x0000010c   Code   RO         6611    i.usmart_get_fparam  usmart_str.o
    0x08005b38   0x08005b38   0x00000028   Code   RO         6558    i.usmart_get_input_string  usmart_port.o
    0x08005b60   0x08005b60   0x00000020   Code   RO         6612    i.usmart_get_parmpos  usmart_str.o
    0x08005b80   0x08005b80   0x00000028   Code   RO         6457    i.usmart_init       usmart.o
    0x08005ba8   0x08005ba8   0x00000016   Code   RO         6613    i.usmart_pow        usmart_str.o
    0x08005bbe   0x08005bbe   0x00000002   PAD
    0x08005bc0   0x08005bc0   0x000000a8   Code   RO         6458    i.usmart_scan       usmart.o
    0x08005c68   0x08005c68   0x00000016   Code   RO         6614    i.usmart_search_nextc  usmart_str.o
    0x08005c7e   0x08005c7e   0x00000106   Code   RO         6615    i.usmart_str2num    usmart_str.o
    0x08005d84   0x08005d84   0x00000022   Code   RO         6616    i.usmart_strcmp     usmart_str.o
    0x08005da6   0x08005da6   0x00000016   Code   RO         6617    i.usmart_strcopy    usmart_str.o
    0x08005dbc   0x08005dbc   0x00000018   Code   RO         6618    i.usmart_strlen     usmart_str.o
    0x08005dd4   0x08005dd4   0x000006f4   Code   RO         6459    i.usmart_sys_cmd_exe  usmart.o
    0x080064c8   0x080064c8   0x00000044   Code   RO         6559    i.usmart_timx_get_time  usmart_port.o
    0x0800650c   0x0800650c   0x00000064   Code   RO         6560    i.usmart_timx_init  usmart_port.o
    0x08006570   0x08006570   0x00000034   Code   RO         6561    i.usmart_timx_reset_time  usmart_port.o
    0x080065a4   0x080065a4   0x00000004   Code   RO         6460    i.write_addr        usmart.o
    0x080065a8   0x080065a8   0x0000000a   Code   RO         6902    x$fpl$fpinit        fz_wm.l(fpinit.o)
    0x080065b2   0x080065b2   0x00000018   Data   RO          339    .constdata          system_stm32f4xx.o
    0x080065ca   0x080065ca   0x00000040   Data   RO         4811    .constdata          atk_mo1053.o
    0x0800660a   0x0800660a   0x00000028   Data   RO         6715    .constdata          c_w.l(_printf_hex_int.o)
    0x08006632   0x08006632   0x00000011   Data   RO         6750    .constdata          c_w.l(__printf_flags_ss_wp.o)
    0x08006643   0x08006643   0x00000001   PAD
    0x08006644   0x08006644   0x00000028   Data   RO         6461    .conststring        usmart.o
    0x0800666c   0x0800666c   0x00000195   Data   RO         6528    .conststring        usmart_config.o
    0x08006801   0x08006801   0x00000003   PAD
    0x08006804   0x08006804   0x00000020   Data   RO         6951    Region$$Table       anon$$obj.o


    Execution Region RW_IRAM1 (Exec base: 0x20000000, Load base: 0x08006824, Size: 0x00000e88, Max: 0x00020000, ABSOLUTE, COMPRESSED[0x00000078])

    Exec Addr    Load Addr    Size         Type   Attr      Idx    E Section Name        Object

    0x20000000   COMPRESSED   0x00000004   Data   RW          340    .data               system_stm32f4xx.o
    0x20000004   COMPRESSED   0x00000004   Data   RW          380    .data               demo.o
    0x20000008   COMPRESSED   0x00000004   Data   RW          439    .data               delay.o
    0x2000000c   COMPRESSED   0x00000007   Data   RW          561    .data               usart.o
    0x20000013   COMPRESSED   0x00000001   PAD
    0x20000014   COMPRESSED   0x00000009   Data   RW          656    .data               stm32f4xx_hal.o
    0x2000001d   COMPRESSED   0x00000001   Data   RW         4756    .data               key.o
    0x2000001e   COMPRESSED   0x00000002   PAD
    0x20000020   COMPRESSED   0x0000001c   Data   RW         6462    .data               usmart.o
    0x2000003c   COMPRESSED   0x00000144   Data   RW         6529    .data               usmart_config.o
    0x20000180        -       0x0000010c   Zero   RW          560    .bss                usart.o
    0x2000028c        -       0x000002a4   Zero   RW         4972    .bss                sdio_sdcard.o
    0x20000530        -       0x00000058   Zero   RW         5140    .bss                spi.o
    0x20000588        -       0x00000454   Zero   RW         5259    .bss                oled.o
    0x200009dc        -       0x00000048   Zero   RW         6562    .bss                usmart_port.o
    0x20000a24        -       0x00000060   Zero   RW         6834    .bss                c_w.l(libspace.o)
    0x20000a84   COMPRESSED   0x00000004   PAD
    0x20000a88        -       0x00000000   Zero   RW            2    HEAP                startup_stm32f407xx.o
    0x20000a88        -       0x00000400   Zero   RW            1    STACK               startup_stm32f407xx.o



  Load Region LR$$.ARM.__AT_0x68000000 (Base: 0x68000000, Size: 0x00000000, Max: 0x000f0c00, ABSOLUTE)

    Execution Region ER$$.ARM.__AT_0x68000000 (Exec base: 0x68000000, Load base: 0x68000000, Size: 0x000f0c00, Max: 0x000f0c00, ABSOLUTE, UNINIT)

    Exec Addr    Load Addr    Size         Type   Attr      Idx    E Section Name        Object

    0x68000000        -       0x000f0c00   Zero   RW         6379    .ARM.__AT_0x68000000  malloc.o



  Load Region LR$$.ARM.__AT_0x680F0C00 (Base: 0x680f0c00, Size: 0x00000000, Max: 0x0000f0c0, ABSOLUTE)

    Execution Region ER$$.ARM.__AT_0x680F0C00 (Exec base: 0x680f0c00, Load base: 0x680f0c00, Size: 0x0000f0c0, Max: 0x0000f0c0, ABSOLUTE, UNINIT)

    Exec Addr    Load Addr    Size         Type   Attr      Idx    E Section Name        Object

    0x680f0c00        -       0x0000f0c0   Zero   RW         6380    .ARM.__AT_0x680F0C00  malloc.o


==============================================================================

Image component sizes


      Code (inc. data)   RO Data    RW Data    ZI Data      Debug   Object Name

       276          0          0          0          0       3608   24cxx.o
       704         30         64          0          0      11225   atk_mo1053.o
       154          8          0          4          0       2611   delay.o
      2408       1218          0          4          0       4684   demo.o
       348         18          0          1          0       1702   key.o
       152         10          0          0          0        927   led.o
        76          8          0          0          0     724683   main.o
         0          0          0          0    1047744       1603   malloc.o
       614         30          0          0          0       4375   myiic.o
      1260         54          0          0       1108      12134   oled.o
       484         38          0          0        676       3032   sdio_sdcard.o
       104          8          0          0         88       1313   spi.o
        76         28        392          0       1024        980   startup_stm32f407xx.o
       174         34          0          9          0       9814   stm32f4xx_hal.o
       344         22          0          0          0      35097   stm32f4xx_hal_cortex.o
       210          0          0          0          0       1967   stm32f4xx_hal_dma.o
       564         46          0          0          0       3448   stm32f4xx_hal_gpio.o
      1600         32          0          0          0       8173   stm32f4xx_hal_i2c.o
      1820         84          0          0          0       5640   stm32f4xx_hal_rcc.o
      1918         26          0          0          0       8841   stm32f4xx_hal_sd.o
      1046         14          0          0          0       4082   stm32f4xx_hal_spi.o
       488         76          0          0          0       3268   stm32f4xx_hal_tim.o
      1796         16          0          0          0       9836   stm32f4xx_hal_uart.o
        32          0          0          0          0       4166   stm32f4xx_it.o
      1758         40          0          0          0      19068   stm32f4xx_ll_sdmmc.o
       204         12          0          0          0       1347   sys.o
        20          6         24          4          0       1347   system_stm32f4xx.o
       460         56          0          7        268       5585   usart.o
      2898       1308         40         28          0       5950   usmart.o
         0          0        405        324          0       1536   usmart_config.o
       328         50          0          0         72       3462   usmart_port.o
      1400         20          0          0          0       9353   usmart_str.o

    ----------------------------------------------------------------------
     23750       3292        960        384    1050980     914857   Object Totals
         0          0         32          0          0          0   (incl. Generated)
        34          0          3          3          0          0   (incl. Padding)

    ----------------------------------------------------------------------

      Code (inc. data)   RO Data    RW Data    ZI Data      Debug   Library Member Name

        90          0          0          0          0          0   __dczerorl2.o
         8          0          0          0          0         68   __main.o
       392          4         17          0          0         92   __printf_flags_ss_wp.o
        14          0          0          0          0         68   __printf_wp.o
         0          0          0          0          0          0   __rtentry.o
        12          0          0          0          0          0   __rtentry2.o
         6          0          0          0          0          0   __rtentry4.o
        52          8          0          0          0          0   __scatter.o
        28          0          0          0          0          0   __scatter_zi.o
         6          0          0          0          0          0   _printf_c.o
        44          0          0          0          0        108   _printf_char.o
        48          6          0          0          0         96   _printf_char_common.o
        36          4          0          0          0         80   _printf_char_file.o
         6          0          0          0          0          0   _printf_d.o
       120         16          0          0          0         92   _printf_dec.o
        88          4         40          0          0         88   _printf_hex_int.o
       178          0          0          0          0         88   _printf_intcommon.o
        78          0          0          0          0        108   _printf_pad.o
         0          0          0          0          0          0   _printf_percent.o
         4          0          0          0          0          0   _printf_percent_end.o
         6          0          0          0          0          0   _printf_s.o
        82          0          0          0          0         80   _printf_str.o
         6          0          0          0          0          0   _printf_u.o
         6          0          0          0          0          0   _printf_x.o
        16          0          0          0          0         68   aeabi_memset.o
        18          0          0          0          0         80   exit.o
         8          0          0          0          0         68   ferror.o
         6          0          0          0          0        152   heapauxi.o
         2          0          0          0          0          0   libinit.o
         6          0          0          0          0          0   libinit2.o
         2          0          0          0          0          0   libshutdown.o
         2          0          0          0          0          0   libshutdown2.o
         8          4          0          0         96         68   libspace.o
       238          0          0          0          0        100   lludivv7m.o
        24          4          0          0          0         84   noretval__2printf.o
        68          0          0          0          0         68   rt_memclr.o
        78          0          0          0          0         80   rt_memclr_w.o
         2          0          0          0          0          0   rtexit.o
        10          0          0          0          0          0   rtexit2.o
        74          0          0          0          0         80   sys_stackheap_outer.o
         2          0          0          0          0         68   use_no_semi.o
         2          0          0          0          0         68   use_no_semi_2.o
        10          0          0          0          0        116   fpinit.o

    ----------------------------------------------------------------------
      1892         50         58          0        100       2068   Library Totals
         6          0          1          0          4          0   (incl. Padding)

    ----------------------------------------------------------------------

      Code (inc. data)   RO Data    RW Data    ZI Data      Debug   Library Name

      1876         50         57          0         96       1952   c_w.l
        10          0          0          0          0        116   fz_wm.l

    ----------------------------------------------------------------------
      1892         50         58          0        100       2068   Library Totals

    ----------------------------------------------------------------------

==============================================================================


      Code (inc. data)   RO Data    RW Data    ZI Data      Debug   

     25642       3342       1018        384    1051080     897537   Grand Totals
     25642       3342       1018        120    1051080     897537   ELF Image Totals (compressed)
     25642       3342       1018        120          0          0   ROM Totals

==============================================================================

    Total RO  Size (Code + RO Data)                26660 (  26.04kB)
    Total RW  Size (RW Data + ZI Data)           1051464 (1026.82kB)
    Total ROM Size (Code + RO Data + RW Data)      26780 (  26.15kB)

==============================================================================

