<html>
<body>
<pre>
<h1>µVision Build Log</h1>
<h2>Tool Versions:</h2>
IDE-Version: ¦ÌVision V5.43.0.0
Copyright (C) 2025 ARM Ltd and ARM Germany GmbH. All rights reserved.
License Information: 11 LT, 23213, LIC=ZB4EI-T55BQ-X7NRZ-JRHQ3-VIYF7-JP5RR
 
Tool Versions:
Toolchain:       MDK-ARM Plus  Version: 5.43.0.0
Toolchain Path:  D:\keil5\MDK\ARM\ARMCC\Bin
C Compiler:      Armcc.exe V5.06 update 1 (build 61)
Assembler:       Armasm.exe V5.06 update 1 (build 61)
Linker/Locator:  ArmLink.exe V5.06 update 1 (build 61)
Library Manager: ArmAr.exe V5.06 update 1 (build 61)
Hex Converter:   FromElf.exe V5.06 update 1 (build 61)
CPU DLL:         SARMCM3.DLL V5.43.0.0
Dialog DLL:      DCM.DLL V1.17.5.0
Target DLL:      CMSIS_AGDI.dll V1.33.24.0
Dialog DLL:      TCM.DLL V1.56.6.0
 
<h2>Project:</h2>
C:\Users\LT\Desktop\Music\Projects\MDK-ARM\atk_f407.uvprojx
Project File Date:  03/22/2026

<h2>Output:</h2>
*** Using Compiler 'V5.06 update 1 (build 61)', folder: 'D:\keil5\MDK\ARM\ARMCC\Bin'
Rebuild target 'ATK-MO1053'
assembling startup_stm32f407xx.s...
compiling delay.c...
compiling system_stm32f4xx.c...
compiling stm32f4xx_hal.c...
compiling stm32f4xx_hal_rcc_ex.c...
compiling stm32f4xx_it.c...
compiling stm32f4xx_hal_rcc.c...
compiling usart.c...
compiling stm32f4xx_hal_gpio.c...
compiling sys.c...
compiling main.c...
compiling stm32f4xx_hal_cortex.c...
compiling demo.c...
compiling stm32f4xx_hal_usart.c...
compiling stm32f4xx_hal_sram.c...
compiling stm32f4xx_hal_uart.c...
compiling stm32f4xx_ll_fsmc.c...
compiling stm32f4xx_hal_pwr_ex.c...
compiling stm32f4xx_hal_sd.c...
compiling stm32f4xx_hal_dma_ex.c...
compiling stm32f4xx_hal_dma.c...
compiling stm32f4xx_hal_tim_ex.c...
compiling stm32f4xx_hal_spi.c...
compiling stm32f4xx_hal_pwr.c...
compiling stm32f4xx_hal_tim.c...
compiling led.c...
compiling stm32f4xx_ll_sdmmc.c...
compiling norflash.c...
compiling oled.c...
compiling stm32f4xx_hal_i2c_ex.c...
compiling key.c...
compiling sdio_sdcard.c...
compiling myffunicode.c...
compiling 24cxx.c...
compiling stm32f4xx_hal_i2c.c...
compiling sram.c...
compiling atk_mo1053.c...
compiling spi.c...
compiling ff.c...
compiling myiic.c...
compiling ffsystem.c...
compiling malloc.c...
compiling usmart_str.c...
compiling diskio.c...
compiling usmart.c...
compiling exfuns.c...
compiling fattester.c...
compiling usmart_port.c...
compiling usmart_config.c...
linking...
Program Size: Code=25642 RO-data=1018 RW-data=384 ZI-data=1051080  
FromELF: creating hex file...
"..\..\Output\atk_f407.axf" - 0 Error(s), 0 Warning(s).

<h2>Software Packages used:</h2>

Package Vendor: Keil
                https://www.keil.com/pack/Keil.STM32F4xx_DFP.2.17.1.pack
                Keil::STM32F4xx_DFP@2.17.1
                STMicroelectronics STM32F4 Series Device Support, Drivers and Examples

<h2>Collection of Component include folders:</h2>
  D:/keil5/MDK/ARM/Pack/Keil/STM32F4xx_DFP/2.17.1/Drivers/CMSIS/Device/ST/STM32F4xx/Include

<h2>Collection of Component Files used:</h2>
Build Time Elapsed:  00:00:41
</pre>
</body>
</html>
