Component: ARM Compiler 5.06 update 1 (build 61) Tool: armlink [4d35a8]

==============================================================================

Section Cross References

    startup_stm32f407xx.o(STACK) refers (Special) to heapauxi.o(.text) for __use_two_region_memory
    startup_stm32f407xx.o(HEAP) refers (Special) to heapauxi.o(.text) for __use_two_region_memory
    startup_stm32f407xx.o(RESET) refers (Special) to heapauxi.o(.text) for __use_two_region_memory
    startup_stm32f407xx.o(RESET) refers to startup_stm32f407xx.o(STACK) for __initial_sp
    startup_stm32f407xx.o(RESET) refers to startup_stm32f407xx.o(.text) for Reset_Handler
    startup_stm32f407xx.o(RESET) refers to stm32f4xx_it.o(i.NMI_Handler) for NMI_Handler
    startup_stm32f407xx.o(RESET) refers to stm32f4xx_it.o(i.HardFault_Handler) for HardFault_Handler
    startup_stm32f407xx.o(RESET) refers to stm32f4xx_it.o(i.MemManage_Handler) for MemManage_Handler
    startup_stm32f407xx.o(RESET) refers to stm32f4xx_it.o(i.BusFault_Handler) for BusFault_Handler
    startup_stm32f407xx.o(RESET) refers to stm32f4xx_it.o(i.UsageFault_Handler) for UsageFault_Handler
    startup_stm32f407xx.o(RESET) refers to stm32f4xx_it.o(i.SVC_Handler) for SVC_Handler
    startup_stm32f407xx.o(RESET) refers to stm32f4xx_it.o(i.DebugMon_Handler) for DebugMon_Handler
    startup_stm32f407xx.o(RESET) refers to stm32f4xx_it.o(i.PendSV_Handler) for PendSV_Handler
    startup_stm32f407xx.o(RESET) refers to stm32f4xx_it.o(i.SysTick_Handler) for SysTick_Handler
    startup_stm32f407xx.o(RESET) refers to usmart_port.o(i.TIM4_IRQHandler) for TIM4_IRQHandler
    startup_stm32f407xx.o(RESET) refers to uart_esp32.o(i.USART1_IRQHandler) for USART1_IRQHandler
    startup_stm32f407xx.o(RESET) refers to usart.o(i.USART2_IRQHandler) for USART2_IRQHandler
    startup_stm32f407xx.o(RESET) refers to uart_esp32.o(i.DMA2_Stream5_IRQHandler) for DMA2_Stream5_IRQHandler
    startup_stm32f407xx.o(RESET) refers to uart_esp32.o(i.DMA2_Stream7_IRQHandler) for DMA2_Stream7_IRQHandler
    startup_stm32f407xx.o(.text) refers (Special) to heapauxi.o(.text) for __use_two_region_memory
    startup_stm32f407xx.o(.text) refers to system_stm32f4xx.o(i.SystemInit) for SystemInit
    startup_stm32f407xx.o(.text) refers to __main.o(!!!main) for __main
    startup_stm32f407xx.o(.text) refers to startup_stm32f407xx.o(HEAP) for Heap_Mem
    startup_stm32f407xx.o(.text) refers to startup_stm32f407xx.o(STACK) for Stack_Mem
    main.o(i.main) refers to stm32f4xx_hal.o(i.HAL_Init) for HAL_Init
    main.o(i.main) refers to sys.o(i.sys_stm32_clock_init) for sys_stm32_clock_init
    main.o(i.main) refers to delay.o(i.delay_init) for delay_init
    main.o(i.main) refers to usart.o(i.usart_init) for usart_init
    main.o(i.main) refers to led.o(i.led_init) for led_init
    main.o(i.main) refers to key.o(i.key_init) for key_init
    main.o(i.main) refers to oled.o(i.oled_init) for oled_init
    main.o(i.main) refers to oled.o(i.oled_show_string) for oled_show_string
    main.o(i.main) refers to oled.o(i.oled_refresh) for oled_refresh
    main.o(i.main) refers to noretval__2printf.o(.text) for __2printf
    main.o(i.main) refers to music_player.o(i.music_player_init) for music_player_init
    main.o(i.main) refers to stm32f4xx_hal_gpio.o(i.HAL_GPIO_TogglePin) for HAL_GPIO_TogglePin
    main.o(i.main) refers to delay.o(i.delay_ms) for delay_ms
    main.o(i.main) refers to music_player.o(i.music_player_run) for music_player_run
    stm32f4xx_it.o(i.SysTick_Handler) refers to stm32f4xx_hal.o(i.HAL_IncTick) for HAL_IncTick
    system_stm32f4xx.o(i.SystemCoreClockUpdate) refers to system_stm32f4xx.o(.data) for SystemCoreClock
    system_stm32f4xx.o(i.SystemCoreClockUpdate) refers to system_stm32f4xx.o(.constdata) for AHBPrescTable
    music_player.o(i.mp_handle_key) refers to key.o(i.key_scan) for key_scan
    music_player.o(i.mp_handle_key) refers to music_player.o(i.music_volume_up) for music_volume_up
    music_player.o(i.mp_oled_show_filename) refers to oled.o(i.oled_clear) for oled_clear
    music_player.o(i.mp_oled_show_filename) refers to oled.o(i.oled_show_string) for oled_show_string
    music_player.o(i.mp_oled_show_filename) refers to strncpy.o(.text) for strncpy
    music_player.o(i.mp_oled_show_filename) refers to oled.o(i.oled_refresh) for oled_refresh
    music_player.o(i.mp_oled_show_progress) refers to _printf_pad.o(.text) for _printf_pre_padding
    music_player.o(i.mp_oled_show_progress) refers to _printf_percent.o(.ARM.Collect$$_printf_percent$$00000000) for _printf_percent
    music_player.o(i.mp_oled_show_progress) refers to _printf_u.o(.ARM.Collect$$_printf_percent$$0000000A) for _printf_u
    music_player.o(i.mp_oled_show_progress) refers to _printf_dec.o(.text) for _printf_int_dec
    music_player.o(i.mp_oled_show_progress) refers to noretval__2snprintf.o(.text) for __2snprintf
    music_player.o(i.mp_oled_show_progress) refers to oled.o(i.oled_show_string) for oled_show_string
[...]
    I2C3_EV_IRQHandler                       0x080002ad   Thumb Code     0  startup_stm32f407xx.o(.text)
    OTG_FS_IRQHandler                        0x080002ad   Thumb Code     0  startup_stm32f407xx.o(.text)
    OTG_FS_WKUP_IRQHandler                   0x080002ad   Thumb Code     0  startup_stm32f407xx.o(.text)
    OTG_HS_EP1_IN_IRQHandler                 0x080002ad   Thumb Code     0  startup_stm32f407xx.o(.text)
    OTG_HS_EP1_OUT_IRQHandler                0x080002ad   Thumb Code     0  startup_stm32f407xx.o(.text)
    OTG_HS_IRQHandler                        0x080002ad   Thumb Code     0  startup_stm32f407xx.o(.text)
    OTG_HS_WKUP_IRQHandler                   0x080002ad   Thumb Code     0  startup_stm32f407xx.o(.text)
    PVD_IRQHandler                           0x080002ad   Thumb Code     0  startup_stm32f407xx.o(.text)
    RCC_IRQHandler                           0x080002ad   Thumb Code     0  startup_stm32f407xx.o(.text)
    RTC_Alarm_IRQHandler                     0x080002ad   Thumb Code     0  startup_stm32f407xx.o(.text)
    RTC_WKUP_IRQHandler                      0x080002ad   Thumb Code     0  startup_stm32f407xx.o(.text)
    SDIO_IRQHandler                          0x080002ad   Thumb Code     0  startup_stm32f407xx.o(.text)
    SPI1_IRQHandler                          0x080002ad   Thumb Code     0  startup_stm32f407xx.o(.text)
    SPI2_IRQHandler                          0x080002ad   Thumb Code     0  startup_stm32f407xx.o(.text)
    SPI3_IRQHandler                          0x080002ad   Thumb Code     0  startup_stm32f407xx.o(.text)
    TAMP_STAMP_IRQHandler                    0x080002ad   Thumb Code     0  startup_stm32f407xx.o(.text)
    TIM1_BRK_TIM9_IRQHandler                 0x080002ad   Thumb Code     0  startup_stm32f407xx.o(.text)
    TIM1_CC_IRQHandler                       0x080002ad   Thumb Code     0  startup_stm32f407xx.o(.text)
    TIM1_TRG_COM_TIM11_IRQHandler            0x080002ad   Thumb Code     0  startup_stm32f407xx.o(.text)
    TIM1_UP_TIM10_IRQHandler                 0x080002ad   Thumb Code     0  startup_stm32f407xx.o(.text)
    TIM2_IRQHandler                          0x080002ad   Thumb Code     0  startup_stm32f407xx.o(.text)
    TIM3_IRQHandler                          0x080002ad   Thumb Code     0  startup_stm32f407xx.o(.text)
    TIM5_IRQHandler                          0x080002ad   Thumb Code     0  startup_stm32f407xx.o(.text)
    TIM6_DAC_IRQHandler                      0x080002ad   Thumb Code     0  startup_stm32f407xx.o(.text)
    TIM7_IRQHandler                          0x080002ad   Thumb Code     0  startup_stm32f407xx.o(.text)
    TIM8_BRK_TIM12_IRQHandler                0x080002ad   Thumb Code     0  startup_stm32f407xx.o(.text)
    TIM8_CC_IRQHandler                       0x080002ad   Thumb Code     0  startup_stm32f407xx.o(.text)
    TIM8_TRG_COM_TIM14_IRQHandler            0x080002ad   Thumb Code     0  startup_stm32f407xx.o(.text)
    TIM8_UP_TIM13_IRQHandler                 0x080002ad   Thumb Code     0  startup_stm32f407xx.o(.text)
    UART4_IRQHandler                         0x080002ad   Thumb Code     0  startup_stm32f407xx.o(.text)
    UART5_IRQHandler                         0x080002ad   Thumb Code     0  startup_stm32f407xx.o(.text)
    USART3_IRQHandler                        0x080002ad   Thumb Code     0  startup_stm32f407xx.o(.text)
    USART6_IRQHandler                        0x080002ad   Thumb Code     0  startup_stm32f407xx.o(.text)
    WWDG_IRQHandler                          0x080002ad   Thumb Code     0  startup_stm32f407xx.o(.text)
    __user_initial_stackheap                 0x080002b1   Thumb Code     0  startup_stm32f407xx.o(.text)
    __use_no_semihosting                     0x080002d5   Thumb Code     2  use_no_semi_2.o(.text)
    __aeabi_uldivmod                         0x080002d7   Thumb Code     0  lludivv7m.o(.text)
    _ll_udiv                                 0x080002d7   Thumb Code   238  lludivv7m.o(.text)
    __aeabi_ldivmod                          0x080003c5   Thumb Code     0  llsdiv.o(.text)
    _ll_sdiv                                 0x080003c5   Thumb Code    72  llsdiv.o(.text)
    __2printf                                0x0800040d   Thumb Code    20  noretval__2printf.o(.text)
    __2snprintf                              0x08000425   Thumb Code    48  noretval__2snprintf.o(.text)
    _printf_pre_padding                      0x08000459   Thumb Code    44  _printf_pad.o(.text)
    _printf_post_padding                     0x08000485   Thumb Code    34  _printf_pad.o(.text)
    _printf_str                              0x080004a7   Thumb Code    82  _printf_str.o(.text)
    _printf_int_dec                          0x080004f9   Thumb Code   104  _printf_dec.o(.text)
    _printf_int_hex                          0x08000571   Thumb Code    84  _printf_hex_int.o(.text)
    _printf_longlong_hex                     0x08000571   Thumb Code     0  _printf_hex_int.o(.text)
    __printf                                 0x080005c9   Thumb Code   388  __printf_flags_ss_wp.o(.text)
    strcpy                                   0x08000751   Thumb Code    72  strcpy.o(.text)
    __aeabi_memset                           0x08000799   Thumb Code    16  aeabi_memset.o(.text)
    __aeabi_memclr                           0x080007a9   Thumb Code     0  rt_memclr.o(.text)
    __rt_memclr                              0x080007a9   Thumb Code    68  rt_memclr.o(.text)
    _memset                                  0x080007ad   Thumb Code     0  rt_memclr.o(.text)
    __aeabi_memclr4                          0x080007ed   Thumb Code     0  rt_memclr_w.o(.text)
    __aeabi_memclr8                          0x080007ed   Thumb Code     0  rt_memclr_w.o(.text)
    __rt_memclr_w                            0x080007ed   Thumb Code    78  rt_memclr_w.o(.text)
    _memset_w                                0x080007f1   Thumb Code     0  rt_memclr_w.o(.text)
    strncpy                                  0x0800083b   Thumb Code    86  strncpy.o(.text)
    strcmp                                   0x08000891   Thumb Code   128  strcmpv7m.o(.text)
    __use_two_region_memory                  0x08000911   Thumb Code     2  heapauxi.o(.text)
    __rt_heap_escrow                         0x08000913   Thumb Code     2  heapauxi.o(.text)
    __rt_heap_expand                         0x08000915   Thumb Code     2  heapauxi.o(.text)
    __semihosting$guard                      0x08000917   Thumb Code     0  use_no_semi.o(.text)
    __use_no_semihosting_swi                 0x08000917   Thumb Code     2  use_no_semi.o(.text)
    _printf_int_common                       0x08000919   Thumb Code   178  _printf_intcommon.o(.text)
    _printf_char_common                      0x080009d7   Thumb Code    32  _printf_char_common.o(.text)
    _sputc                                   0x080009fd   Thumb Code    10  _sputc.o(.text)
    _snputc                                  0x08000a07   Thumb Code    16  _snputc.o(.text)
    _printf_cs_common                        0x08000a17   Thumb Code    20  _printf_char.o(.text)
    _printf_char                             0x08000a2b   Thumb Code    16  _printf_char.o(.text)
    _printf_string                           0x08000a3b   Thumb Code     8  _printf_char.o(.text)
    _printf_char_file                        0x08000a45   Thumb Code    32  _printf_char_file.o(.text)
    __user_libspace                          0x08000a69   Thumb Code     8  libspace.o(.text)
    __user_perproc_libspace                  0x08000a69   Thumb Code     0  libspace.o(.text)
    __user_perthread_libspace                0x08000a69   Thumb Code     0  libspace.o(.text)
    ferror                                   0x08000a71   Thumb Code     8  ferror.o(.text)
    __user_setup_stackheap                   0x08000a79   Thumb Code    74  sys_stackheap_outer.o(.text)
    exit                                     0x08000ac3   Thumb Code    18  exit.o(.text)
    BusFault_Handler                         0x08000ad5   Thumb Code     4  stm32f4xx_it.o(i.BusFault_Handler)
    DMA2_Stream5_IRQHandler                  0x08000ad9   Thumb Code    10  uart_esp32.o(i.DMA2_Stream5_IRQHandler)
    DMA2_Stream7_IRQHandler                  0x08000ae9   Thumb Code    10  uart_esp32.o(i.DMA2_Stream7_IRQHandler)
    DebugMon_Handler                         0x08000bd7   Thumb Code     2  stm32f4xx_it.o(i.DebugMon_Handler)
    FSMC_NORSRAM_Extended_Timing_Init        0x08000bd9   Thumb Code    66  stm32f4xx_ll_fsmc.o(i.FSMC_NORSRAM_Extended_Timing_Init)
    FSMC_NORSRAM_Init                        0x08000c21   Thumb Code    88  stm32f4xx_ll_fsmc.o(i.FSMC_NORSRAM_Init)
    FSMC_NORSRAM_Timing_Init                 0x08000c7d   Thumb Code    68  stm32f4xx_ll_fsmc.o(i.FSMC_NORSRAM_Timing_Init)
    HAL_DMA_Abort                            0x08000cc1   Thumb Code   170  stm32f4xx_hal_dma.o(i.HAL_DMA_Abort)
    HAL_DMA_Abort_IT                         0x08000d6b   Thumb Code    40  stm32f4xx_hal_dma.o(i.HAL_DMA_Abort_IT)
    HAL_DMA_IRQHandler                       0x08000d95   Thumb Code   570  stm32f4xx_hal_dma.o(i.HAL_DMA_IRQHandler)
    HAL_DMA_Init                             0x08000fd5   Thumb Code   232  stm32f4xx_hal_dma.o(i.HAL_DMA_Init)
    HAL_Delay                                0x080010c1   Thumb Code    12  delay.o(i.HAL_Delay)
    HAL_GPIO_Init                            0x080010cd   Thumb Code   470  stm32f4xx_hal_gpio.o(i.HAL_GPIO_Init)
    HAL_GPIO_ReadPin                         0x080012d1   Thumb Code    16  stm32f4xx_hal_gpio.o(i.HAL_GPIO_ReadPin)
    HAL_GPIO_TogglePin                       0x080012e1   Thumb Code    20  stm32f4xx_hal_gpio.o(i.HAL_GPIO_TogglePin)
    HAL_GPIO_WritePin                        0x080012f5   Thumb Code    12  stm32f4xx_hal_gpio.o(i.HAL_GPIO_WritePin)
    HAL_GetREVID                             0x08001301   Thumb Code     8  stm32f4xx_hal.o(i.HAL_GetREVID)
    HAL_GetTick                              0x0800130d   Thumb Code     6  stm32f4xx_hal.o(i.HAL_GetTick)
    HAL_I2C_Init                             0x08001319   Thumb Code   446  stm32f4xx_hal_i2c.o(i.HAL_I2C_Init)
    HAL_I2C_Master_Transmit                  0x080014e9   Thumb Code   360  stm32f4xx_hal_i2c.o(i.HAL_I2C_Master_Transmit)
    HAL_I2C_MspInit                          0x08001659   Thumb Code   114  oled.o(i.HAL_I2C_MspInit)
    HAL_IncTick                              0x080016d9   Thumb Code    16  stm32f4xx_hal.o(i.HAL_IncTick)
    HAL_Init                                 0x080016f1   Thumb Code    44  stm32f4xx_hal.o(i.HAL_Init)
    HAL_InitTick                             0x08001721   Thumb Code    64  stm32f4xx_hal.o(i.HAL_InitTick)
    HAL_MspInit                              0x0800176d   Thumb Code     2  stm32f4xx_hal.o(i.HAL_MspInit)
    HAL_NVIC_EnableIRQ                       0x0800176f   Thumb Code    32  stm32f4xx_hal_cortex.o(i.HAL_NVIC_EnableIRQ)
    HAL_NVIC_SetPriority                     0x0800178f   Thumb Code   124  stm32f4xx_hal_cortex.o(i.HAL_NVIC_SetPriority)
    HAL_NVIC_SetPriorityGrouping             0x0800180d   Thumb Code    32  stm32f4xx_hal_cortex.o(i.HAL_NVIC_SetPriorityGrouping)
    HAL_RCC_ClockConfig                      0x08001835   Thumb Code   368  stm32f4xx_hal_rcc.o(i.HAL_RCC_ClockConfig)
    HAL_RCC_GetHCLKFreq                      0x080019b9   Thumb Code     6  stm32f4xx_hal_rcc.o(i.HAL_RCC_GetHCLKFreq)
    HAL_RCC_GetPCLK1Freq                     0x080019c5   Thumb Code    22  stm32f4xx_hal_rcc.o(i.HAL_RCC_GetPCLK1Freq)
    HAL_RCC_GetPCLK2Freq                     0x080019e5   Thumb Code    22  stm32f4xx_hal_rcc.o(i.HAL_RCC_GetPCLK2Freq)
    HAL_RCC_GetSysClockFreq                  0x08001a05   Thumb Code   162  stm32f4xx_hal_rcc.o(i.HAL_RCC_GetSysClockFreq)
    HAL_RCC_OscConfig                        0x08001ab5   Thumb Code  1172  stm32f4xx_hal_rcc.o(i.HAL_RCC_OscConfig)
    HAL_SD_ConfigWideBusOperation            0x08001f51   Thumb Code   196  stm32f4xx_hal_sd.o(i.HAL_SD_ConfigWideBusOperation)
    HAL_SD_GetCardCSD                        0x08002019   Thumb Code   450  stm32f4xx_hal_sd.o(i.HAL_SD_GetCardCSD)
    HAL_SD_GetCardInfo                       0x080021e1   Thumb Code    38  stm32f4xx_hal_sd.o(i.HAL_SD_GetCardInfo)
    HAL_SD_GetCardState                      0x08002207   Thumb Code    36  stm32f4xx_hal_sd.o(i.HAL_SD_GetCardState)
    HAL_SD_Init                              0x0800222b   Thumb Code    60  stm32f4xx_hal_sd.o(i.HAL_SD_Init)
    HAL_SD_InitCard                          0x08002269   Thumb Code   162  stm32f4xx_hal_sd.o(i.HAL_SD_InitCard)
    HAL_SD_MspInit                           0x08002315   Thumb Code   362  sdio_sdcard.o(i.HAL_SD_MspInit)
    HAL_SD_ReadBlocks                        0x08002491   Thumb Code   660  stm32f4xx_hal_sd.o(i.HAL_SD_ReadBlocks)
    HAL_SD_WriteBlocks                       0x08002729   Thumb Code   556  stm32f4xx_hal_sd.o(i.HAL_SD_WriteBlocks)
    HAL_SPI_Init                             0x08002959   Thumb Code   222  stm32f4xx_hal_spi.o(i.HAL_SPI_Init)
    HAL_SPI_MspInit                          0x08002a39   Thumb Code   174  spi.o(i.HAL_SPI_MspInit)
    HAL_SPI_TransmitReceive                  0x08002af5   Thumb Code   722  stm32f4xx_hal_spi.o(i.HAL_SPI_TransmitReceive)
    HAL_SRAM_Init                            0x08002dc7   Thumb Code    88  stm32f4xx_hal_sram.o(i.HAL_SRAM_Init)
    HAL_SRAM_MspInit                         0x08002e1f   Thumb Code     2  stm32f4xx_hal_sram.o(i.HAL_SRAM_MspInit)
    HAL_SYSTICK_CLKSourceConfig              0x08002e21   Thumb Code    40  stm32f4xx_hal_cortex.o(i.HAL_SYSTICK_CLKSourceConfig)
    HAL_SYSTICK_Config                       0x08002e49   Thumb Code    52  stm32f4xx_hal_cortex.o(i.HAL_SYSTICK_Config)
    HAL_TIM_Base_Init                        0x08002e7d   Thumb Code   102  stm32f4xx_hal_tim.o(i.HAL_TIM_Base_Init)
    HAL_TIM_Base_MspInit                     0x08002ee3   Thumb Code     2  stm32f4xx_hal_tim.o(i.HAL_TIM_Base_MspInit)
    HAL_TIM_Base_Start_IT                    0x08002ee5   Thumb Code   138  stm32f4xx_hal_tim.o(i.HAL_TIM_Base_Start_IT)
    HAL_UARTEx_RxEventCallback               0x08002f8d   Thumb Code    24  uart_esp32.o(i.HAL_UARTEx_RxEventCallback)
    HAL_UART_ErrorCallback                   0x08002fad   Thumb Code     2  stm32f4xx_hal_uart.o(i.HAL_UART_ErrorCallback)
    HAL_UART_IRQHandler                      0x08002fb1   Thumb Code   586  stm32f4xx_hal_uart.o(i.HAL_UART_IRQHandler)
    HAL_UART_Init                            0x08003201   Thumb Code   114  stm32f4xx_hal_uart.o(i.HAL_UART_Init)
    HAL_UART_MspInit                         0x08003275   Thumb Code   560  usart.o(i.HAL_UART_MspInit)
    HAL_UART_Receive_IT                      0x080034c1   Thumb Code    66  stm32f4xx_hal_uart.o(i.HAL_UART_Receive_IT)
    HAL_UART_RxCpltCallback                  0x08003505   Thumb Code   134  usart.o(i.HAL_UART_RxCpltCallback)
    HAL_UART_TxCpltCallback                  0x080035a1   Thumb Code    18  uart_esp32.o(i.HAL_UART_TxCpltCallback)
    HardFault_Handler                        0x080035bd   Thumb Code     4  stm32f4xx_it.o(i.HardFault_Handler)
    MemManage_Handler                        0x080038c3   Thumb Code     4  stm32f4xx_it.o(i.MemManage_Handler)
    NMI_Handler                              0x080038c7   Thumb Code     2  stm32f4xx_it.o(i.NMI_Handler)
    PendSV_Handler                           0x080038c9   Thumb Code     2  stm32f4xx_it.o(i.PendSV_Handler)
    SDIO_ConfigData                          0x080038cb   Thumb Code    44  stm32f4xx_ll_sdmmc.o(i.SDIO_ConfigData)
    SDIO_GetCommandResponse                  0x080038f7   Thumb Code     8  stm32f4xx_ll_sdmmc.o(i.SDIO_GetCommandResponse)
    SDIO_GetPowerState                       0x080038ff   Thumb Code    10  stm32f4xx_ll_sdmmc.o(i.SDIO_GetPowerState)
    SDIO_GetResponse                         0x08003909   Thumb Code    12  stm32f4xx_ll_sdmmc.o(i.SDIO_GetResponse)
    SDIO_Init                                0x08003915   Thumb Code    52  stm32f4xx_ll_sdmmc.o(i.SDIO_Init)
    SDIO_PowerState_ON                       0x08003949   Thumb Code    18  stm32f4xx_ll_sdmmc.o(i.SDIO_PowerState_ON)
    SDIO_ReadFIFO                            0x0800395b   Thumb Code     8  stm32f4xx_ll_sdmmc.o(i.SDIO_ReadFIFO)
    SDIO_SendCommand                         0x08003963   Thumb Code    40  stm32f4xx_ll_sdmmc.o(i.SDIO_SendCommand)
    SDIO_WriteFIFO                           0x0800398b   Thumb Code    12  stm32f4xx_ll_sdmmc.o(i.SDIO_WriteFIFO)
    SDMMC_CmdAppCommand                      0x08003997   Thumb Code    56  stm32f4xx_ll_sdmmc.o(i.SDMMC_CmdAppCommand)
    SDMMC_CmdAppOperCommand                  0x080039d1   Thumb Code    54  stm32f4xx_ll_sdmmc.o(i.SDMMC_CmdAppOperCommand)
    SDMMC_CmdBlockLength                     0x08003a0d   Thumb Code    56  stm32f4xx_ll_sdmmc.o(i.SDMMC_CmdBlockLength)
    SDMMC_CmdBusWidth                        0x08003a45   Thumb Code    56  stm32f4xx_ll_sdmmc.o(i.SDMMC_CmdBusWidth)
    SDMMC_CmdGoIdleState                     0x08003a7d   Thumb Code    44  stm32f4xx_ll_sdmmc.o(i.SDMMC_CmdGoIdleState)
    SDMMC_CmdOperCond                        0x08003aa9   Thumb Code    52  stm32f4xx_ll_sdmmc.o(i.SDMMC_CmdOperCond)
    SDMMC_CmdReadMultiBlock                  0x08003add   Thumb Code    56  stm32f4xx_ll_sdmmc.o(i.SDMMC_CmdReadMultiBlock)
    SDMMC_CmdReadSingleBlock                 0x08003b15   Thumb Code    56  stm32f4xx_ll_sdmmc.o(i.SDMMC_CmdReadSingleBlock)
    SDMMC_CmdSelDesel                        0x08003b4d   Thumb Code    58  stm32f4xx_ll_sdmmc.o(i.SDMMC_CmdSelDesel)
    SDMMC_CmdSendCID                         0x08003b87   Thumb Code    50  stm32f4xx_ll_sdmmc.o(i.SDMMC_CmdSendCID)
    SDMMC_CmdSendCSD                         0x08003bb9   Thumb Code    50  stm32f4xx_ll_sdmmc.o(i.SDMMC_CmdSendCSD)
    SDMMC_CmdSendSCR                         0x08003beb   Thumb Code    56  stm32f4xx_ll_sdmmc.o(i.SDMMC_CmdSendSCR)
    SDMMC_CmdSendStatus                      0x08003c23   Thumb Code    56  stm32f4xx_ll_sdmmc.o(i.SDMMC_CmdSendStatus)
    SDMMC_CmdSetRelAdd                       0x08003c5b   Thumb Code    56  stm32f4xx_ll_sdmmc.o(i.SDMMC_CmdSetRelAdd)
    SDMMC_CmdStopTransfer                    0x08003c95   Thumb Code    54  stm32f4xx_ll_sdmmc.o(i.SDMMC_CmdStopTransfer)
    SDMMC_CmdWriteMultiBlock                 0x08003cd1   Thumb Code    56  stm32f4xx_ll_sdmmc.o(i.SDMMC_CmdWriteMultiBlock)
    SDMMC_CmdWriteSingleBlock                0x08003d09   Thumb Code    56  stm32f4xx_ll_sdmmc.o(i.SDMMC_CmdWriteSingleBlock)
    SVC_Handler                              0x08004661   Thumb Code     2  stm32f4xx_it.o(i.SVC_Handler)
    SysTick_Handler                          0x08004663   Thumb Code     8  stm32f4xx_it.o(i.SysTick_Handler)
    SystemInit                               0x0800466d   Thumb Code    14  system_stm32f4xx.o(i.SystemInit)
    TIM4_IRQHandler                          0x08004681   Thumb Code    58  usmart_port.o(i.TIM4_IRQHandler)
    TIM_Base_SetConfig                       0x080046c5   Thumb Code   170  stm32f4xx_hal_tim.o(i.TIM_Base_SetConfig)
    UART_Start_Receive_IT                    0x08004af1   Thumb Code    70  stm32f4xx_hal_uart.o(i.UART_Start_Receive_IT)
    USART1_IRQHandler                        0x08004b99   Thumb Code    10  uart_esp32.o(i.USART1_IRQHandler)
    USART2_IRQHandler                        0x08004ba9   Thumb Code    10  usart.o(i.USART2_IRQHandler)
    UsageFault_Handler                       0x08004bb9   Thumb Code     4  stm32f4xx_it.o(i.UsageFault_Handler)
    _is_digit                                0x08004bf5   Thumb Code    14  __printf_wp.o(i._is_digit)
    _sys_exit                                0x08004c03   Thumb Code     4  usart.o(i._sys_exit)
    atk_mo1053_get_bitrate                   0x08004c09   Thumb Code   160  atk_mo1053.o(i.atk_mo1053_get_bitrate)
    atk_mo1053_get_byterate                  0x08004cad   Thumb Code    12  atk_mo1053.o(i.atk_mo1053_get_byterate)
    atk_mo1053_get_decode_time               0x08004cb9   Thumb Code    16  atk_mo1053.o(i.atk_mo1053_get_decode_time)
    atk_mo1053_init                          0x08004cc9   Thumb Code   224  atk_mo1053.o(i.atk_mo1053_init)
    atk_mo1053_load_patch                    0x08004db9   Thumb Code   112  atk_mo1053.o(i.atk_mo1053_load_patch)
    atk_mo1053_read_reg                      0x08004e41   Thumb Code   114  atk_mo1053.o(i.atk_mo1053_read_reg)
    atk_mo1053_reset                         0x08004ebd   Thumb Code   110  atk_mo1053.o(i.atk_mo1053_reset)
    atk_mo1053_reset_decode_time             0x08004f39   Thumb Code    20  atk_mo1053.o(i.atk_mo1053_reset_decode_time)
    atk_mo1053_restart_play                  0x08004f4d   Thumb Code   182  atk_mo1053.o(i.atk_mo1053_restart_play)
    atk_mo1053_send_music_data               0x08005005   Thumb Code    70  atk_mo1053.o(i.atk_mo1053_send_music_data)
    atk_mo1053_set_all                       0x08005055   Thumb Code    42  atk_mo1053.o(i.atk_mo1053_set_all)
    atk_mo1053_set_effect                    0x08005085   Thumb Code    50  atk_mo1053.o(i.atk_mo1053_set_effect)
    atk_mo1053_set_speaker                   0x080050b7   Thumb Code    26  atk_mo1053.o(i.atk_mo1053_set_speaker)
    atk_mo1053_set_tone                      0x080050d1   Thumb Code    82  atk_mo1053.o(i.atk_mo1053_set_tone)
    atk_mo1053_set_volume                    0x08005123   Thumb Code    38  atk_mo1053.o(i.atk_mo1053_set_volume)
    atk_mo1053_soft_reset                    0x08005149   Thumb Code   132  atk_mo1053.o(i.atk_mo1053_soft_reset)
    atk_mo1053_spi_read_write_byte           0x080051d1   Thumb Code    12  atk_mo1053.o(i.atk_mo1053_spi_read_write_byte)
    atk_mo1053_spi_speed_high                0x080051dd   Thumb Code    10  atk_mo1053.o(i.atk_mo1053_spi_speed_high)
    atk_mo1053_spi_speed_low                 0x080051e7   Thumb Code    10  atk_mo1053.o(i.atk_mo1053_spi_speed_low)
    atk_mo1053_write_cmd                     0x080051f1   Thumb Code    98  atk_mo1053.o(i.atk_mo1053_write_cmd)
    delay_init                               0x08005a09   Thumb Code    16  delay.o(i.delay_init)
    delay_ms                                 0x08005a1d   Thumb Code    50  delay.o(i.delay_ms)
    delay_us                                 0x08005a51   Thumb Code    68  delay.o(i.delay_us)
    dir_sdi                                  0x08006189   Thumb Code   170  ff.o(i.dir_sdi)
    disk_initialize                          0x08006233   Thumb Code    44  diskio.o(i.disk_initialize)
    disk_ioctl                               0x08006261   Thumb Code   176  diskio.o(i.disk_ioctl)
    disk_read                                0x08006315   Thumb Code   126  diskio.o(i.disk_read)
    disk_status                              0x08006393   Thumb Code     6  diskio.o(i.disk_status)
    disk_write                               0x08006399   Thumb Code   126  diskio.o(i.disk_write)
    exfuns_char_upper                        0x08006417   Thumb Code    26  exfuns.o(i.exfuns_char_upper)
    exfuns_file_type                         0x08006431   Thumb Code   186  exfuns.o(i.exfuns_file_type)
    exfuns_init                              0x080064f1   Thumb Code    64  exfuns.o(i.exfuns_init)
    f_close                                  0x08006535   Thumb Code    38  ff.o(i.f_close)
    f_closedir                               0x0800655b   Thumb Code    24  ff.o(i.f_closedir)
    f_mount                                  0x08006575   Thumb Code    80  ff.o(i.f_mount)
    f_open                                   0x080065c9   Thumb Code   778  ff.o(i.f_open)
    f_opendir                                0x080068d3   Thumb Code   184  ff.o(i.f_opendir)
    f_read                                   0x0800698b   Thumb Code   552  ff.o(i.f_read)
    f_readdir                                0x08006bb3   Thumb Code   112  ff.o(i.f_readdir)
    f_sync                                   0x08006c23   Thumb Code   424  ff.o(i.f_sync)
    ff_memalloc                              0x08006dcb   Thumb Code    14  ffsystem.o(i.ff_memalloc)
    ff_memfree                               0x08006dd9   Thumb Code    14  ffsystem.o(i.ff_memfree)
    ff_oem2uni                               0x08006de7   Thumb Code    14  myffunicode.o(i.ff_oem2uni)
    ff_uni2oem                               0x08006df5   Thumb Code    14  myffunicode.o(i.ff_uni2oem)
    ff_wtoupper                              0x08006e05   Thumb Code   166  myffunicode.o(i.ff_wtoupper)
    fputc                                    0x08007111   Thumb Code    24  usart.o(i.fputc)
    get_fattime                              0x08007389   Thumb Code     4  ffsystem.o(i.get_fattime)
    get_sd_card_state                        0x0800756d   Thumb Code    20  sdio_sdcard.o(i.get_sd_card_state)
    key_init                                 0x08007691   Thumb Code   178  key.o(i.key_init)
    key_scan                                 0x0800774d   Thumb Code   152  key.o(i.key_scan)
    led_init                                 0x08007899   Thumb Code   142  led.o(i.led_init)
    main                                     0x08007a81   Thumb Code   146  main.o(i.main)
    mf_free                                  0x08007bf5   Thumb Code    26  fattester.o(i.mf_free)
    mf_init                                  0x08007c15   Thumb Code    58  fattester.o(i.mf_init)
    music_play_song                          0x0800821d   Thumb Code   432  music_player.o(i.music_play_song)
    music_player_init                        0x0800845d   Thumb Code   164  music_player.o(i.music_player_init)
    music_player_run                         0x080085bd   Thumb Code   476  music_player.o(i.music_player_run)
    music_scan_files                         0x0800887d   Thumb Code   132  music_player.o(i.music_scan_files)
    music_volume_up                          0x08008901   Thumb Code    42  music_player.o(i.music_volume_up)
    my_mem_init                              0x080089b1   Thumb Code    38  malloc.o(i.my_mem_init)
    my_mem_perused                           0x08008a89   Thumb Code    56  malloc.o(i.my_mem_perused)
    my_mem_set                               0x08008ac9   Thumb Code    20  malloc.o(i.my_mem_set)
    myfree                                   0x08008add   Thumb Code    30  malloc.o(i.myfree)
    mymalloc                                 0x08008b01   Thumb Code    34  malloc.o(i.mymalloc)
    norflash_erase_sector                    0x08008b29   Thumb Code    62  norflash.o(i.norflash_erase_sector)
    norflash_init                            0x08008b6d   Thumb Code   178  norflash.o(i.norflash_init)
    norflash_read                            0x08008c2d   Thumb Code    76  norflash.o(i.norflash_read)
    norflash_read_id                         0x08008c7d   Thumb Code    76  norflash.o(i.norflash_read_id)
    norflash_read_sr                         0x08008ccd   Thumb Code    88  norflash.o(i.norflash_read_sr)
    norflash_write                           0x08008d71   Thumb Code   180  norflash.o(i.norflash_write)
    norflash_write_enable                    0x08008e29   Thumb Code    40  norflash.o(i.norflash_write_enable)
    norflash_write_sr                        0x08008ef5   Thumb Code    84  norflash.o(i.norflash_write_sr)
    oled_clear                               0x08008f4d   Thumb Code    10  oled.o(i.oled_clear)
    oled_fill                                0x08008f59   Thumb Code    26  oled.o(i.oled_fill)
    oled_init                                0x08008fb1   Thumb Code   178  oled.o(i.oled_init)
    oled_refresh                             0x08009065   Thumb Code    58  oled.o(i.oled_refresh)
    oled_show_char                           0x080090a5   Thumb Code     2  oled.o(i.oled_show_char)
    oled_show_string                         0x080090a7   Thumb Code    54  oled.o(i.oled_show_string)
    read_addr                                0x080093d3   Thumb Code     6  usmart.o(i.read_addr)
    sd_init                                  0x08009525   Thumb Code    66  sdio_sdcard.o(i.sd_init)
    sd_read_disk                             0x08009575   Thumb Code    72  sdio_sdcard.o(i.sd_read_disk)
    sd_write_disk                            0x080095c5   Thumb Code    72  sdio_sdcard.o(i.sd_write_disk)
    spi1_init                                0x08009615   Thumb Code   114  spi.o(i.spi1_init)
    spi1_read_write_byte                     0x08009695   Thumb Code    28  spi.o(i.spi1_read_write_byte)
    spi1_set_speed                           0x080096b5   Thumb Code    68  spi.o(i.spi1_set_speed)
    sram_init                                0x080096fd   Thumb Code   468  sram.o(i.sram_init)
    sys_stm32_clock_init                     0x08009b01   Thumb Code   192  sys.o(i.sys_stm32_clock_init)
    usart_init                               0x08009c19   Thumb Code    44  usart.o(i.usart_init)
    usmart_cmd_rec                           0x08009c51   Thumb Code   170  usmart.o(i.usmart_cmd_rec)
    usmart_exe                               0x08009d01   Thumb Code   632  usmart.o(i.usmart_exe)
    usmart_get_aparm                         0x08009fd5   Thumb Code   212  usmart_str.o(i.usmart_get_aparm)
    usmart_get_cmdname                       0x0800a0a9   Thumb Code    54  usmart_str.o(i.usmart_get_cmdname)
    usmart_get_fname                         0x0800a0e1   Thumb Code   440  usmart_str.o(i.usmart_get_fname)
    usmart_get_fparam                        0x0800a2a1   Thumb Code   262  usmart_str.o(i.usmart_get_fparam)
    usmart_get_input_string                  0x0800a3ad   Thumb Code    30  usmart_port.o(i.usmart_get_input_string)
    usmart_get_parmpos                       0x0800a3d5   Thumb Code    26  usmart_str.o(i.usmart_get_parmpos)
    usmart_init                              0x0800a3f5   Thumb Code    36  usmart.o(i.usmart_init)
    usmart_pow                               0x0800a41d   Thumb Code    22  usmart_str.o(i.usmart_pow)
    usmart_scan                              0x0800a435   Thumb Code   106  usmart.o(i.usmart_scan)
    usmart_search_nextc                      0x0800a4dd   Thumb Code    22  usmart_str.o(i.usmart_search_nextc)
    usmart_str2num                           0x0800a4f3   Thumb Code   262  usmart_str.o(i.usmart_str2num)
    usmart_strcmp                            0x0800a5f9   Thumb Code    34  usmart_str.o(i.usmart_strcmp)
    usmart_strcopy                           0x0800a61b   Thumb Code    22  usmart_str.o(i.usmart_strcopy)
    usmart_strlen                            0x0800a631   Thumb Code    24  usmart_str.o(i.usmart_strlen)
    usmart_sys_cmd_exe                       0x0800a649   Thumb Code  1570  usmart.o(i.usmart_sys_cmd_exe)
    usmart_timx_get_time                     0x0800ad3d   Thumb Code    58  usmart_port.o(i.usmart_timx_get_time)
    usmart_timx_init                         0x0800ad81   Thumb Code    88  usmart_port.o(i.usmart_timx_init)
    usmart_timx_reset_time                   0x0800ade5   Thumb Code    44  usmart_port.o(i.usmart_timx_reset_time)
    write_addr                               0x0800ae61   Thumb Code     4  usmart.o(i.write_addr)
    _fp_init                                 0x0800aeeb   Thumb Code    10  fpinit.o(x$fpl$fpinit)
    __fplib_config_fpu_vfp                   0x0800aef3   Thumb Code     0  fpinit.o(x$fpl$fpinit)
    __fplib_config_pureend_doubles           0x0800aef3   Thumb Code     0  fpinit.o(x$fpl$fpinit)
    AHBPrescTable                            0x0800aef4   Data          16  system_stm32f4xx.o(.constdata)
    APBPrescTable                            0x0800af04   Data           8  system_stm32f4xx.o(.constdata)
    g_bitrate                                0x0800d986   Data          64  atk_mo1053.o(.constdata)
    FILE_TYPE_TBL                            0x0800d9c8   Data         196  exfuns.o(.constdata)
    memtblsize                               0x0800dd94   Data           8  malloc.o(.constdata)
    memblksize                               0x0800dd9c   Data           8  malloc.o(.constdata)
    memsize                                  0x0800dda4   Data           8  malloc.o(.constdata)
    Region$$Table$$Base                      0x0800dffc   Number         0  anon$$obj.o(Region$$Table)
    Region$$Table$$Limit                     0x0800e01c   Number         0  anon$$obj.o(Region$$Table)
    SystemCoreClock                          0x20000000   Data           4  system_stm32f4xx.o(.data)
    __stdout                                 0x20000008   Data           4  usart.o(.data)
    g_usart_rx_sta                           0x2000000c   Data           2  usart.o(.data)
    g_rx_buffer                              0x2000000e   Data           1  usart.o(.data)
    uwTick                                   0x20000010   Data           4  stm32f4xx_hal.o(.data)
    uwTickPrio                               0x20000014   Data           4  stm32f4xx_hal.o(.data)
    uwTickFreq                               0x20000018   Data           1  stm32f4xx_hal.o(.data)
    vsset                                    0x2000001a   Data           8  atk_mo1053.o(.data)
    g_norflash_type                          0x20000022   Data           2  norflash.o(.data)
    fs                                       0x20000024   Data           8  exfuns.o(.data)
    mallco_dev                               0x20000038   Data          28  malloc.o(.data)
    sys_cmd_tab                              0x20000054   Data          28  usmart.o(.data)
    usmart_nametab                           0x20000070   Data          80  usmart_config.o(.data)
    usmart_dev                               0x200000c0   Data         244  usmart_config.o(.data)
    g_music_player                           0x200001b4   Data         268  music_player.o(.bss)
    g_usart_rx_buf                           0x200002c0   Data         200  usart.o(.bss)
    g_uart1_handle                           0x20000388   Data          68  usart.o(.bss)
    g_uart_esp32_handle                      0x200003cc   Data          68  uart_esp32.o(.bss)
    g_dma_esp32_rx_handle                    0x20000410   Data          96  uart_esp32.o(.bss)
    g_dma_esp32_tx_handle                    0x20000470   Data          96  uart_esp32.o(.bss)
    g_esp32_uart                             0x200004d0   Data        2180  uart_esp32.o(.bss)
    g_sdcard_handler                         0x20000d54   Data         132  sdio_sdcard.o(.bss)
    g_sd_card_info_handle                    0x20000dd8   Data          32  sdio_sdcard.o(.bss)
    g_sd_data_buffer                         0x20000df8   Data         512  sdio_sdcard.o(.bss)
    g_norflash_buf                           0x20000ff8   Data        4096  norflash.o(.bss)
    g_spi1_handler                           0x20001ff8   Data          88  spi.o(.bss)
    g_sram_handler                           0x20002050   Data          80  sram.o(.bss)
    fattester                                0x200024f8   Data         384  fattester.o(.bss)
    g_timx_usmart_handle                     0x2000d080   Data          72  usmart_port.o(.bss)
    __libspace_start                         0x2000d0c8   Data          96  libspace.o(.bss)
    __temporary_stack_top$libspace           0x2000d128   Data           0  libspace.o(.bss)



==============================================================================

Memory Map of the image

  Image Entry point : 0x08000189

  Load Region LR_IROM1 (Base: 0x08000000, Size: 0x0000e1d0, Max: 0x00100000, ABSOLUTE, COMPRESSED[0x0000e0b8])

    Execution Region ER_IROM1 (Exec base: 0x08000000, Load base: 0x08000000, Size: 0x0000e01c, Max: 0x00100000, ABSOLUTE)

    Exec Addr    Load Addr    Size         Type   Attr      Idx    E Section Name        Object

    0x08000000   0x08000000   0x00000188   Data   RO            3    RESET               startup_stm32f407xx.o
    0x08000188   0x08000188   0x00000008   Code   RO         7103  * !!!main             c_w.l(__main.o)
    0x08000190   0x08000190   0x00000034   Code   RO         7351    !!!scatter          c_w.l(__scatter.o)
    0x080001c4   0x080001c4   0x0000005a   Code   RO         7349    !!dczerorl2         c_w.l(__dczerorl2.o)
    0x0800021e   0x0800021e   0x00000002   PAD
    0x08000220   0x08000220   0x0000001c   Code   RO         7353    !!handler_zi        c_w.l(__scatter_zi.o)
    0x0800023c   0x0800023c   0x00000000   Code   RO         7075    .ARM.Collect$$_printf_percent$$00000000  c_w.l(_printf_percent.o)
    0x0800023c   0x0800023c   0x00000006   Code   RO         7073    .ARM.Collect$$_printf_percent$$00000009  c_w.l(_printf_d.o)
    0x08000242   0x08000242   0x00000006   Code   RO         7074    .ARM.Collect$$_printf_percent$$0000000A  c_w.l(_printf_u.o)
    0x08000248   0x08000248   0x00000006   Code   RO         7072    .ARM.Collect$$_printf_percent$$0000000C  c_w.l(_printf_x.o)
    0x0800024e   0x0800024e   0x00000006   Code   RO         7070    .ARM.Collect$$_printf_percent$$00000013  c_w.l(_printf_c.o)
    0x08000254   0x08000254   0x00000006   Code   RO         7071    .ARM.Collect$$_printf_percent$$00000014  c_w.l(_printf_s.o)
    0x0800025a   0x0800025a   0x00000004   Code   RO         7153    .ARM.Collect$$_printf_percent$$00000017  c_w.l(_printf_percent_end.o)
    0x0800025e   0x0800025e   0x00000002   Code   RO         7284    .ARM.Collect$$libinit$$00000000  c_w.l(libinit.o)
    0x08000260   0x08000260   0x00000004   Code   RO         7163    .ARM.Collect$$libinit$$00000001  c_w.l(libinit2.o)
    0x08000264   0x08000264   0x00000000   Code   RO         7166    .ARM.Collect$$libinit$$00000004  c_w.l(libinit2.o)
    0x08000264   0x08000264   0x00000000   Code   RO         7169    .ARM.Collect$$libinit$$0000000A  c_w.l(libinit2.o)
    0x08000264   0x08000264   0x00000000   Code   RO         7171    .ARM.Collect$$libinit$$0000000C  c_w.l(libinit2.o)
    0x08000264   0x08000264   0x00000000   Code   RO         7173    .ARM.Collect$$libinit$$0000000E  c_w.l(libinit2.o)
    0x08000264   0x08000264   0x00000000   Code   RO         7176    .ARM.Collect$$libinit$$00000011  c_w.l(libinit2.o)
    0x08000264   0x08000264   0x00000000   Code   RO         7178    .ARM.Collect$$libinit$$00000013  c_w.l(libinit2.o)
    0x08000264   0x08000264   0x00000000   Code   RO         7180    .ARM.Collect$$libinit$$00000015  c_w.l(libinit2.o)
    0x08000264   0x08000264   0x00000000   Code   RO         7182    .ARM.Collect$$libinit$$00000017  c_w.l(libinit2.o)
    0x08000264   0x08000264   0x00000000   Code   RO         7184    .ARM.Collect$$libinit$$00000019  c_w.l(libinit2.o)
    0x08000264   0x08000264   0x00000000   Code   RO         7186    .ARM.Collect$$libinit$$0000001B  c_w.l(libinit2.o)
    0x08000264   0x08000264   0x00000000   Code   RO         7188    .ARM.Collect$$libinit$$0000001D  c_w.l(libinit2.o)
    0x08000264   0x08000264   0x00000000   Code   RO         7190    .ARM.Collect$$libinit$$0000001F  c_w.l(libinit2.o)
    0x08000264   0x08000264   0x00000000   Code   RO         7192    .ARM.Collect$$libinit$$00000021  c_w.l(libinit2.o)
    0x08000264   0x08000264   0x00000000   Code   RO         7194    .ARM.Collect$$libinit$$00000023  c_w.l(libinit2.o)
    0x08000264   0x08000264   0x00000000   Code   RO         7196    .ARM.Collect$$libinit$$00000025  c_w.l(libinit2.o)
    0x08000264   0x08000264   0x00000000   Code   RO         7200    .ARM.Collect$$libinit$$0000002C  c_w.l(libinit2.o)
    0x08000264   0x08000264   0x00000000   Code   RO         7202    .ARM.Collect$$libinit$$0000002E  c_w.l(libinit2.o)
    0x08000264   0x08000264   0x00000000   Code   RO         7204    .ARM.Collect$$libinit$$00000030  c_w.l(libinit2.o)
    0x08000264   0x08000264   0x00000000   Code   RO         7206    .ARM.Collect$$libinit$$00000032  c_w.l(libinit2.o)
    0x08000264   0x08000264   0x00000002   Code   RO         7207    .ARM.Collect$$libinit$$00000033  c_w.l(libinit2.o)
    0x08000266   0x08000266   0x00000002   Code   RO         7346    .ARM.Collect$$libshutdown$$00000000  c_w.l(libshutdown.o)
    0x08000268   0x08000268   0x00000000   Code   RO         7306    .ARM.Collect$$libshutdown$$00000002  c_w.l(libshutdown2.o)
    0x08000268   0x08000268   0x00000000   Code   RO         7308    .ARM.Collect$$libshutdown$$00000004  c_w.l(libshutdown2.o)
    0x08000268   0x08000268   0x00000000   Code   RO         7311    .ARM.Collect$$libshutdown$$00000007  c_w.l(libshutdown2.o)
    0x08000268   0x08000268   0x00000000   Code   RO         7314    .ARM.Collect$$libshutdown$$0000000A  c_w.l(libshutdown2.o)
    0x08000268   0x08000268   0x00000000   Code   RO         7316    .ARM.Collect$$libshutdown$$0000000C  c_w.l(libshutdown2.o)
    0x08000268   0x08000268   0x00000000   Code   RO         7319    .ARM.Collect$$libshutdown$$0000000F  c_w.l(libshutdown2.o)
    0x08000268   0x08000268   0x00000002   Code   RO         7320    .ARM.Collect$$libshutdown$$00000010  c_w.l(libshutdown2.o)
    0x0800026a   0x0800026a   0x00000000   Code   RO         7109    .ARM.Collect$$rtentry$$00000000  c_w.l(__rtentry.o)
    0x0800026a   0x0800026a   0x00000000   Code   RO         7212    .ARM.Collect$$rtentry$$00000002  c_w.l(__rtentry2.o)
    0x0800026a   0x0800026a   0x00000006   Code   RO         7224    .ARM.Collect$$rtentry$$00000004  c_w.l(__rtentry4.o)
    0x08000270   0x08000270   0x00000000   Code   RO         7214    .ARM.Collect$$rtentry$$00000009  c_w.l(__rtentry2.o)
    0x08000270   0x08000270   0x00000004   Code   RO         7215    .ARM.Collect$$rtentry$$0000000A  c_w.l(__rtentry2.o)
    0x08000274   0x08000274   0x00000000   Code   RO         7217    .ARM.Collect$$rtentry$$0000000C  c_w.l(__rtentry2.o)
    0x08000274   0x08000274   0x00000008   Code   RO         7218    .ARM.Collect$$rtentry$$0000000D  c_w.l(__rtentry2.o)
    0x0800027c   0x0800027c   0x00000002   Code   RO         7285    .ARM.Collect$$rtexit$$00000000  c_w.l(rtexit.o)
    0x0800027e   0x0800027e   0x00000000   Code   RO         7322    .ARM.Collect$$rtexit$$00000002  c_w.l(rtexit2.o)
    0x0800027e   0x0800027e   0x00000004   Code   RO         7323    .ARM.Collect$$rtexit$$00000003  c_w.l(rtexit2.o)
    0x08000282   0x08000282   0x00000006   Code   RO         7324    .ARM.Collect$$rtexit$$00000004  c_w.l(rtexit2.o)
    0x08000288   0x08000288   0x0000004c   Code   RO            4    .text               startup_stm32f407xx.o
    0x080002d4   0x080002d4   0x00000002   Code   RO         6943    .text               c_w.l(use_no_semi_2.o)
    0x080002d6   0x080002d6   0x000000ee   Code   RO         7007    .text               c_w.l(lludivv7m.o)
    0x080003c4   0x080003c4   0x00000048   Code   RO         7009    .text               c_w.l(llsdiv.o)
    0x0800040c   0x0800040c   0x00000018   Code   RO         7015    .text               c_w.l(noretval__2printf.o)
    0x08000424   0x08000424   0x00000034   Code   RO         7017    .text               c_w.l(noretval__2snprintf.o)
    0x08000458   0x08000458   0x0000004e   Code   RO         7021    .text               c_w.l(_printf_pad.o)
    0x080004a6   0x080004a6   0x00000052   Code   RO         7023    .text               c_w.l(_printf_str.o)
    0x080004f8   0x080004f8   0x00000078   Code   RO         7025    .text               c_w.l(_printf_dec.o)
    0x08000570   0x08000570   0x00000058   Code   RO         7032    .text               c_w.l(_printf_hex_int.o)
    0x080005c8   0x080005c8   0x00000188   Code   RO         7067    .text               c_w.l(__printf_flags_ss_wp.o)
    0x08000750   0x08000750   0x00000048   Code   RO         7081    .text               c_w.l(strcpy.o)
    0x08000798   0x08000798   0x00000010   Code   RO         7091    .text               c_w.l(aeabi_memset.o)
    0x080007a8   0x080007a8   0x00000044   Code   RO         7093    .text               c_w.l(rt_memclr.o)
    0x080007ec   0x080007ec   0x0000004e   Code   RO         7095    .text               c_w.l(rt_memclr_w.o)
    0x0800083a   0x0800083a   0x00000056   Code   RO         7097    .text               c_w.l(strncpy.o)
    0x08000890   0x08000890   0x00000080   Code   RO         7099    .text               c_w.l(strcmpv7m.o)
    0x08000910   0x08000910   0x00000006   Code   RO         7101    .text               c_w.l(heapauxi.o)
    0x08000916   0x08000916   0x00000002   Code   RO         7105    .text               c_w.l(use_no_semi.o)
    0x08000918   0x08000918   0x000000b2   Code   RO         7141    .text               c_w.l(_printf_intcommon.o)
    0x080009ca   0x080009ca   0x00000002   PAD
    0x080009cc   0x080009cc   0x00000030   Code   RO         7143    .text               c_w.l(_printf_char_common.o)
    0x080009fc   0x080009fc   0x0000000a   Code   RO         7145    .text               c_w.l(_sputc.o)
    0x08000a06   0x08000a06   0x00000010   Code   RO         7147    .text               c_w.l(_snputc.o)
    0x08000a16   0x08000a16   0x0000002c   Code   RO         7149    .text               c_w.l(_printf_char.o)
    0x08000a42   0x08000a42   0x00000002   PAD
    0x08000a44   0x08000a44   0x00000024   Code   RO         7151    .text               c_w.l(_printf_char_file.o)
    0x08000a68   0x08000a68   0x00000008   Code   RO         7208    .text               c_w.l(libspace.o)
    0x08000a70   0x08000a70   0x00000008   Code   RO         7242    .text               c_w.l(ferror.o)
    0x08000a78   0x08000a78   0x0000004a   Code   RO         7257    .text               c_w.l(sys_stackheap_outer.o)
    0x08000ac2   0x08000ac2   0x00000012   Code   RO         7265    .text               c_w.l(exit.o)
    0x08000ad4   0x08000ad4   0x00000004   Code   RO          269    i.BusFault_Handler  stm32f4xx_it.o
    0x08000ad8   0x08000ad8   0x00000010   Code   RO          685    i.DMA2_Stream5_IRQHandler  uart_esp32.o
    0x08000ae8   0x08000ae8   0x00000010   Code   RO          686    i.DMA2_Stream7_IRQHandler  uart_esp32.o
    0x08000af8   0x08000af8   0x00000034   Code   RO         3405    i.DMA_CalcBaseAndBitshift  stm32f4xx_hal_dma.o
    0x08000b2c   0x08000b2c   0x000000aa   Code   RO         3406    i.DMA_CheckFifoParam  stm32f4xx_hal_dma.o
    0x08000bd6   0x08000bd6   0x00000002   Code   RO          270    i.DebugMon_Handler  stm32f4xx_it.o
    0x08000bd8   0x08000bd8   0x00000048   Code   RO         3287    i.FSMC_NORSRAM_Extended_Timing_Init  stm32f4xx_ll_fsmc.o
    0x08000c20   0x08000c20   0x0000005c   Code   RO         3288    i.FSMC_NORSRAM_Init  stm32f4xx_ll_fsmc.o
    0x08000c7c   0x08000c7c   0x00000044   Code   RO         3289    i.FSMC_NORSRAM_Timing_Init  stm32f4xx_ll_fsmc.o
    0x08000cc0   0x08000cc0   0x000000aa   Code   RO         3408    i.HAL_DMA_Abort     stm32f4xx_hal_dma.o
    0x08000d6a   0x08000d6a   0x00000028   Code   RO         3409    i.HAL_DMA_Abort_IT  stm32f4xx_hal_dma.o
    0x08000d92   0x08000d92   0x00000002   PAD
    0x08000d94   0x08000d94   0x00000240   Code   RO         3413    i.HAL_DMA_IRQHandler  stm32f4xx_hal_dma.o
    0x08000fd4   0x08000fd4   0x000000ec   Code   RO         3414    i.HAL_DMA_Init      stm32f4xx_hal_dma.o
    0x080010c0   0x080010c0   0x0000000c   Code   RO          487    i.HAL_Delay         delay.o
    0x080010cc   0x080010cc   0x00000204   Code   RO         1108    i.HAL_GPIO_Init     stm32f4xx_hal_gpio.o
    0x080012d0   0x080012d0   0x00000010   Code   RO         1110    i.HAL_GPIO_ReadPin  stm32f4xx_hal_gpio.o
    0x080012e0   0x080012e0   0x00000014   Code   RO         1111    i.HAL_GPIO_TogglePin  stm32f4xx_hal_gpio.o
    0x080012f4   0x080012f4   0x0000000c   Code   RO         1112    i.HAL_GPIO_WritePin  stm32f4xx_hal_gpio.o
    0x08001300   0x08001300   0x0000000c   Code   RO          791    i.HAL_GetREVID      stm32f4xx_hal.o
    0x0800130c   0x0800130c   0x0000000c   Code   RO          792    i.HAL_GetTick       stm32f4xx_hal.o
    0x08001318   0x08001318   0x000001d0   Code   RO         4401    i.HAL_I2C_Init      stm32f4xx_hal_i2c.o
    0x080014e8   0x080014e8   0x00000170   Code   RO         4414    i.HAL_I2C_Master_Transmit  stm32f4xx_hal_i2c.o
    0x08001658   0x08001658   0x00000080   Code   RO         5385    i.HAL_I2C_MspInit   oled.o
    0x080016d8   0x080016d8   0x00000018   Code   RO          798    i.HAL_IncTick       stm32f4xx_hal.o
    0x080016f0   0x080016f0   0x00000030   Code   RO          799    i.HAL_Init          stm32f4xx_hal.o
    0x08001720   0x08001720   0x0000004c   Code   RO          800    i.HAL_InitTick      stm32f4xx_hal.o
    0x0800176c   0x0800176c   0x00000002   Code   RO          802    i.HAL_MspInit       stm32f4xx_hal.o
    0x0800176e   0x0800176e   0x00000020   Code   RO          970    i.HAL_NVIC_EnableIRQ  stm32f4xx_hal_cortex.o
    0x0800178e   0x0800178e   0x0000007c   Code   RO          976    i.HAL_NVIC_SetPriority  stm32f4xx_hal_cortex.o
    0x0800180a   0x0800180a   0x00000002   PAD
    0x0800180c   0x0800180c   0x00000028   Code   RO          977    i.HAL_NVIC_SetPriorityGrouping  stm32f4xx_hal_cortex.o
    0x08001834   0x08001834   0x00000184   Code   RO         1172    i.HAL_RCC_ClockConfig  stm32f4xx_hal_rcc.o
    0x080019b8   0x080019b8   0x0000000c   Code   RO         1177    i.HAL_RCC_GetHCLKFreq  stm32f4xx_hal_rcc.o
    0x080019c4   0x080019c4   0x00000020   Code   RO         1179    i.HAL_RCC_GetPCLK1Freq  stm32f4xx_hal_rcc.o
    0x080019e4   0x080019e4   0x00000020   Code   RO         1180    i.HAL_RCC_GetPCLK2Freq  stm32f4xx_hal_rcc.o
    0x08001a04   0x08001a04   0x000000b0   Code   RO         1181    i.HAL_RCC_GetSysClockFreq  stm32f4xx_hal_rcc.o
    0x08001ab4   0x08001ab4   0x0000049c   Code   RO         1184    i.HAL_RCC_OscConfig  stm32f4xx_hal_rcc.o
    0x08001f50   0x08001f50   0x000000c8   Code   RO         3514    i.HAL_SD_ConfigWideBusOperation  stm32f4xx_hal_sd.o
    0x08002018   0x08002018   0x000001c8   Code   RO         3519    i.HAL_SD_GetCardCSD  stm32f4xx_hal_sd.o
    0x080021e0   0x080021e0   0x00000026   Code   RO         3520    i.HAL_SD_GetCardInfo  stm32f4xx_hal_sd.o
    0x08002206   0x08002206   0x00000024   Code   RO         3521    i.HAL_SD_GetCardState  stm32f4xx_hal_sd.o
    0x0800222a   0x0800222a   0x0000003c   Code   RO         3526    i.HAL_SD_Init       stm32f4xx_hal_sd.o
    0x08002266   0x08002266   0x00000002   PAD
    0x08002268   0x08002268   0x000000ac   Code   RO         3527    i.HAL_SD_InitCard   stm32f4xx_hal_sd.o
    0x08002314   0x08002314   0x0000017c   Code   RO         5116    i.HAL_SD_MspInit    sdio_sdcard.o
    0x08002490   0x08002490   0x00000298   Code   RO         3530    i.HAL_SD_ReadBlocks  stm32f4xx_hal_sd.o
    0x08002728   0x08002728   0x00000230   Code   RO         3535    i.HAL_SD_WriteBlocks  stm32f4xx_hal_sd.o
    0x08002958   0x08002958   0x000000de   Code   RO         3777    i.HAL_SPI_Init      stm32f4xx_hal_spi.o
    0x08002a36   0x08002a36   0x00000002   PAD
    0x08002a38   0x08002a38   0x000000bc   Code   RO         5286    i.HAL_SPI_MspInit   spi.o
    0x08002af4   0x08002af4   0x000002d2   Code   RO         3786    i.HAL_SPI_TransmitReceive  stm32f4xx_hal_spi.o
    0x08002dc6   0x08002dc6   0x00000058   Code   RO         3163    i.HAL_SRAM_Init     stm32f4xx_hal_sram.o
    0x08002e1e   0x08002e1e   0x00000002   Code   RO         3165    i.HAL_SRAM_MspInit  stm32f4xx_hal_sram.o
    0x08002e20   0x08002e20   0x00000028   Code   RO          979    i.HAL_SYSTICK_CLKSourceConfig  stm32f4xx_hal_cortex.o
    0x08002e48   0x08002e48   0x00000034   Code   RO          981    i.HAL_SYSTICK_Config  stm32f4xx_hal_cortex.o
    0x08002e7c   0x08002e7c   0x00000066   Code   RO         2177    i.HAL_TIM_Base_Init  stm32f4xx_hal_tim.o
    0x08002ee2   0x08002ee2   0x00000002   Code   RO         2179    i.HAL_TIM_Base_MspInit  stm32f4xx_hal_tim.o
    0x08002ee4   0x08002ee4   0x000000a8   Code   RO         2182    i.HAL_TIM_Base_Start_IT  stm32f4xx_hal_tim.o
    0x08002f8c   0x08002f8c   0x00000020   Code   RO          687    i.HAL_UARTEx_RxEventCallback  uart_esp32.o
    0x08002fac   0x08002fac   0x00000002   Code   RO         1792    i.HAL_UART_ErrorCallback  stm32f4xx_hal_uart.o
    0x08002fae   0x08002fae   0x00000002   PAD
    0x08002fb0   0x08002fb0   0x00000250   Code   RO         1795    i.HAL_UART_IRQHandler  stm32f4xx_hal_uart.o
    0x08003200   0x08003200   0x00000072   Code   RO         1796    i.HAL_UART_Init     stm32f4xx_hal_uart.o
    0x08003272   0x08003272   0x00000002   PAD
    0x08003274   0x08003274   0x0000024c   Code   RO          604    i.HAL_UART_MspInit  usart.o
    0x080034c0   0x080034c0   0x00000042   Code   RO         1801    i.HAL_UART_Receive_IT  stm32f4xx_hal_uart.o
    0x08003502   0x08003502   0x00000002   PAD
    0x08003504   0x08003504   0x0000009c   Code   RO          605    i.HAL_UART_RxCpltCallback  usart.o
    0x080035a0   0x080035a0   0x0000001c   Code   RO          688    i.HAL_UART_TxCpltCallback  uart_esp32.o
    0x080035bc   0x080035bc   0x00000004   Code   RO          271    i.HardFault_Handler  stm32f4xx_it.o
    0x080035c0   0x080035c0   0x0000003e   Code   RO         4444    i.I2C_IsAcknowledgeFailed  stm32f4xx_hal_i2c.o
    0x080035fe   0x080035fe   0x00000002   PAD
    0x08003600   0x08003600   0x000000c0   Code   RO         4448    i.I2C_MasterRequestWrite  stm32f4xx_hal_i2c.o
    0x080036c0   0x080036c0   0x0000005c   Code   RO         4464    i.I2C_WaitOnBTFFlagUntilTimeout  stm32f4xx_hal_i2c.o
    0x0800371c   0x0800371c   0x00000086   Code   RO         4465    i.I2C_WaitOnFlagUntilTimeout  stm32f4xx_hal_i2c.o
    0x080037a2   0x080037a2   0x000000c4   Code   RO         4466    i.I2C_WaitOnMasterAddressFlagUntilTimeout  stm32f4xx_hal_i2c.o
    0x08003866   0x08003866   0x0000005c   Code   RO         4470    i.I2C_WaitOnTXEFlagUntilTimeout  stm32f4xx_hal_i2c.o
    0x080038c2   0x080038c2   0x00000004   Code   RO          272    i.MemManage_Handler  stm32f4xx_it.o
    0x080038c6   0x080038c6   0x00000002   Code   RO          273    i.NMI_Handler       stm32f4xx_it.o
    0x080038c8   0x080038c8   0x00000002   Code   RO          274    i.PendSV_Handler    stm32f4xx_it.o
    0x080038ca   0x080038ca   0x0000002c   Code   RO         4108    i.SDIO_ConfigData   stm32f4xx_ll_sdmmc.o
    0x080038f6   0x080038f6   0x00000008   Code   RO         4109    i.SDIO_GetCommandResponse  stm32f4xx_ll_sdmmc.o
    0x080038fe   0x080038fe   0x0000000a   Code   RO         4112    i.SDIO_GetPowerState  stm32f4xx_ll_sdmmc.o
    0x08003908   0x08003908   0x0000000c   Code   RO         4113    i.SDIO_GetResponse  stm32f4xx_ll_sdmmc.o
    0x08003914   0x08003914   0x00000034   Code   RO         4114    i.SDIO_Init         stm32f4xx_ll_sdmmc.o
    0x08003948   0x08003948   0x00000012   Code   RO         4116    i.SDIO_PowerState_ON  stm32f4xx_ll_sdmmc.o
    0x0800395a   0x0800395a   0x00000008   Code   RO         4117    i.SDIO_ReadFIFO     stm32f4xx_ll_sdmmc.o
    0x08003962   0x08003962   0x00000028   Code   RO         4118    i.SDIO_SendCommand  stm32f4xx_ll_sdmmc.o
    0x0800398a   0x0800398a   0x0000000c   Code   RO         4120    i.SDIO_WriteFIFO    stm32f4xx_ll_sdmmc.o
    0x08003996   0x08003996   0x00000038   Code   RO         4121    i.SDMMC_CmdAppCommand  stm32f4xx_ll_sdmmc.o
    0x080039ce   0x080039ce   0x00000002   PAD
    0x080039d0   0x080039d0   0x0000003c   Code   RO         4122    i.SDMMC_CmdAppOperCommand  stm32f4xx_ll_sdmmc.o
    0x08003a0c   0x08003a0c   0x00000038   Code   RO         4123    i.SDMMC_CmdBlockLength  stm32f4xx_ll_sdmmc.o
    0x08003a44   0x08003a44   0x00000038   Code   RO         4124    i.SDMMC_CmdBusWidth  stm32f4xx_ll_sdmmc.o
    0x08003a7c   0x08003a7c   0x0000002c   Code   RO         4128    i.SDMMC_CmdGoIdleState  stm32f4xx_ll_sdmmc.o
    0x08003aa8   0x08003aa8   0x00000034   Code   RO         4130    i.SDMMC_CmdOperCond  stm32f4xx_ll_sdmmc.o
    0x08003adc   0x08003adc   0x00000038   Code   RO         4131    i.SDMMC_CmdReadMultiBlock  stm32f4xx_ll_sdmmc.o
    0x08003b14   0x08003b14   0x00000038   Code   RO         4132    i.SDMMC_CmdReadSingleBlock  stm32f4xx_ll_sdmmc.o
    0x08003b4c   0x08003b4c   0x0000003a   Code   RO         4135    i.SDMMC_CmdSelDesel  stm32f4xx_ll_sdmmc.o
    0x08003b86   0x08003b86   0x00000032   Code   RO         4136    i.SDMMC_CmdSendCID  stm32f4xx_ll_sdmmc.o
    0x08003bb8   0x08003bb8   0x00000032   Code   RO         4137    i.SDMMC_CmdSendCSD  stm32f4xx_ll_sdmmc.o
    0x08003bea   0x08003bea   0x00000038   Code   RO         4139    i.SDMMC_CmdSendSCR  stm32f4xx_ll_sdmmc.o
    0x08003c22   0x08003c22   0x00000038   Code   RO         4140    i.SDMMC_CmdSendStatus  stm32f4xx_ll_sdmmc.o
    0x08003c5a   0x08003c5a   0x00000038   Code   RO         4141    i.SDMMC_CmdSetRelAdd  stm32f4xx_ll_sdmmc.o
    0x08003c92   0x08003c92   0x00000002   PAD
    0x08003c94   0x08003c94   0x0000003c   Code   RO         4143    i.SDMMC_CmdStopTransfer  stm32f4xx_ll_sdmmc.o
    0x08003cd0   0x08003cd0   0x00000038   Code   RO         4145    i.SDMMC_CmdWriteMultiBlock  stm32f4xx_ll_sdmmc.o
    0x08003d08   0x08003d08   0x00000038   Code   RO         4146    i.SDMMC_CmdWriteSingleBlock  stm32f4xx_ll_sdmmc.o
    0x08003d40   0x08003d40   0x00000040   Code   RO         4147    i.SDMMC_GetCmdError  stm32f4xx_ll_sdmmc.o
    0x08003d80   0x08003d80   0x000001ac   Code   RO         4148    i.SDMMC_GetCmdResp1  stm32f4xx_ll_sdmmc.o
    0x08003f2c   0x08003f2c   0x00000064   Code   RO         4149    i.SDMMC_GetCmdResp2  stm32f4xx_ll_sdmmc.o
    0x08003f90   0x08003f90   0x00000058   Code   RO         4150    i.SDMMC_GetCmdResp3  stm32f4xx_ll_sdmmc.o
    0x08003fe8   0x08003fe8   0x000000b8   Code   RO         4151    i.SDMMC_GetCmdResp6  stm32f4xx_ll_sdmmc.o
    0x080040a0   0x080040a0   0x0000006c   Code   RO         4152    i.SDMMC_GetCmdResp7  stm32f4xx_ll_sdmmc.o
    0x0800410c   0x0800410c   0x00000142   Code   RO         3543    i.SD_FindSCR        stm32f4xx_hal_sd.o
    0x0800424e   0x0800424e   0x00000102   Code   RO         3544    i.SD_InitCard       stm32f4xx_hal_sd.o
    0x08004350   0x08004350   0x000000cc   Code   RO         3546    i.SD_PowerON        stm32f4xx_hal_sd.o
    0x0800441c   0x0800441c   0x00000030   Code   RO         3549    i.SD_SendStatus     stm32f4xx_hal_sd.o
    0x0800444c   0x0800444c   0x00000068   Code   RO         3550    i.SD_WideBus_Disable  stm32f4xx_hal_sd.o
    0x080044b4   0x080044b4   0x00000068   Code   RO         3551    i.SD_WideBus_Enable  stm32f4xx_hal_sd.o
    0x0800451c   0x0800451c   0x0000006c   Code   RO         3817    i.SPI_EndRxTxTransaction  stm32f4xx_hal_spi.o
    0x08004588   0x08004588   0x000000d8   Code   RO         3824    i.SPI_WaitFlagStateUntilTimeout  stm32f4xx_hal_spi.o
    0x08004660   0x08004660   0x00000002   Code   RO          275    i.SVC_Handler       stm32f4xx_it.o
    0x08004662   0x08004662   0x00000008   Code   RO          276    i.SysTick_Handler   stm32f4xx_it.o
    0x0800466a   0x0800466a   0x00000002   PAD
    0x0800466c   0x0800466c   0x00000014   Code   RO          345    i.SystemInit        system_stm32f4xx.o
    0x08004680   0x08004680   0x00000044   Code   RO         6809    i.TIM4_IRQHandler   usmart_port.o
    0x080046c4   0x080046c4   0x000000d8   Code   RO         2270    i.TIM_Base_SetConfig  stm32f4xx_hal_tim.o
    0x0800479c   0x0800479c   0x00000014   Code   RO         1809    i.UART_DMAAbortOnError  stm32f4xx_hal_uart.o
    0x080047b0   0x080047b0   0x00000036   Code   RO         1819    i.UART_EndRxTransfer  stm32f4xx_hal_uart.o
    0x080047e6   0x080047e6   0x00000020   Code   RO         1820    i.UART_EndTransmit_IT  stm32f4xx_hal_uart.o
    0x08004806   0x08004806   0x000000be   Code   RO         1822    i.UART_Receive_IT   stm32f4xx_hal_uart.o
    0x080048c4   0x080048c4   0x0000022c   Code   RO         1823    i.UART_SetConfig    stm32f4xx_hal_uart.o
    0x08004af0   0x08004af0   0x00000046   Code   RO         1825    i.UART_Start_Receive_IT  stm32f4xx_hal_uart.o
    0x08004b36   0x08004b36   0x00000060   Code   RO         1826    i.UART_Transmit_IT  stm32f4xx_hal_uart.o
    0x08004b96   0x08004b96   0x00000002   PAD
    0x08004b98   0x08004b98   0x00000010   Code   RO          689    i.USART1_IRQHandler  uart_esp32.o
    0x08004ba8   0x08004ba8   0x00000010   Code   RO          606    i.USART2_IRQHandler  usart.o
    0x08004bb8   0x08004bb8   0x00000004   Code   RO          277    i.UsageFault_Handler  stm32f4xx_it.o
    0x08004bbc   0x08004bbc   0x00000010   Code   RO          983    i.__NVIC_GetPriorityGrouping  stm32f4xx_hal_cortex.o
    0x08004bcc   0x08004bcc   0x00000028   Code   RO          984    i.__NVIC_SetPriority  stm32f4xx_hal_cortex.o
    0x08004bf4   0x08004bf4   0x0000000e   Code   RO         7060    i._is_digit         c_w.l(__printf_wp.o)
    0x08004c02   0x08004c02   0x00000004   Code   RO          608    i._sys_exit         usart.o
    0x08004c06   0x08004c06   0x00000002   PAD
    0x08004c08   0x08004c08   0x000000a4   Code   RO         4935    i.atk_mo1053_get_bitrate  atk_mo1053.o
    0x08004cac   0x08004cac   0x0000000c   Code   RO         4936    i.atk_mo1053_get_byterate  atk_mo1053.o
    0x08004cb8   0x08004cb8   0x00000010   Code   RO         4937    i.atk_mo1053_get_decode_time  atk_mo1053.o
    0x08004cc8   0x08004cc8   0x000000f0   Code   RO         4938    i.atk_mo1053_init   atk_mo1053.o
    0x08004db8   0x08004db8   0x00000070   Code   RO         4939    i.atk_mo1053_load_patch  atk_mo1053.o
    0x08004e28   0x08004e28   0x00000018   Code   RO         4941    i.atk_mo1053_read_ram  atk_mo1053.o
    0x08004e40   0x08004e40   0x0000007c   Code   RO         4942    i.atk_mo1053_read_reg  atk_mo1053.o
    0x08004ebc   0x08004ebc   0x0000007c   Code   RO         4943    i.atk_mo1053_reset  atk_mo1053.o
    0x08004f38   0x08004f38   0x00000014   Code   RO         4944    i.atk_mo1053_reset_decode_time  atk_mo1053.o
    0x08004f4c   0x08004f4c   0x000000b6   Code   RO         4945    i.atk_mo1053_restart_play  atk_mo1053.o
    0x08005002   0x08005002   0x00000002   PAD
    0x08005004   0x08005004   0x00000050   Code   RO         4946    i.atk_mo1053_send_music_data  atk_mo1053.o
    0x08005054   0x08005054   0x00000030   Code   RO         4947    i.atk_mo1053_set_all  atk_mo1053.o
    0x08005084   0x08005084   0x00000032   Code   RO         4948    i.atk_mo1053_set_effect  atk_mo1053.o
    0x080050b6   0x080050b6   0x0000001a   Code   RO         4949    i.atk_mo1053_set_speaker  atk_mo1053.o
    0x080050d0   0x080050d0   0x00000052   Code   RO         4951    i.atk_mo1053_set_tone  atk_mo1053.o
    0x08005122   0x08005122   0x00000026   Code   RO         4952    i.atk_mo1053_set_volume  atk_mo1053.o
    0x08005148   0x08005148   0x00000088   Code   RO         4954    i.atk_mo1053_soft_reset  atk_mo1053.o
    0x080051d0   0x080051d0   0x0000000c   Code   RO         4955    i.atk_mo1053_spi_read_write_byte  atk_mo1053.o
    0x080051dc   0x080051dc   0x0000000a   Code   RO         4956    i.atk_mo1053_spi_speed_high  atk_mo1053.o
    0x080051e6   0x080051e6   0x0000000a   Code   RO         4957    i.atk_mo1053_spi_speed_low  atk_mo1053.o
    0x080051f0   0x080051f0   0x0000006c   Code   RO         4958    i.atk_mo1053_write_cmd  atk_mo1053.o
    0x0800525c   0x0800525c   0x0000002c   Code   RO         4959    i.atk_mo1053_write_ram  atk_mo1053.o
    0x08005288   0x08005288   0x0000008a   Code   RO         6072    i.change_bitmap     ff.o
    0x08005312   0x08005312   0x00000002   PAD
    0x08005314   0x08005314   0x0000009c   Code   RO         6073    i.check_fs          ff.o
    0x080053b0   0x080053b0   0x00000014   Code   RO         6074    i.chk_chr           ff.o
    0x080053c4   0x080053c4   0x00000062   Code   RO         6075    i.clmt_clust        ff.o
    0x08005426   0x08005426   0x0000001a   Code   RO         6076    i.clst2sect         ff.o
    0x08005440   0x08005440   0x00000098   Code   RO         6077    i.cmp_lfn           ff.o
    0x080054d8   0x080054d8   0x000001cc   Code   RO         6078    i.create_chain      ff.o
    0x080056a4   0x080056a4   0x00000254   Code   RO         6079    i.create_name       ff.o
    0x080058f8   0x080058f8   0x00000092   Code   RO         6081    i.create_xdir       ff.o
    0x0800598a   0x0800598a   0x00000002   PAD
    0x0800598c   0x0800598c   0x00000034   Code   RO         6082    i.dbc_1st           ff.o
    0x080059c0   0x080059c0   0x00000048   Code   RO         6083    i.dbc_2nd           ff.o
    0x08005a08   0x08005a08   0x00000014   Code   RO          488    i.delay_init        delay.o
    0x08005a1c   0x08005a1c   0x00000032   Code   RO          489    i.delay_ms          delay.o
    0x08005a4e   0x08005a4e   0x00000002   PAD
    0x08005a50   0x08005a50   0x00000048   Code   RO          490    i.delay_us          delay.o
    0x08005a98   0x08005a98   0x0000007c   Code   RO         6084    i.dir_alloc         ff.o
    0x08005b14   0x08005b14   0x000000c6   Code   RO         6085    i.dir_clear         ff.o
    0x08005bda   0x08005bda   0x000001a8   Code   RO         6086    i.dir_find          ff.o
    0x08005d82   0x08005d82   0x000000e0   Code   RO         6087    i.dir_next          ff.o
    0x08005e62   0x08005e62   0x00000102   Code   RO         6088    i.dir_read          ff.o
    0x08005f64   0x08005f64   0x00000224   Code   RO         6089    i.dir_register      ff.o
    0x08006188   0x08006188   0x000000aa   Code   RO         6091    i.dir_sdi           ff.o
    0x08006232   0x08006232   0x0000002c   Code   RO         6024    i.disk_initialize   diskio.o
    0x0800625e   0x0800625e   0x00000002   PAD
    0x08006260   0x08006260   0x000000b4   Code   RO         6025    i.disk_ioctl        diskio.o
    0x08006314   0x08006314   0x0000007e   Code   RO         6026    i.disk_read         diskio.o
    0x08006392   0x08006392   0x00000006   Code   RO         6027    i.disk_status       diskio.o
    0x08006398   0x08006398   0x0000007e   Code   RO         6028    i.disk_write        diskio.o
    0x08006416   0x08006416   0x0000001a   Code   RO         5743    i.exfuns_char_upper  exfuns.o
    0x08006430   0x08006430   0x000000c0   Code   RO         5745    i.exfuns_file_type  exfuns.o
    0x080064f0   0x080064f0   0x00000044   Code   RO         5750    i.exfuns_init       exfuns.o
    0x08006534   0x08006534   0x00000026   Code   RO         6092    i.f_close           ff.o
    0x0800655a   0x0800655a   0x00000018   Code   RO         6093    i.f_closedir        ff.o
    0x08006572   0x08006572   0x00000002   PAD
    0x08006574   0x08006574   0x00000054   Code   RO         6101    i.f_mount           ff.o
    0x080065c8   0x080065c8   0x0000030a   Code   RO         6102    i.f_open            ff.o
    0x080068d2   0x080068d2   0x000000b8   Code   RO         6103    i.f_opendir         ff.o
    0x0800698a   0x0800698a   0x00000228   Code   RO         6107    i.f_read            ff.o
    0x08006bb2   0x08006bb2   0x00000070   Code   RO         6108    i.f_readdir         ff.o
    0x08006c22   0x08006c22   0x000001a8   Code   RO         6112    i.f_sync            ff.o
    0x08006dca   0x08006dca   0x0000000e   Code   RO         6550    i.ff_memalloc       ffsystem.o
    0x08006dd8   0x08006dd8   0x0000000e   Code   RO         6551    i.ff_memfree        ffsystem.o
    0x08006de6   0x08006de6   0x0000000e   Code   RO         5996    i.ff_oem2uni        myffunicode.o
    0x08006df4   0x08006df4   0x0000000e   Code   RO         5997    i.ff_uni2oem        myffunicode.o
    0x08006e02   0x08006e02   0x00000002   PAD
    0x08006e04   0x08006e04   0x000000b0   Code   RO         5998    i.ff_wtoupper       myffunicode.o
    0x08006eb4   0x08006eb4   0x00000036   Code   RO         6116    i.fill_first_frag   ff.o
    0x08006eea   0x08006eea   0x00000044   Code   RO         6117    i.fill_last_frag    ff.o
    0x08006f2e   0x08006f2e   0x000000a4   Code   RO         6118    i.find_bitmap       ff.o
    0x08006fd2   0x08006fd2   0x00000078   Code   RO         6119    i.find_volume       ff.o
    0x0800704a   0x0800704a   0x000000c4   Code   RO         6120    i.follow_path       ff.o
    0x0800710e   0x0800710e   0x00000002   PAD
    0x08007110   0x08007110   0x0000001c   Code   RO          610    i.fputc             usart.o
    0x0800712c   0x0800712c   0x000000cc   Code   RO         6121    i.gen_numname       ff.o
    0x080071f8   0x080071f8   0x00000190   Code   RO         6122    i.get_fat           ff.o
    0x08007388   0x08007388   0x00000004   Code   RO         6552    i.get_fattime       ffsystem.o
    0x0800738c   0x0800738c   0x00000190   Code   RO         6123    i.get_fileinfo      ff.o
    0x0800751c   0x0800751c   0x0000004e   Code   RO         6124    i.get_ldnumber      ff.o
    0x0800756a   0x0800756a   0x00000002   PAD
    0x0800756c   0x0800756c   0x00000018   Code   RO         5118    i.get_sd_card_state  sdio_sdcard.o
    0x08007584   0x08007584   0x000000d8   Code   RO         6125    i.get_xfileinfo     ff.o
    0x0800765c   0x0800765c   0x00000032   Code   RO         6126    i.init_alloc_info   ff.o
    0x0800768e   0x0800768e   0x00000002   PAD
    0x08007690   0x08007690   0x000000bc   Code   RO         4904    i.key_init          key.o
    0x0800774c   0x0800774c   0x000000a0   Code   RO         4905    i.key_scan          key.o
    0x080077ec   0x080077ec   0x00000026   Code   RO         6127    i.ld_clust          ff.o
    0x08007812   0x08007812   0x00000018   Code   RO         6128    i.ld_dword          ff.o
    0x0800782a   0x0800782a   0x00000062   Code   RO         6129    i.ld_qword          ff.o
    0x0800788c   0x0800788c   0x0000000c   Code   RO         6130    i.ld_word           ff.o
    0x08007898   0x08007898   0x00000098   Code   RO         4880    i.led_init          led.o
    0x08007930   0x08007930   0x00000040   Code   RO         6131    i.load_obj_xdir     ff.o
    0x08007970   0x08007970   0x0000010e   Code   RO         6132    i.load_xdir         ff.o
    0x08007a7e   0x08007a7e   0x00000002   PAD
    0x08007a80   0x08007a80   0x00000124   Code   RO           13    i.main              main.o
    0x08007ba4   0x08007ba4   0x00000024   Code   RO         6133    i.mem_cmp           ff.o
    0x08007bc8   0x08007bc8   0x0000001a   Code   RO         6134    i.mem_cpy           ff.o
    0x08007be2   0x08007be2   0x00000012   Code   RO         6135    i.mem_set           ff.o
    0x08007bf4   0x08007bf4   0x00000020   Code   RO         5825    i.mf_free           fattester.o
    0x08007c14   0x08007c14   0x00000040   Code   RO         5828    i.mf_init           fattester.o
    0x08007c54   0x08007c54   0x00000474   Code   RO         6136    i.mount_volume      ff.o
    0x080080c8   0x080080c8   0x00000034   Code   RO         6137    i.move_window       ff.o
    0x080080fc   0x080080fc   0x0000002c   Code   RO          381    i.mp_handle_key     music_player.o
    0x08008128   0x08008128   0x00000048   Code   RO          382    i.mp_oled_show_filename  music_player.o
    0x08008170   0x08008170   0x00000064   Code   RO          383    i.mp_oled_show_progress  music_player.o
    0x080081d4   0x080081d4   0x00000048   Code   RO          384    i.mp_oled_show_state  music_player.o
    0x0800821c   0x0800821c   0x00000240   Code   RO          385    i.music_play_song   music_player.o
    0x0800845c   0x0800845c   0x00000160   Code   RO          386    i.music_player_init  music_player.o
    0x080085bc   0x080085bc   0x000002c0   Code   RO          387    i.music_player_run  music_player.o
    0x0800887c   0x0800887c   0x00000084   Code   RO          388    i.music_scan_files  music_player.o
    0x08008900   0x08008900   0x00000044   Code   RO          390    i.music_volume_up   music_player.o
    0x08008944   0x08008944   0x0000006c   Code   RO         6631    i.my_mem_free       malloc.o
    0x080089b0   0x080089b0   0x00000030   Code   RO         6632    i.my_mem_init       malloc.o
    0x080089e0   0x080089e0   0x000000a8   Code   RO         6633    i.my_mem_malloc     malloc.o
    0x08008a88   0x08008a88   0x00000040   Code   RO         6634    i.my_mem_perused    malloc.o
    0x08008ac8   0x08008ac8   0x00000014   Code   RO         6635    i.my_mem_set        malloc.o
    0x08008adc   0x08008adc   0x00000024   Code   RO         6636    i.myfree            malloc.o
    0x08008b00   0x08008b00   0x00000028   Code   RO         6637    i.mymalloc          malloc.o
    0x08008b28   0x08008b28   0x00000044   Code   RO         5187    i.norflash_erase_sector  norflash.o
    0x08008b6c   0x08008b6c   0x000000c0   Code   RO         5188    i.norflash_init     norflash.o
    0x08008c2c   0x08008c2c   0x00000050   Code   RO         5189    i.norflash_read     norflash.o
    0x08008c7c   0x08008c7c   0x00000050   Code   RO         5190    i.norflash_read_id  norflash.o
    0x08008ccc   0x08008ccc   0x0000005c   Code   RO         5191    i.norflash_read_sr  norflash.o
    0x08008d28   0x08008d28   0x00000034   Code   RO         5192    i.norflash_send_address  norflash.o
    0x08008d5c   0x08008d5c   0x00000014   Code   RO         5193    i.norflash_wait_busy  norflash.o
    0x08008d70   0x08008d70   0x000000b8   Code   RO         5194    i.norflash_write    norflash.o
    0x08008e28   0x08008e28   0x0000002c   Code   RO         5195    i.norflash_write_enable  norflash.o
    0x08008e54   0x08008e54   0x00000046   Code   RO         5196    i.norflash_write_nocheck  norflash.o
    0x08008e9a   0x08008e9a   0x00000002   PAD
    0x08008e9c   0x08008e9c   0x00000058   Code   RO         5197    i.norflash_write_page  norflash.o
    0x08008ef4   0x08008ef4   0x00000058   Code   RO         5198    i.norflash_write_sr  norflash.o
    0x08008f4c   0x08008f4c   0x0000000a   Code   RO         5387    i.oled_clear        oled.o
    0x08008f56   0x08008f56   0x00000002   PAD
    0x08008f58   0x08008f58   0x00000020   Code   RO         5397    i.oled_fill         oled.o
    0x08008f78   0x08008f78   0x00000038   Code   RO         5400    i.oled_i2c_init     oled.o
    0x08008fb0   0x08008fb0   0x000000b2   Code   RO         5401    i.oled_init         oled.o
    0x08009062   0x08009062   0x00000002   PAD
    0x08009064   0x08009064   0x00000040   Code   RO         5402    i.oled_refresh      oled.o
    0x080090a4   0x080090a4   0x00000002   Code   RO         5403    i.oled_show_char    oled.o
    0x080090a6   0x080090a6   0x00000036   Code   RO         5405    i.oled_show_string  oled.o
    0x080090dc   0x080090dc   0x00000024   Code   RO         5407    i.oled_write_cmd    oled.o
    0x08009100   0x08009100   0x00000040   Code   RO         5408    i.oled_write_data   oled.o
    0x08009140   0x08009140   0x0000008c   Code   RO         6138    i.pick_lfn          ff.o
    0x080091cc   0x080091cc   0x00000144   Code   RO         6139    i.put_fat           ff.o
    0x08009310   0x08009310   0x00000080   Code   RO         6140    i.put_lfn           ff.o
    0x08009390   0x08009390   0x00000042   Code   RO         6141    i.put_utf           ff.o
    0x080093d2   0x080093d2   0x00000006   Code   RO         6710    i.read_addr         usmart.o
    0x080093d8   0x080093d8   0x0000014a   Code   RO         6145    i.remove_chain      ff.o
    0x08009522   0x08009522   0x00000002   PAD
    0x08009524   0x08009524   0x00000050   Code   RO         5119    i.sd_init           sdio_sdcard.o
    0x08009574   0x08009574   0x00000050   Code   RO         5120    i.sd_read_disk      sdio_sdcard.o
    0x080095c4   0x080095c4   0x00000050   Code   RO         5121    i.sd_write_disk     sdio_sdcard.o
    0x08009614   0x08009614   0x00000080   Code   RO         5287    i.spi1_init         spi.o
    0x08009694   0x08009694   0x00000020   Code   RO         5288    i.spi1_read_write_byte  spi.o
    0x080096b4   0x080096b4   0x00000048   Code   RO         5289    i.spi1_set_speed    spi.o
    0x080096fc   0x080096fc   0x000001f0   Code   RO         5331    i.sram_init         sram.o
    0x080098ec   0x080098ec   0x00000024   Code   RO         6146    i.st_clust          ff.o
    0x08009910   0x08009910   0x00000018   Code   RO         6147    i.st_dword          ff.o
    0x08009928   0x08009928   0x0000005c   Code   RO         6148    i.st_qword          ff.o
    0x08009984   0x08009984   0x0000000c   Code   RO         6149    i.st_word           ff.o
    0x08009990   0x08009990   0x00000072   Code   RO         6150    i.store_xdir        ff.o
    0x08009a02   0x08009a02   0x00000020   Code   RO         6151    i.sum_sfn           ff.o
    0x08009a22   0x08009a22   0x00000002   PAD
    0x08009a24   0x08009a24   0x00000090   Code   RO         6152    i.sync_fs           ff.o
    0x08009ab4   0x08009ab4   0x0000004a   Code   RO         6153    i.sync_window       ff.o
    0x08009afe   0x08009afe   0x00000002   PAD
    0x08009b00   0x08009b00   0x000000cc   Code   RO          537    i.sys_stm32_clock_init  sys.o
    0x08009bcc   0x08009bcc   0x0000004c   Code   RO         6154    i.tchar2uni         ff.o
    0x08009c18   0x08009c18   0x00000038   Code   RO          611    i.usart_init        usart.o
    0x08009c50   0x08009c50   0x000000b0   Code   RO         6711    i.usmart_cmd_rec    usmart.o
    0x08009d00   0x08009d00   0x000002d4   Code   RO         6712    i.usmart_exe        usmart.o
    0x08009fd4   0x08009fd4   0x000000d4   Code   RO         6860    i.usmart_get_aparm  usmart_str.o
    0x0800a0a8   0x0800a0a8   0x00000036   Code   RO         6861    i.usmart_get_cmdname  usmart_str.o
    0x0800a0de   0x0800a0de   0x00000002   PAD
    0x0800a0e0   0x0800a0e0   0x000001c0   Code   RO         6862    i.usmart_get_fname  usmart_str.o
    0x0800a2a0   0x0800a2a0   0x0000010c   Code   RO         6863    i.usmart_get_fparam  usmart_str.o
    0x0800a3ac   0x0800a3ac   0x00000028   Code   RO         6810    i.usmart_get_input_string  usmart_port.o
    0x0800a3d4   0x0800a3d4   0x00000020   Code   RO         6864    i.usmart_get_parmpos  usmart_str.o
    0x0800a3f4   0x0800a3f4   0x00000028   Code   RO         6713    i.usmart_init       usmart.o
    0x0800a41c   0x0800a41c   0x00000016   Code   RO         6865    i.usmart_pow        usmart_str.o
    0x0800a432   0x0800a432   0x00000002   PAD
    0x0800a434   0x0800a434   0x000000a8   Code   RO         6714    i.usmart_scan       usmart.o
    0x0800a4dc   0x0800a4dc   0x00000016   Code   RO         6866    i.usmart_search_nextc  usmart_str.o
    0x0800a4f2   0x0800a4f2   0x00000106   Code   RO         6867    i.usmart_str2num    usmart_str.o
    0x0800a5f8   0x0800a5f8   0x00000022   Code   RO         6868    i.usmart_strcmp     usmart_str.o
    0x0800a61a   0x0800a61a   0x00000016   Code   RO         6869    i.usmart_strcopy    usmart_str.o
    0x0800a630   0x0800a630   0x00000018   Code   RO         6870    i.usmart_strlen     usmart_str.o
    0x0800a648   0x0800a648   0x000006f4   Code   RO         6715    i.usmart_sys_cmd_exe  usmart.o
    0x0800ad3c   0x0800ad3c   0x00000044   Code   RO         6811    i.usmart_timx_get_time  usmart_port.o
    0x0800ad80   0x0800ad80   0x00000064   Code   RO         6812    i.usmart_timx_init  usmart_port.o
    0x0800ade4   0x0800ade4   0x00000034   Code   RO         6813    i.usmart_timx_reset_time  usmart_port.o
    0x0800ae18   0x0800ae18   0x0000003c   Code   RO         6155    i.validate          ff.o
    0x0800ae54   0x0800ae54   0x0000000c   Code   RO         4960    i.vs10xx_get_fill_byte  atk_mo1053.o
    0x0800ae60   0x0800ae60   0x00000004   Code   RO         6716    i.write_addr        usmart.o
    0x0800ae64   0x0800ae64   0x0000003a   Code   RO         6156    i.xdir_sum          ff.o
    0x0800ae9e   0x0800ae9e   0x0000004c   Code   RO         6157    i.xname_sum         ff.o
    0x0800aeea   0x0800aeea   0x0000000a   Code   RO         7255    x$fpl$fpinit        fz_wm.l(fpinit.o)
    0x0800aef4   0x0800aef4   0x00000018   Data   RO          346    .constdata          system_stm32f4xx.o
    0x0800af0c   0x0800af0c   0x00002a72   Data   RO          392    .constdata          music_player.o
    0x0800d97e   0x0800d97e   0x00000008   Data   RO         3420    .constdata          stm32f4xx_hal_dma.o
    0x0800d986   0x0800d986   0x00000040   Data   RO         4961    .constdata          atk_mo1053.o
    0x0800d9c6   0x0800d9c6   0x00000002   PAD
    0x0800d9c8   0x0800d9c8   0x000000c4   Data   RO         5751    .constdata          exfuns.o
    0x0800da8c   0x0800da8c   0x000002ae   Data   RO         5999    .constdata          myffunicode.o
    0x0800dd3a   0x0800dd3a   0x00000002   PAD
    0x0800dd3c   0x0800dd3c   0x00000058   Data   RO         6159    .constdata          ff.o
    0x0800dd94   0x0800dd94   0x00000018   Data   RO         6642    .constdata          malloc.o
    0x0800ddac   0x0800ddac   0x00000028   Data   RO         7033    .constdata          c_w.l(_printf_hex_int.o)
    0x0800ddd4   0x0800ddd4   0x00000011   Data   RO         7068    .constdata          c_w.l(__printf_flags_ss_wp.o)
    0x0800dde5   0x0800dde5   0x00000003   PAD
    0x0800dde8   0x0800dde8   0x00000054   Data   RO         5752    .conststring        exfuns.o
    0x0800de3c   0x0800de3c   0x00000028   Data   RO         6717    .conststring        usmart.o
    0x0800de64   0x0800de64   0x00000195   Data   RO         6784    .conststring        usmart_config.o
    0x0800dff9   0x0800dff9   0x00000003   PAD
    0x0800dffc   0x0800dffc   0x00000020   Data   RO         7347    Region$$Table       anon$$obj.o


    Execution Region RW_IRAM1 (Exec base: 0x20000000, Load base: 0x0800e01c, Size: 0x0000d528, Max: 0x00020000, ABSOLUTE, COMPRESSED[0x0000009c])

    Exec Addr    Load Addr    Size         Type   Attr      Idx    E Section Name        Object

    0x20000000   COMPRESSED   0x00000004   Data   RW          347    .data               system_stm32f4xx.o
    0x20000004   COMPRESSED   0x00000004   Data   RW          491    .data               delay.o
    0x20000008   COMPRESSED   0x00000007   Data   RW          613    .data               usart.o
    0x2000000f   COMPRESSED   0x00000001   PAD
    0x20000010   COMPRESSED   0x00000009   Data   RW          806    .data               stm32f4xx_hal.o
    0x20000019   COMPRESSED   0x00000001   Data   RW         4906    .data               key.o
    0x2000001a   COMPRESSED   0x00000008   Data   RW         4962    .data               atk_mo1053.o
    0x20000022   COMPRESSED   0x00000002   Data   RW         5200    .data               norflash.o
    0x20000024   COMPRESSED   0x00000008   Data   RW         5753    .data               exfuns.o
    0x2000002c   COMPRESSED   0x0000000a   Data   RW         6160    .data               ff.o
    0x20000036   COMPRESSED   0x00000002   PAD
    0x20000038   COMPRESSED   0x0000001c   Data   RW         6643    .data               malloc.o
    0x20000054   COMPRESSED   0x0000001c   Data   RW         6718    .data               usmart.o
    0x20000070   COMPRESSED   0x00000144   Data   RW         6785    .data               usmart_config.o
    0x200001b4        -       0x0000010c   Zero   RW          391    .bss                music_player.o
    0x200002c0        -       0x0000010c   Zero   RW          612    .bss                usart.o
    0x200003cc        -       0x00000988   Zero   RW          695    .bss                uart_esp32.o
    0x20000d54        -       0x000002a4   Zero   RW         5122    .bss                sdio_sdcard.o
    0x20000ff8        -       0x00001000   Zero   RW         5199    .bss                norflash.o
    0x20001ff8        -       0x00000058   Zero   RW         5290    .bss                spi.o
    0x20002050        -       0x00000050   Zero   RW         5336    .bss                sram.o
    0x200020a0        -       0x00000454   Zero   RW         5409    .bss                oled.o
    0x200024f4   COMPRESSED   0x00000004   PAD
    0x200024f8        -       0x00000180   Zero   RW         5846    .bss                fattester.o
    0x20002678   COMPRESSED   0x00000008   PAD
    0x20002680        -       0x0000aa00   Zero   RW         6641    .bss                malloc.o
    0x2000d080        -       0x00000048   Zero   RW         6814    .bss                usmart_port.o
    0x2000d0c8        -       0x00000060   Zero   RW         7209    .bss                c_w.l(libspace.o)
    0x2000d128        -       0x00000000   Zero   RW            2    HEAP                startup_stm32f407xx.o
    0x2000d128        -       0x00000400   Zero   RW            1    STACK               startup_stm32f407xx.o



  Load Region LR$$.ARM.__AT_0x68000000 (Base: 0x68000000, Size: 0x00000000, Max: 0x000f0c00, ABSOLUTE)

    Execution Region ER$$.ARM.__AT_0x68000000 (Exec base: 0x68000000, Load base: 0x68000000, Size: 0x000f0c00, Max: 0x000f0c00, ABSOLUTE, UNINIT)

    Exec Addr    Load Addr    Size         Type   Attr      Idx    E Section Name        Object

    0x68000000        -       0x000f0c00   Zero   RW         6639    .ARM.__AT_0x68000000  malloc.o



  Load Region LR$$.ARM.__AT_0x680F0C00 (Base: 0x680f0c00, Size: 0x00000000, Max: 0x0000f0c0, ABSOLUTE)

    Execution Region ER$$.ARM.__AT_0x680F0C00 (Exec base: 0x680f0c00, Load base: 0x680f0c00, Size: 0x0000f0c0, Max: 0x0000f0c0, ABSOLUTE, UNINIT)

    Exec Addr    Load Addr    Size         Type   Attr      Idx    E Section Name        Object

    0x680f0c00        -       0x0000f0c0   Zero   RW         6640    .ARM.__AT_0x680F0C00  malloc.o


==============================================================================

Image component sizes


      Code (inc. data)   RO Data    RW Data    ZI Data      Debug   Object Name

      1674         80         64          8          0      17870   atk_mo1053.o
       154          8          0          4          0       2611   delay.o
       482          4          0          0          0       5314   diskio.o
       286         10        280          8          0       3152   exfuns.o
        96         12          0          0        384       1808   fattester.o
     11572        116         88         10          0      76096   ff.o
        32          0          0          0          0       1661   ffsystem.o
       348         18          0          1          0       1702   key.o
       152         10          0          0          0        927   led.o
       292        146          0          0          0     741751   main.o
       484         54         24         28    1091264       6427   malloc.o
      2120        654      10866          0        268      11939   music_player.o
       204         20        686          0          0       2440   myffunicode.o
      1058         56          0          2       4096       8508   norflash.o
       624         48          0          0       1108       6618   oled.o
       644         52          0          0        676       4596   sdio_sdcard.o
       420         36          0          0         88       2927   spi.o
       496         28          0          0         80       1581   sram.o
        76         28        392          0       1024        980   startup_stm32f407xx.o
       174         34          0          9          0       9814   stm32f4xx_hal.o
       344         22          0          0          0      35097   stm32f4xx_hal_cortex.o
      1244         16          8          0          0       5387   stm32f4xx_hal_dma.o
       564         46          0          0          0       3448   stm32f4xx_hal_gpio.o
      1600         32          0          0          0       8173   stm32f4xx_hal_i2c.o
      1820         84          0          0          0       5640   stm32f4xx_hal_rcc.o
      3226         34          0          0          0      13544   stm32f4xx_hal_sd.o
      1268         14          0          0          0       4837   stm32f4xx_hal_spi.o
        90          0          0          0          0       1779   stm32f4xx_hal_sram.o
       488         76          0          0          0       3268   stm32f4xx_hal_tim.o
      1792         16          0          0          0       8641   stm32f4xx_hal_uart.o
        32          0          0          0          0       4166   stm32f4xx_it.o
       232         10          0          0          0       2739   stm32f4xx_ll_fsmc.o
      2110         46          0          0          0      24431   stm32f4xx_ll_sdmmc.o
       204         12          0          0          0       1347   sys.o
        20          6         24          4          0       1347   system_stm32f4xx.o
       108         36          0          0       2440       5054   uart_esp32.o
       848         72          0          7        268       5941   usart.o
      2898       1308         40         28          0       5950   usmart.o
         0          0        405        324          0       1536   usmart_config.o
       328         50          0          0         72       3462   usmart_port.o
      1400         20          0          0          0       9353   usmart_str.o

    ----------------------------------------------------------------------
     42068       3314      12916        436    1101780    1063862   Object Totals
         0          0         32          0          0          0   (incl. Generated)
        64          0          7          3         12          0   (incl. Padding)

    ----------------------------------------------------------------------

      Code (inc. data)   RO Data    RW Data    ZI Data      Debug   Library Member Name

        90          0          0          0          0          0   __dczerorl2.o
         8          0          0          0          0         68   __main.o
       392          4         17          0          0         92   __printf_flags_ss_wp.o
        14          0          0          0          0         68   __printf_wp.o
         0          0          0          0          0          0   __rtentry.o
        12          0          0          0          0          0   __rtentry2.o
         6          0          0          0          0          0   __rtentry4.o
        52          8          0          0          0          0   __scatter.o
        28          0          0          0          0          0   __scatter_zi.o
         6          0          0          0          0          0   _printf_c.o
        44          0          0          0          0        108   _printf_char.o
        48          6          0          0          0         96   _printf_char_common.o
        36          4          0          0          0         80   _printf_char_file.o
         6          0          0          0          0          0   _printf_d.o
       120         16          0          0          0         92   _printf_dec.o
        88          4         40          0          0         88   _printf_hex_int.o
       178          0          0          0          0         88   _printf_intcommon.o
        78          0          0          0          0        108   _printf_pad.o
         0          0          0          0          0          0   _printf_percent.o
         4          0          0          0          0          0   _printf_percent_end.o
         6          0          0          0          0          0   _printf_s.o
        82          0          0          0          0         80   _printf_str.o
         6          0          0          0          0          0   _printf_u.o
         6          0          0          0          0          0   _printf_x.o
        16          0          0          0          0         68   _snputc.o
        10          0          0          0          0         68   _sputc.o
        16          0          0          0          0         68   aeabi_memset.o
        18          0          0          0          0         80   exit.o
         8          0          0          0          0         68   ferror.o
         6          0          0          0          0        152   heapauxi.o
         2          0          0          0          0          0   libinit.o
         6          0          0          0          0          0   libinit2.o
         2          0          0          0          0          0   libshutdown.o
         2          0          0          0          0          0   libshutdown2.o
         8          4          0          0         96         68   libspace.o
        72          0          0          0          0         76   llsdiv.o
       238          0          0          0          0        100   lludivv7m.o
        24          4          0          0          0         84   noretval__2printf.o
        52          4          0          0          0         84   noretval__2snprintf.o
        68          0          0          0          0         68   rt_memclr.o
        78          0          0          0          0         80   rt_memclr_w.o
         2          0          0          0          0          0   rtexit.o
        10          0          0          0          0          0   rtexit2.o
       128          0          0          0          0         68   strcmpv7m.o
        72          0          0          0          0         80   strcpy.o
        86          0          0          0          0         76   strncpy.o
        74          0          0          0          0         80   sys_stackheap_outer.o
         2          0          0          0          0         68   use_no_semi.o
         2          0          0          0          0         68   use_no_semi_2.o
        10          0          0          0          0        116   fpinit.o

    ----------------------------------------------------------------------
      2328         54         60          0         96       2588   Library Totals
         6          0          3          0          0          0   (incl. Padding)

    ----------------------------------------------------------------------

      Code (inc. data)   RO Data    RW Data    ZI Data      Debug   Library Name

      2312         54         57          0         96       2472   c_w.l
        10          0          0          0          0        116   fz_wm.l

    ----------------------------------------------------------------------
      2328         54         60          0         96       2588   Library Totals

    ----------------------------------------------------------------------

==============================================================================


      Code (inc. data)   RO Data    RW Data    ZI Data      Debug   

     44396       3368      12976        436    1101876    1034498   Grand Totals
     44396       3368      12976        156    1101876    1034498   ELF Image Totals (compressed)
     44396       3368      12976        156          0          0   ROM Totals

==============================================================================

    Total RO  Size (Code + RO Data)                57372 (  56.03kB)
    Total RW  Size (RW Data + ZI Data)           1102312 (1076.48kB)
    Total ROM Size (Code + RO Data + RW Data)      57528 (  56.18kB)

==============================================================================

